Archive member included because of file (symbol)

../../BSP/Debug\libBSP.a(keypad.o)
                              ./lab13.o (keypad_scan)
../../BSP/Debug\libBSP.a(lcd.o)
                              ./lab13.o (lcd_init)
../../BSP/Debug\libBSP.a(leds.o)
                              ./lab13.o (leds_init)
../../BSP/Debug\libBSP.a(pbs.o)
                              ./lab13.o (pbs_init)
../../BSP/Debug\libBSP.a(rtc.o)
                              ./lab13.o (rtc_init)
../../BSP/Debug\libBSP.a(segs.o)
                              ./lab13.o (segs_init)
../../BSP/Debug\libBSP.a(system.o)
                              ./lab13.o (sys_init)
../../BSP/Debug\libBSP.a(timers.o)
                              ./lab13.o (timers_init)
../../BSP/Debug\libBSP.a(uart.o)
                              ./lab13.o (uart0_init)
../../BSP/Debug\libBSP.a(font8x16.o)
                              ../../BSP/Debug\libBSP.a(lcd.o) (font)
c:/eclipsearm/sourcery-g++-lite-arm-2011.03/bin/../lib/gcc/arm-none-eabi/4.5.2\libgcc.a(_udivsi3.o)
                              ../../BSP/Debug\libBSP.a(timers.o) (__aeabi_uidiv)
c:/eclipsearm/sourcery-g++-lite-arm-2011.03/bin/../lib/gcc/arm-none-eabi/4.5.2\libgcc.a(_dvmd_tls.o)
                              c:/eclipsearm/sourcery-g++-lite-arm-2011.03/bin/../lib/gcc/arm-none-eabi/4.5.2\libgcc.a(_udivsi3.o) (__aeabi_idiv0)
c:/eclipsearm/sourcery-g++-lite-arm-2011.03/bin/../lib/gcc/arm-none-eabi/4.5.2\libgcc.a(_aeabi_uldivmod.o)
                              ../../BSP/Debug\libBSP.a(timers.o) (__aeabi_uldivmod)
c:/eclipsearm/sourcery-g++-lite-arm-2011.03/bin/../lib/gcc/arm-none-eabi/4.5.2\libgcc.a(bpabi.o)
                              c:/eclipsearm/sourcery-g++-lite-arm-2011.03/bin/../lib/gcc/arm-none-eabi/4.5.2\libgcc.a(_aeabi_uldivmod.o) (__gnu_uldivmod_helper)
c:/eclipsearm/sourcery-g++-lite-arm-2011.03/bin/../lib/gcc/arm-none-eabi/4.5.2\libgcc.a(_divdi3.o)
                              c:/eclipsearm/sourcery-g++-lite-arm-2011.03/bin/../lib/gcc/arm-none-eabi/4.5.2\libgcc.a(bpabi.o) (__divdi3)
c:/eclipsearm/sourcery-g++-lite-arm-2011.03/bin/../lib/gcc/arm-none-eabi/4.5.2\libgcc.a(_udivdi3.o)
                              c:/eclipsearm/sourcery-g++-lite-arm-2011.03/bin/../lib/gcc/arm-none-eabi/4.5.2\libgcc.a(bpabi.o) (__udivdi3)
c:/eclipsearm/sourcery-g++-lite-arm-2011.03/bin/../lib/gcc/arm-none-eabi/4.5.2\libgcc.a(_clzsi2.o)
                              c:/eclipsearm/sourcery-g++-lite-arm-2011.03/bin/../lib/gcc/arm-none-eabi/4.5.2\libgcc.a(_divdi3.o) (__clzsi2)

Allocating common symbols
Common symbol       size              file

scancode            0x1               ./lab13.o

Memory Configuration

Name             Origin             Length             Attributes
*default*        0x00000000         0xffffffff

Linker script and memory map

LOAD ./kernelcoop.o
LOAD ./lab13.o
LOAD ../../BSP/Debug\libBSP.a
START GROUP
LOAD c:/eclipsearm/sourcery-g++-lite-arm-2011.03/bin/../lib/gcc/arm-none-eabi/4.5.2\libgcc.a
LOAD c:/eclipsearm/sourcery-g++-lite-arm-2011.03/bin/../lib/gcc/arm-none-eabi/4.5.2/../../../../arm-none-eabi/lib\libc.a
END GROUP
                0x0c100000                . = 0xc100000

.text           0x0c100000     0x5cc4
 *(.text)
 .text          0x0c100000      0x580 ./kernelcoop.o
                0x0c100000                delete_task
                0x0c1000f8                create_task
                0x0c1002a0                scheduler_init
                0x0c1002e8                scheduler
                0x0c100470                dispacher
 .text          0x0c100580      0x72c ./lab13.o
                0x0c100580                main
                0x0c1006cc                Task1
                0x0c100740                Task2
                0x0c10089c                Task3
                0x0c100948                Task4
                0x0c1009e8                Task5
                0x0c100a8c                Task6
                0x0c100b18                Task7
                0x0c100bc4                Task8
                0x0c100c50                isr_pb
 .text          0x0c100cac      0x6d0 ../../BSP/Debug\libBSP.a(keypad.o)
                0x0c100cac                keypad_scan
                0x0c100ed0                keypad_status
                0x0c100f18                keypad_open
                0x0c100f70                keypad_close
                0x0c100fb4                keypad_init
                0x0c100fe8                keypad_wait_keydown
                0x0c10106c                keypad_wait_keyup
                0x0c1010f0                keypad_wait_any_keydown
                0x0c10114c                keypad_wait_any_keyup
                0x0c1011a0                keypad_getchar
                0x0c101214                keypad_getchartime
                0x0c1012bc                keypad_timeout_getchar
 .text          0x0c10137c     0x1298 ../../BSP/Debug\libBSP.a(lcd.o)
                0x0c10137c                lcd_init
                0x0c101500                lcd_on
                0x0c10152c                lcd_off
                0x0c101558                lcd_status
                0x0c101598                lcd_clear
                0x0c101624                lcd_putpixel
                0x0c101710                lcd_getpixel
                0x0c1017ec                lcd_draw_hline
                0x0c10189c                lcd_draw_vline
                0x0c10194c                lcd_draw_box
                0x0c101a04                lcd_putchar
                0x0c101b58                lcd_puts
                0x0c101c1c                lcd_putint
                0x0c101d68                lcd_puthex
                0x0c101e48                lcd_putchar_x2
                0x0c1021c8                lcd_puts_x2
                0x0c10228c                lcd_putint_x2
                0x0c1023d8                lcd_puthex_x2
                0x0c1024b8                lcd_putWallpaper
 .text          0x0c102614      0x208 ../../BSP/Debug\libBSP.a(leds.o)
                0x0c102614                leds_init
                0x0c102654                led_on
                0x0c1026b4                led_off
                0x0c102714                led_toggle
                0x0c102774                led_status
 .text          0x0c10281c      0x4e4 ../../BSP/Debug\libBSP.a(pbs.o)
                0x0c10281c                pbs_init
                0x0c102838                pb_scan
                0x0c102890                pb_status
                0x0c1028e0                pb_wait_keydown
                0x0c10292c                pb_wait_keyup
                0x0c10299c                pb_wait_any_keydown
                0x0c1029ec                pb_wait_any_keyup
                0x0c102a70                pb_getchar
                0x0c102acc                pb_getchartime
                0x0c102b8c                pb_timeout_getchar
                0x0c102c54                pbs_open
                0x0c102cbc                pbs_close
 .text          0x0c102d00      0x934 ../../BSP/Debug\libBSP.a(rtc.o)
                0x0c102d00                rtc_init
                0x0c102e3c                rtc_puttime
                0x0c1030f4                rtc_gettime
                0x0c10355c                rtc_open
                0x0c1035d8                rtc_close
 .text          0x0c103634       0xd4 ../../BSP/Debug\libBSP.a(segs.o)
                0x0c103634                segs_init
                0x0c103650                segs_off
                0x0c103688                segs_putchar
                0x0c1036e0                segs_status
 .text          0x0c103708      0xb34 ../../BSP/Debug\libBSP.a(system.o)
                0x0c103708                sys_init
                0x0c103c68                isr_SWI_dummy
                0x0c103c94                isr_UNDEF_dummy
                0x0c103cc0                isr_IRQ_dummy
                0x0c103cec                isr_FIQ_dummy
                0x0c103d18                isr_PABORT_dummy
                0x0c103d44                isr_DABORT_dummy
                0x0c103d70                isr_ADC_dummy
                0x0c103d9c                isr_RTC_dummy
                0x0c103dc8                isr_UTXD1_dummy
                0x0c103df4                isr_UTXD0_dummy
                0x0c103e20                isr_SIO_dummy
                0x0c103e4c                isr_IIC_dummy
                0x0c103e78                isr_URXD1_dummy
                0x0c103ea4                isr_URXD0_dummy
                0x0c103ed0                isr_TIMER5_dummy
                0x0c103efc                isr_TIMER4_dummy
                0x0c103f28                isr_TIMER3_dummy
                0x0c103f54                isr_TIMER2_dummy
                0x0c103f80                isr_TIMER1_dummy
                0x0c103fac                isr_TIMER0_dummy
                0x0c103fd8                isr_UERR01_dummy
                0x0c104004                isr_WDT_dummy
                0x0c104030                isr_BDMA1_dummy
                0x0c10405c                isr_BDMA0_dummy
                0x0c104088                isr_ZDMA1_dummy
                0x0c1040b4                isr_ZDMA0_dummy
                0x0c1040e0                isr_TICK_dummy
                0x0c10410c                isr_PB_dummy
                0x0c104138                isr_ETHERNET_dummy
                0x0c104164                isr_TS_dummy
                0x0c104190                isr_KEYPAD_dummy
                0x0c1041bc                isr_USB_dummy
                0x0c10420c                sleep
 .text          0x0c10423c      0x9f0 ../../BSP/Debug\libBSP.a(timers.o)
                0x0c10423c                timers_init
                0x0c1043f4                timer3_delay_ms
                0x0c1044d4                sw_delay_ms
                0x0c10452c                timer3_delay_s
                0x0c1045fc                sw_delay_s
                0x0c104654                timer3_start
                0x0c104704                timer3_stop
                0x0c104758                timer3_start_timeout
                0x0c104810                timer3_timeout
                0x0c10484c                timer0_open_tick
                0x0c104a8c                timer0_open_ms
                0x0c104b98                timer0_close
 .text          0x0c104c2c      0x5a0 ../../BSP/Debug\libBSP.a(uart.o)
                0x0c104c2c                uart0_init
                0x0c104c90                uart0_putchar
                0x0c104ce0                uart0_getchar
                0x0c104d28                uart0_puts
                0x0c104d78                uart0_putint
                0x0c104e8c                uart0_puthex
                0x0c104f44                uart0_gets
                0x0c104fb0                uart0_getint
                0x0c1050a0                uart0_gethex
 .text          0x0c1051cc        0x0 ../../BSP/Debug\libBSP.a(font8x16.o)
 .text          0x0c1051cc      0x114 c:/eclipsearm/sourcery-g++-lite-arm-2011.03/bin/../lib/gcc/arm-none-eabi/4.5.2\libgcc.a(_udivsi3.o)
                0x0c1051cc                __aeabi_uidiv
                0x0c1051cc                __udivsi3
                0x0c1052c0                __aeabi_uidivmod
 .text          0x0c1052e0        0x4 c:/eclipsearm/sourcery-g++-lite-arm-2011.03/bin/../lib/gcc/arm-none-eabi/4.5.2\libgcc.a(_dvmd_tls.o)
                0x0c1052e0                __aeabi_idiv0
                0x0c1052e0                __aeabi_ldiv0
 .text          0x0c1052e4       0x3c c:/eclipsearm/sourcery-g++-lite-arm-2011.03/bin/../lib/gcc/arm-none-eabi/4.5.2\libgcc.a(_aeabi_uldivmod.o)
                0x0c1052e4                __aeabi_uldivmod
 .text          0x0c105320       0x80 c:/eclipsearm/sourcery-g++-lite-arm-2011.03/bin/../lib/gcc/arm-none-eabi/4.5.2\libgcc.a(bpabi.o)
                0x0c105320                __gnu_ldivmod_helper
                0x0c105360                __gnu_uldivmod_helper
 .text          0x0c1053a0      0x4a8 c:/eclipsearm/sourcery-g++-lite-arm-2011.03/bin/../lib/gcc/arm-none-eabi/4.5.2\libgcc.a(_divdi3.o)
                0x0c1053a0                __divdi3
 .text          0x0c105848      0x434 c:/eclipsearm/sourcery-g++-lite-arm-2011.03/bin/../lib/gcc/arm-none-eabi/4.5.2\libgcc.a(_udivdi3.o)
                0x0c105848                __udivdi3
 .text          0x0c105c7c       0x48 c:/eclipsearm/sourcery-g++-lite-arm-2011.03/bin/../lib/gcc/arm-none-eabi/4.5.2\libgcc.a(_clzsi2.o)
                0x0c105c7c                __clzsi2

.glue_7         0x0c105cc4        0x0
 .glue_7        0x00000000        0x0 linker stubs

.glue_7t        0x0c105cc4        0x0
 .glue_7t       0x00000000        0x0 linker stubs

.vfp11_veneer   0x0c105cc4        0x0
 .vfp11_veneer  0x00000000        0x0 linker stubs

.v4_bx          0x0c105cc4        0x0
 .v4_bx         0x00000000        0x0 linker stubs

.rodata         0x0c105cc4     0x17b8
 *(.rodata)
 .rodata        0x0c105cc4      0x1b4 ./lab13.o
 .rodata        0x0c105e78       0x10 ../../BSP/Debug\libBSP.a(segs.o)
 .rodata        0x0c105e88      0x5f4 ../../BSP/Debug\libBSP.a(system.o)
 .rodata        0x0c10647c     0x1000 ../../BSP/Debug\libBSP.a(font8x16.o)
                0x0c10647c                font

.ARM.extab      0x0c10747c        0x0
 .ARM.extab     0x0c10747c        0x0 c:/eclipsearm/sourcery-g++-lite-arm-2011.03/bin/../lib/gcc/arm-none-eabi/4.5.2\libgcc.a(_divdi3.o)
 .ARM.extab     0x0c10747c        0x0 c:/eclipsearm/sourcery-g++-lite-arm-2011.03/bin/../lib/gcc/arm-none-eabi/4.5.2\libgcc.a(_udivdi3.o)

.ARM.exidx      0x0c10747c        0x8
 .ARM.exidx     0x0c10747c        0x8 c:/eclipsearm/sourcery-g++-lite-arm-2011.03/bin/../lib/gcc/arm-none-eabi/4.5.2\libgcc.a(_divdi3.o)
 .ARM.exidx     0x0c107484        0x0 c:/eclipsearm/sourcery-g++-lite-arm-2011.03/bin/../lib/gcc/arm-none-eabi/4.5.2\libgcc.a(_udivdi3.o)
                                  0x8 (size before relaxing)

.data           0x0c107484        0x0
 *(.data)
 .data          0x0c107484        0x0 ./kernelcoop.o
 .data          0x0c107484        0x0 ./lab13.o
 .data          0x0c107484        0x0 ../../BSP/Debug\libBSP.a(keypad.o)
 .data          0x0c107484        0x0 ../../BSP/Debug\libBSP.a(lcd.o)
 .data          0x0c107484        0x0 ../../BSP/Debug\libBSP.a(leds.o)
 .data          0x0c107484        0x0 ../../BSP/Debug\libBSP.a(pbs.o)
 .data          0x0c107484        0x0 ../../BSP/Debug\libBSP.a(rtc.o)
 .data          0x0c107484        0x0 ../../BSP/Debug\libBSP.a(segs.o)
 .data          0x0c107484        0x0 ../../BSP/Debug\libBSP.a(system.o)
 .data          0x0c107484        0x0 ../../BSP/Debug\libBSP.a(timers.o)
 .data          0x0c107484        0x0 ../../BSP/Debug\libBSP.a(uart.o)
 .data          0x0c107484        0x0 ../../BSP/Debug\libBSP.a(font8x16.o)
 .data          0x0c107484        0x0 c:/eclipsearm/sourcery-g++-lite-arm-2011.03/bin/../lib/gcc/arm-none-eabi/4.5.2\libgcc.a(_udivsi3.o)
 .data          0x0c107484        0x0 c:/eclipsearm/sourcery-g++-lite-arm-2011.03/bin/../lib/gcc/arm-none-eabi/4.5.2\libgcc.a(_dvmd_tls.o)
 .data          0x0c107484        0x0 c:/eclipsearm/sourcery-g++-lite-arm-2011.03/bin/../lib/gcc/arm-none-eabi/4.5.2\libgcc.a(_aeabi_uldivmod.o)
 .data          0x0c107484        0x0 c:/eclipsearm/sourcery-g++-lite-arm-2011.03/bin/../lib/gcc/arm-none-eabi/4.5.2\libgcc.a(bpabi.o)
 .data          0x0c107484        0x0 c:/eclipsearm/sourcery-g++-lite-arm-2011.03/bin/../lib/gcc/arm-none-eabi/4.5.2\libgcc.a(_divdi3.o)
 .data          0x0c107484        0x0 c:/eclipsearm/sourcery-g++-lite-arm-2011.03/bin/../lib/gcc/arm-none-eabi/4.5.2\libgcc.a(_udivdi3.o)
 .data          0x0c107484        0x0 c:/eclipsearm/sourcery-g++-lite-arm-2011.03/bin/../lib/gcc/arm-none-eabi/4.5.2\libgcc.a(_clzsi2.o)

.bss            0x0c107484     0x96dd
 *(.bss)
 .bss           0x0c107484       0xc8 ./kernelcoop.o
 .bss           0x0c10754c        0x8 ./lab13.o
                0x0c10754c                flagTask5
                0x0c10754d                flagTask6
                0x0c10754e                flagTask7
                0x0c10754f                pb_pressed
 .bss           0x0c107554        0x0 ../../BSP/Debug\libBSP.a(keypad.o)
 .bss           0x0c107554     0x9600 ../../BSP/Debug\libBSP.a(lcd.o)
 .bss           0x0c110b54        0x0 ../../BSP/Debug\libBSP.a(leds.o)
 .bss           0x0c110b54        0x0 ../../BSP/Debug\libBSP.a(pbs.o)
 .bss           0x0c110b54        0x0 ../../BSP/Debug\libBSP.a(rtc.o)
 .bss           0x0c110b54        0x1 ../../BSP/Debug\libBSP.a(segs.o)
 .bss           0x0c110b55        0x0 ../../BSP/Debug\libBSP.a(system.o)
 *fill*         0x0c110b55        0x3 00
 .bss           0x0c110b58        0x8 ../../BSP/Debug\libBSP.a(timers.o)
 .bss           0x0c110b60        0x0 ../../BSP/Debug\libBSP.a(uart.o)
 .bss           0x0c110b60        0x0 ../../BSP/Debug\libBSP.a(font8x16.o)
 .bss           0x0c110b60        0x0 c:/eclipsearm/sourcery-g++-lite-arm-2011.03/bin/../lib/gcc/arm-none-eabi/4.5.2\libgcc.a(_udivsi3.o)
 .bss           0x0c110b60        0x0 c:/eclipsearm/sourcery-g++-lite-arm-2011.03/bin/../lib/gcc/arm-none-eabi/4.5.2\libgcc.a(_dvmd_tls.o)
 .bss           0x0c110b60        0x0 c:/eclipsearm/sourcery-g++-lite-arm-2011.03/bin/../lib/gcc/arm-none-eabi/4.5.2\libgcc.a(_aeabi_uldivmod.o)
 .bss           0x0c110b60        0x0 c:/eclipsearm/sourcery-g++-lite-arm-2011.03/bin/../lib/gcc/arm-none-eabi/4.5.2\libgcc.a(bpabi.o)
 .bss           0x0c110b60        0x0 c:/eclipsearm/sourcery-g++-lite-arm-2011.03/bin/../lib/gcc/arm-none-eabi/4.5.2\libgcc.a(_divdi3.o)
 .bss           0x0c110b60        0x0 c:/eclipsearm/sourcery-g++-lite-arm-2011.03/bin/../lib/gcc/arm-none-eabi/4.5.2\libgcc.a(_udivdi3.o)
 .bss           0x0c110b60        0x0 c:/eclipsearm/sourcery-g++-lite-arm-2011.03/bin/../lib/gcc/arm-none-eabi/4.5.2\libgcc.a(_clzsi2.o)
 COMMON         0x0c110b60        0x1 ./lab13.o
                0x0c110b60                scancode
                0x0c110b61                end = .
OUTPUT(lab13.elf elf32-littlearm)

.debug_abbrev   0x00000000      0x9e0
 .debug_abbrev  0x00000000       0xec ./kernelcoop.o
 .debug_abbrev  0x000000ec      0x12a ./lab13.o
 .debug_abbrev  0x00000216       0xe1 ../../BSP/Debug\libBSP.a(keypad.o)
 .debug_abbrev  0x000002f7      0x15e ../../BSP/Debug\libBSP.a(lcd.o)
 .debug_abbrev  0x00000455       0x8b ../../BSP/Debug\libBSP.a(leds.o)
 .debug_abbrev  0x000004e0       0xd2 ../../BSP/Debug\libBSP.a(pbs.o)
 .debug_abbrev  0x000005b2       0xbe ../../BSP/Debug\libBSP.a(rtc.o)
 .debug_abbrev  0x00000670       0xb3 ../../BSP/Debug\libBSP.a(segs.o)
 .debug_abbrev  0x00000723       0x89 ../../BSP/Debug\libBSP.a(system.o)
 .debug_abbrev  0x000007ac       0xdd ../../BSP/Debug\libBSP.a(timers.o)
 .debug_abbrev  0x00000889       0xf4 ../../BSP/Debug\libBSP.a(uart.o)
 .debug_abbrev  0x0000097d       0x63 ../../BSP/Debug\libBSP.a(font8x16.o)

.debug_info     0x00000000     0x1f9b
 .debug_info    0x00000000      0x201 ./kernelcoop.o
 .debug_info    0x00000201      0x3ab ./lab13.o
 .debug_info    0x000005ac      0x24f ../../BSP/Debug\libBSP.a(keypad.o)
 .debug_info    0x000007fb      0x806 ../../BSP/Debug\libBSP.a(lcd.o)
 .debug_info    0x00001001      0x12d ../../BSP/Debug\libBSP.a(leds.o)
 .debug_info    0x0000112e      0x240 ../../BSP/Debug\libBSP.a(pbs.o)
 .debug_info    0x0000136e      0x1ac ../../BSP/Debug\libBSP.a(rtc.o)
 .debug_info    0x0000151a      0x10d ../../BSP/Debug\libBSP.a(segs.o)
 .debug_info    0x00001627      0x390 ../../BSP/Debug\libBSP.a(system.o)
 .debug_info    0x000019b7      0x29d ../../BSP/Debug\libBSP.a(timers.o)
 .debug_info    0x00001c54      0x2b2 ../../BSP/Debug\libBSP.a(uart.o)
 .debug_info    0x00001f06       0x95 ../../BSP/Debug\libBSP.a(font8x16.o)

.debug_line     0x00000000      0xe84
 .debug_line    0x00000000       0xe8 ./kernelcoop.o
 .debug_line    0x000000e8      0x180 ./lab13.o
 .debug_line    0x00000268      0x17e ../../BSP/Debug\libBSP.a(keypad.o)
 .debug_line    0x000003e6      0x271 ../../BSP/Debug\libBSP.a(lcd.o)
 .debug_line    0x00000657       0xa8 ../../BSP/Debug\libBSP.a(leds.o)
 .debug_line    0x000006ff      0x144 ../../BSP/Debug\libBSP.a(pbs.o)
 .debug_line    0x00000843       0xec ../../BSP/Debug\libBSP.a(rtc.o)
 .debug_line    0x0000092f       0x93 ../../BSP/Debug\libBSP.a(segs.o)
 .debug_line    0x000009c2      0x1f0 ../../BSP/Debug\libBSP.a(system.o)
 .debug_line    0x00000bb2      0x173 ../../BSP/Debug\libBSP.a(timers.o)
 .debug_line    0x00000d25      0x109 ../../BSP/Debug\libBSP.a(uart.o)
 .debug_line    0x00000e2e       0x56 ../../BSP/Debug\libBSP.a(font8x16.o)

.debug_macinfo  0x00000000    0x35b01
 .debug_macinfo
                0x00000000     0x4326 ./kernelcoop.o
 .debug_macinfo
                0x00004326     0x5701 ./lab13.o
 .debug_macinfo
                0x00009a27     0x4e4c ../../BSP/Debug\libBSP.a(keypad.o)
 .debug_macinfo
                0x0000e873     0x439b ../../BSP/Debug\libBSP.a(lcd.o)
 .debug_macinfo
                0x00012c0e     0x432c ../../BSP/Debug\libBSP.a(leds.o)
 .debug_macinfo
                0x00016f3a     0x4d0b ../../BSP/Debug\libBSP.a(pbs.o)
 .debug_macinfo
                0x0001bc45     0x4c64 ../../BSP/Debug\libBSP.a(rtc.o)
 .debug_macinfo
                0x000208a9     0x4c77 ../../BSP/Debug\libBSP.a(segs.o)
 .debug_macinfo
                0x00025520     0x530a ../../BSP/Debug\libBSP.a(system.o)
 .debug_macinfo
                0x0002a82a     0x4c91 ../../BSP/Debug\libBSP.a(timers.o)
 .debug_macinfo
                0x0002f4bb     0x430d ../../BSP/Debug\libBSP.a(uart.o)
 .debug_macinfo
                0x000337c8     0x2339 ../../BSP/Debug\libBSP.a(font8x16.o)

.debug_loc      0x00000000     0x1684
 .debug_loc     0x00000000       0xdc ./kernelcoop.o
 .debug_loc     0x000000dc      0x1b8 ./lab13.o
 .debug_loc     0x00000294      0x210 ../../BSP/Debug\libBSP.a(keypad.o)
 .debug_loc     0x000004a4      0x344 ../../BSP/Debug\libBSP.a(lcd.o)
 .debug_loc     0x000007e8       0xdc ../../BSP/Debug\libBSP.a(leds.o)
 .debug_loc     0x000008c4      0x210 ../../BSP/Debug\libBSP.a(pbs.o)
 .debug_loc     0x00000ad4       0xdc ../../BSP/Debug\libBSP.a(rtc.o)
 .debug_loc     0x00000bb0       0xb0 ../../BSP/Debug\libBSP.a(segs.o)
 .debug_loc     0x00000c60      0x65c ../../BSP/Debug\libBSP.a(system.o)
 .debug_loc     0x000012bc      0x23c ../../BSP/Debug\libBSP.a(timers.o)
 .debug_loc     0x000014f8      0x18c ../../BSP/Debug\libBSP.a(uart.o)

.debug_pubnames
                0x00000000      0x999
 .debug_pubnames
                0x00000000       0x61 ./kernelcoop.o
 .debug_pubnames
                0x00000061       0xbc ./lab13.o
 .debug_pubnames
                0x0000011d      0x10e ../../BSP/Debug\libBSP.a(keypad.o)
 .debug_pubnames
                0x0000022b      0x143 ../../BSP/Debug\libBSP.a(lcd.o)
 .debug_pubnames
                0x0000036e       0x55 ../../BSP/Debug\libBSP.a(leds.o)
 .debug_pubnames
                0x000003c3       0xe1 ../../BSP/Debug\libBSP.a(pbs.o)
 .debug_pubnames
                0x000004a4       0x5a ../../BSP/Debug\libBSP.a(rtc.o)
 .debug_pubnames
                0x000004fe       0x4e ../../BSP/Debug\libBSP.a(segs.o)
 .debug_pubnames
                0x0000054c      0x29d ../../BSP/Debug\libBSP.a(system.o)
 .debug_pubnames
                0x000007e9       0xee ../../BSP/Debug\libBSP.a(timers.o)
 .debug_pubnames
                0x000008d7       0xa7 ../../BSP/Debug\libBSP.a(uart.o)
 .debug_pubnames
                0x0000097e       0x1b ../../BSP/Debug\libBSP.a(font8x16.o)

.debug_pubtypes
                0x00000000      0x249
 .debug_pubtypes
                0x00000000       0x34 ./kernelcoop.o
 .debug_pubtypes
                0x00000034       0x42 ./lab13.o
 .debug_pubtypes
                0x00000076       0x32 ../../BSP/Debug\libBSP.a(keypad.o)
 .debug_pubtypes
                0x000000a8       0x3c ../../BSP/Debug\libBSP.a(lcd.o)
 .debug_pubtypes
                0x000000e4       0x27 ../../BSP/Debug\libBSP.a(leds.o)
 .debug_pubtypes
                0x0000010b       0x32 ../../BSP/Debug\libBSP.a(pbs.o)
 .debug_pubtypes
                0x0000013d       0x36 ../../BSP/Debug\libBSP.a(rtc.o)
 .debug_pubtypes
                0x00000173       0x1c ../../BSP/Debug\libBSP.a(segs.o)
 .debug_pubtypes
                0x0000018f       0x27 ../../BSP/Debug\libBSP.a(system.o)
 .debug_pubtypes
                0x000001b6       0x3d ../../BSP/Debug\libBSP.a(timers.o)
 .debug_pubtypes
                0x000001f3       0x3a ../../BSP/Debug\libBSP.a(uart.o)
 .debug_pubtypes
                0x0000022d       0x1c ../../BSP/Debug\libBSP.a(font8x16.o)

.debug_aranges  0x00000000      0x160
 .debug_aranges
                0x00000000       0x20 ./kernelcoop.o
 .debug_aranges
                0x00000020       0x20 ./lab13.o
 .debug_aranges
                0x00000040       0x20 ../../BSP/Debug\libBSP.a(keypad.o)
 .debug_aranges
                0x00000060       0x20 ../../BSP/Debug\libBSP.a(lcd.o)
 .debug_aranges
                0x00000080       0x20 ../../BSP/Debug\libBSP.a(leds.o)
 .debug_aranges
                0x000000a0       0x20 ../../BSP/Debug\libBSP.a(pbs.o)
 .debug_aranges
                0x000000c0       0x20 ../../BSP/Debug\libBSP.a(rtc.o)
 .debug_aranges
                0x000000e0       0x20 ../../BSP/Debug\libBSP.a(segs.o)
 .debug_aranges
                0x00000100       0x20 ../../BSP/Debug\libBSP.a(system.o)
 .debug_aranges
                0x00000120       0x20 ../../BSP/Debug\libBSP.a(timers.o)
 .debug_aranges
                0x00000140       0x20 ../../BSP/Debug\libBSP.a(uart.o)

.debug_str      0x00000000      0x96d
 .debug_str     0x00000000      0x128 ./kernelcoop.o
                                0x141 (size before relaxing)
 .debug_str     0x00000128       0x95 ./lab13.o
                                0x180 (size before relaxing)
 .debug_str     0x000001bd      0x123 ../../BSP/Debug\libBSP.a(keypad.o)
                                0x1ae (size before relaxing)
 .debug_str     0x000002e0      0x150 ../../BSP/Debug\libBSP.a(lcd.o)
                                0x22f (size before relaxing)
 .debug_str     0x00000430       0x3d ../../BSP/Debug\libBSP.a(leds.o)
                                 0xff (size before relaxing)
 .debug_str     0x0000046d       0xac ../../BSP/Debug\libBSP.a(pbs.o)
                                0x17e (size before relaxing)
 .debug_str     0x00000519       0x4c ../../BSP/Debug\libBSP.a(rtc.o)
                                0x136 (size before relaxing)
 .debug_str     0x00000565       0x43 ../../BSP/Debug\libBSP.a(segs.o)
                                0x104 (size before relaxing)
 .debug_str     0x000005a8      0x23d ../../BSP/Debug\libBSP.a(system.o)
                                0x2ff (size before relaxing)
 .debug_str     0x000007e5       0xe5 ../../BSP/Debug\libBSP.a(timers.o)
                                0x1ae (size before relaxing)
 .debug_str     0x000008ca       0x91 ../../BSP/Debug\libBSP.a(uart.o)
                                0x163 (size before relaxing)
 .debug_str     0x0000095b       0x12 ../../BSP/Debug\libBSP.a(font8x16.o)
                                 0xd2 (size before relaxing)

.comment        0x00000000       0x2a
 .comment       0x00000000       0x2a ./kernelcoop.o
                                 0x2b (size before relaxing)
 .comment       0x00000000       0x2b ./lab13.o
 .comment       0x00000000       0x2b ../../BSP/Debug\libBSP.a(keypad.o)
 .comment       0x00000000       0x2b ../../BSP/Debug\libBSP.a(lcd.o)
 .comment       0x00000000       0x2b ../../BSP/Debug\libBSP.a(leds.o)
 .comment       0x00000000       0x2b ../../BSP/Debug\libBSP.a(pbs.o)
 .comment       0x00000000       0x2b ../../BSP/Debug\libBSP.a(rtc.o)
 .comment       0x00000000       0x2b ../../BSP/Debug\libBSP.a(segs.o)
 .comment       0x00000000       0x2b ../../BSP/Debug\libBSP.a(system.o)
 .comment       0x00000000       0x2b ../../BSP/Debug\libBSP.a(timers.o)
 .comment       0x00000000       0x2b ../../BSP/Debug\libBSP.a(uart.o)
 .comment       0x00000000       0x2b ../../BSP/Debug\libBSP.a(font8x16.o)

.ARM.attributes
                0x00000000       0x32
 .ARM.attributes
                0x00000000       0x32 ./kernelcoop.o
 .ARM.attributes
                0x00000032       0x32 ./lab13.o
 .ARM.attributes
                0x00000064       0x32 ../../BSP/Debug\libBSP.a(keypad.o)
 .ARM.attributes
                0x00000096       0x32 ../../BSP/Debug\libBSP.a(lcd.o)
 .ARM.attributes
                0x000000c8       0x32 ../../BSP/Debug\libBSP.a(leds.o)
 .ARM.attributes
                0x000000fa       0x32 ../../BSP/Debug\libBSP.a(pbs.o)
 .ARM.attributes
                0x0000012c       0x32 ../../BSP/Debug\libBSP.a(rtc.o)
 .ARM.attributes
                0x0000015e       0x32 ../../BSP/Debug\libBSP.a(segs.o)
 .ARM.attributes
                0x00000190       0x32 ../../BSP/Debug\libBSP.a(system.o)
 .ARM.attributes
                0x000001c2       0x32 ../../BSP/Debug\libBSP.a(timers.o)
 .ARM.attributes
                0x000001f4       0x32 ../../BSP/Debug\libBSP.a(uart.o)
 .ARM.attributes
                0x00000226       0x32 ../../BSP/Debug\libBSP.a(font8x16.o)
 .ARM.attributes
                0x00000258       0x1a c:/eclipsearm/sourcery-g++-lite-arm-2011.03/bin/../lib/gcc/arm-none-eabi/4.5.2\libgcc.a(_udivsi3.o)
 .ARM.attributes
                0x00000272       0x18 c:/eclipsearm/sourcery-g++-lite-arm-2011.03/bin/../lib/gcc/arm-none-eabi/4.5.2\libgcc.a(_dvmd_tls.o)
 .ARM.attributes
                0x0000028a       0x1a c:/eclipsearm/sourcery-g++-lite-arm-2011.03/bin/../lib/gcc/arm-none-eabi/4.5.2\libgcc.a(_aeabi_uldivmod.o)
 .ARM.attributes
                0x000002a4       0x34 c:/eclipsearm/sourcery-g++-lite-arm-2011.03/bin/../lib/gcc/arm-none-eabi/4.5.2\libgcc.a(bpabi.o)
 .ARM.attributes
                0x000002d8       0x34 c:/eclipsearm/sourcery-g++-lite-arm-2011.03/bin/../lib/gcc/arm-none-eabi/4.5.2\libgcc.a(_divdi3.o)
 .ARM.attributes
                0x0000030c       0x34 c:/eclipsearm/sourcery-g++-lite-arm-2011.03/bin/../lib/gcc/arm-none-eabi/4.5.2\libgcc.a(_udivdi3.o)
 .ARM.attributes
                0x00000340       0x1a c:/eclipsearm/sourcery-g++-lite-arm-2011.03/bin/../lib/gcc/arm-none-eabi/4.5.2\libgcc.a(_clzsi2.o)

.debug_frame    0x00000000     0x1394
 .debug_frame   0x00000000       0xbc ./kernelcoop.o
 .debug_frame   0x000000bc      0x158 ./lab13.o
 .debug_frame   0x00000214      0x190 ../../BSP/Debug\libBSP.a(keypad.o)
 .debug_frame   0x000003a4      0x270 ../../BSP/Debug\libBSP.a(lcd.o)
 .debug_frame   0x00000614       0xb0 ../../BSP/Debug\libBSP.a(leds.o)
 .debug_frame   0x000006c4      0x190 ../../BSP/Debug\libBSP.a(pbs.o)
 .debug_frame   0x00000854       0xb0 ../../BSP/Debug\libBSP.a(rtc.o)
 .debug_frame   0x00000904       0x90 ../../BSP/Debug\libBSP.a(segs.o)
 .debug_frame   0x00000994      0x630 ../../BSP/Debug\libBSP.a(system.o)
 .debug_frame   0x00000fc4      0x1b8 ../../BSP/Debug\libBSP.a(timers.o)
 .debug_frame   0x0000117c      0x130 ../../BSP/Debug\libBSP.a(uart.o)
 .debug_frame   0x000012ac       0x20 c:/eclipsearm/sourcery-g++-lite-arm-2011.03/bin/../lib/gcc/arm-none-eabi/4.5.2\libgcc.a(_udivsi3.o)
 .debug_frame   0x000012cc       0x50 c:/eclipsearm/sourcery-g++-lite-arm-2011.03/bin/../lib/gcc/arm-none-eabi/4.5.2\libgcc.a(bpabi.o)
 .debug_frame   0x0000131c       0x3c c:/eclipsearm/sourcery-g++-lite-arm-2011.03/bin/../lib/gcc/arm-none-eabi/4.5.2\libgcc.a(_divdi3.o)
 .debug_frame   0x00001358       0x3c c:/eclipsearm/sourcery-g++-lite-arm-2011.03/bin/../lib/gcc/arm-none-eabi/4.5.2\libgcc.a(_udivdi3.o)
