Archive member included because of file (symbol)

../../BSP/Debug\libBSP.a(iis.o)
                              ./lab9-efectos.o (iis_init)
../../BSP/Debug\libBSP.a(pbs.o)
                              ./lab9-efectos.o (pbs_init)
../../BSP/Debug\libBSP.a(segs.o)
                              ./lab9-efectos.o (segs_init)
../../BSP/Debug\libBSP.a(system.o)
                              ./lab9-efectos.o (sys_init)
../../BSP/Debug\libBSP.a(timers.o)
                              ../../BSP/Debug\libBSP.a(pbs.o) (timers_init)
../../BSP/Debug\libBSP.a(uart.o)
                              ./lab9-efectos.o (uart0_init)
../../BSP/Debug\libBSP.a(uda1341ts.o)
                              ./lab9-efectos.o (uda1341ts_init)
../../BSP/Debug\libBSP.a(dma.o)
                              ../../BSP/Debug\libBSP.a(iis.o) (bdma0_init)
../../BSP/Debug\libBSP.a(l3.o)
                              ../../BSP/Debug\libBSP.a(uda1341ts.o) (L3_init)
../../BSP/Debug\libBSP.a(leds.o)
                              ../../BSP/Debug\libBSP.a(l3.o) (led_status)
c:/eclipsearm/sourcery-g++-lite-arm-2011.03/bin/../lib/gcc/arm-none-eabi/4.5.2\libgcc.a(_udivsi3.o)
                              ../../BSP/Debug\libBSP.a(timers.o) (__aeabi_uidiv)
c:/eclipsearm/sourcery-g++-lite-arm-2011.03/bin/../lib/gcc/arm-none-eabi/4.5.2\libgcc.a(_dvmd_tls.o)
                              c:/eclipsearm/sourcery-g++-lite-arm-2011.03/bin/../lib/gcc/arm-none-eabi/4.5.2\libgcc.a(_udivsi3.o) (__aeabi_idiv0)
c:/eclipsearm/sourcery-g++-lite-arm-2011.03/bin/../lib/gcc/arm-none-eabi/4.5.2\libgcc.a(_aeabi_uldivmod.o)
                              ../../BSP/Debug\libBSP.a(timers.o) (__aeabi_uldivmod)
c:/eclipsearm/sourcery-g++-lite-arm-2011.03/bin/../lib/gcc/arm-none-eabi/4.5.2\libgcc.a(bpabi.o)
                              c:/eclipsearm/sourcery-g++-lite-arm-2011.03/bin/../lib/gcc/arm-none-eabi/4.5.2\libgcc.a(_aeabi_uldivmod.o) (__gnu_uldivmod_helper)
c:/eclipsearm/sourcery-g++-lite-arm-2011.03/bin/../lib/gcc/arm-none-eabi/4.5.2\libgcc.a(_divdi3.o)
                              c:/eclipsearm/sourcery-g++-lite-arm-2011.03/bin/../lib/gcc/arm-none-eabi/4.5.2\libgcc.a(bpabi.o) (__divdi3)
c:/eclipsearm/sourcery-g++-lite-arm-2011.03/bin/../lib/gcc/arm-none-eabi/4.5.2\libgcc.a(_udivdi3.o)
                              c:/eclipsearm/sourcery-g++-lite-arm-2011.03/bin/../lib/gcc/arm-none-eabi/4.5.2\libgcc.a(bpabi.o) (__udivdi3)
c:/eclipsearm/sourcery-g++-lite-arm-2011.03/bin/../lib/gcc/arm-none-eabi/4.5.2\libgcc.a(_clzsi2.o)
                              c:/eclipsearm/sourcery-g++-lite-arm-2011.03/bin/../lib/gcc/arm-none-eabi/4.5.2\libgcc.a(_divdi3.o) (__clzsi2)

Allocating common symbols
Common symbol       size              file

buffer              0x9c400           ./lab9-efectos.o
delay_buffer        0x1f406           ./lab9-efectos.o

Memory Configuration

Name             Origin             Length             Attributes
*default*        0x00000000         0xffffffff

Linker script and memory map

LOAD ./lab9-efectos.o
LOAD ../../BSP/Debug\libBSP.a
START GROUP
LOAD c:/eclipsearm/sourcery-g++-lite-arm-2011.03/bin/../lib/gcc/arm-none-eabi/4.5.2\libgcc.a
LOAD c:/eclipsearm/sourcery-g++-lite-arm-2011.03/bin/../lib/gcc/arm-none-eabi/4.5.2/../../../../arm-none-eabi/lib\libc.a
END GROUP
                0x0c100000                . = 0xc100000

.text           0x0c100000     0x49cc
 *(.text)
 .text          0x0c100000      0xf88 ./lab9-efectos.o
                0x0c100000                main
                0x0c100d38                audiodelay_init
                0x0c100df4                audiodelay_put
                0x0c100ebc                audiodelay_get
 .text          0x0c100f88      0x750 ../../BSP/Debug\libBSP.a(iis.o)
                0x0c100f88                iis_init
                0x0c1010c0                iis_putSample
                0x0c101124                iis_getSample
                0x0c101198                iis_play
                0x0c101368                iis_rec
                0x0c1014ec                iis_pause
                0x0c101540                iis_continue
                0x0c101594                iis_status
                0x0c1015d0                iis_playwawFile
 .text          0x0c1016d8      0x4e4 ../../BSP/Debug\libBSP.a(pbs.o)
                0x0c1016d8                pbs_init
                0x0c1016f4                pb_scan
                0x0c10174c                pb_status
                0x0c10179c                pb_wait_keydown
                0x0c1017e8                pb_wait_keyup
                0x0c101858                pb_wait_any_keydown
                0x0c1018a8                pb_wait_any_keyup
                0x0c10192c                pb_getchar
                0x0c101988                pb_getchartime
                0x0c101a48                pb_timeout_getchar
                0x0c101b10                pbs_open
                0x0c101b78                pbs_close
 .text          0x0c101bbc       0xd4 ../../BSP/Debug\libBSP.a(segs.o)
                0x0c101bbc                segs_init
                0x0c101bd8                segs_off
                0x0c101c10                segs_putchar
                0x0c101c68                segs_status
 .text          0x0c101c90      0xb34 ../../BSP/Debug\libBSP.a(system.o)
                0x0c101c90                sys_init
                0x0c1021f0                isr_SWI_dummy
                0x0c10221c                isr_UNDEF_dummy
                0x0c102248                isr_IRQ_dummy
                0x0c102274                isr_FIQ_dummy
                0x0c1022a0                isr_PABORT_dummy
                0x0c1022cc                isr_DABORT_dummy
                0x0c1022f8                isr_ADC_dummy
                0x0c102324                isr_RTC_dummy
                0x0c102350                isr_UTXD1_dummy
                0x0c10237c                isr_UTXD0_dummy
                0x0c1023a8                isr_SIO_dummy
                0x0c1023d4                isr_IIC_dummy
                0x0c102400                isr_URXD1_dummy
                0x0c10242c                isr_URXD0_dummy
                0x0c102458                isr_TIMER5_dummy
                0x0c102484                isr_TIMER4_dummy
                0x0c1024b0                isr_TIMER3_dummy
                0x0c1024dc                isr_TIMER2_dummy
                0x0c102508                isr_TIMER1_dummy
                0x0c102534                isr_TIMER0_dummy
                0x0c102560                isr_UERR01_dummy
                0x0c10258c                isr_WDT_dummy
                0x0c1025b8                isr_BDMA1_dummy
                0x0c1025e4                isr_BDMA0_dummy
                0x0c102610                isr_ZDMA1_dummy
                0x0c10263c                isr_ZDMA0_dummy
                0x0c102668                isr_TICK_dummy
                0x0c102694                isr_PB_dummy
                0x0c1026c0                isr_ETHERNET_dummy
                0x0c1026ec                isr_TS_dummy
                0x0c102718                isr_KEYPAD_dummy
                0x0c102744                isr_USB_dummy
                0x0c102794                sleep
 .text          0x0c1027c4      0x9f0 ../../BSP/Debug\libBSP.a(timers.o)
                0x0c1027c4                timers_init
                0x0c10297c                timer3_delay_ms
                0x0c102a5c                sw_delay_ms
                0x0c102ab4                timer3_delay_s
                0x0c102b84                sw_delay_s
                0x0c102bdc                timer3_start
                0x0c102c8c                timer3_stop
                0x0c102ce0                timer3_start_timeout
                0x0c102d98                timer3_timeout
                0x0c102dd4                timer0_open_tick
                0x0c103014                timer0_open_ms
                0x0c103120                timer0_close
 .text          0x0c1031b4      0x5a0 ../../BSP/Debug\libBSP.a(uart.o)
                0x0c1031b4                uart0_init
                0x0c103218                uart0_putchar
                0x0c103268                uart0_getchar
                0x0c1032b0                uart0_puts
                0x0c103300                uart0_putint
                0x0c103414                uart0_puthex
                0x0c1034cc                uart0_gets
                0x0c103538                uart0_getint
                0x0c103628                uart0_gethex
 .text          0x0c103754      0x29c ../../BSP/Debug\libBSP.a(uda1341ts.o)
                0x0c103754                uda1341ts_init
                0x0c1037d0                uda1341ts_mute
                0x0c103828                uda1341ts_on
                0x0c10389c                uda1341ts_off
                0x0c10391c                uda1341ts_status
                0x0c103970                uda1341ts_setvol
                0x0c1039c8                uda1341ts_getvol
 .text          0x0c1039f0       0xf4 ../../BSP/Debug\libBSP.a(dma.o)
                0x0c1039f0                bdma0_init
                0x0c103a44                bdma0_open
                0x0c103aa0                bdma0_close
 .text          0x0c103ae4      0x1e8 ../../BSP/Debug\libBSP.a(l3.o)
                0x0c103ae4                L3_init
                0x0c103b14                L3_putByte
 .text          0x0c103ccc      0x208 ../../BSP/Debug\libBSP.a(leds.o)
                0x0c103ccc                leds_init
                0x0c103d0c                led_on
                0x0c103d6c                led_off
                0x0c103dcc                led_toggle
                0x0c103e2c                led_status
 .text          0x0c103ed4      0x114 c:/eclipsearm/sourcery-g++-lite-arm-2011.03/bin/../lib/gcc/arm-none-eabi/4.5.2\libgcc.a(_udivsi3.o)
                0x0c103ed4                __aeabi_uidiv
                0x0c103ed4                __udivsi3
                0x0c103fc8                __aeabi_uidivmod
 .text          0x0c103fe8        0x4 c:/eclipsearm/sourcery-g++-lite-arm-2011.03/bin/../lib/gcc/arm-none-eabi/4.5.2\libgcc.a(_dvmd_tls.o)
                0x0c103fe8                __aeabi_idiv0
                0x0c103fe8                __aeabi_ldiv0
 .text          0x0c103fec       0x3c c:/eclipsearm/sourcery-g++-lite-arm-2011.03/bin/../lib/gcc/arm-none-eabi/4.5.2\libgcc.a(_aeabi_uldivmod.o)
                0x0c103fec                __aeabi_uldivmod
 .text          0x0c104028       0x80 c:/eclipsearm/sourcery-g++-lite-arm-2011.03/bin/../lib/gcc/arm-none-eabi/4.5.2\libgcc.a(bpabi.o)
                0x0c104028                __gnu_ldivmod_helper
                0x0c104068                __gnu_uldivmod_helper
 .text          0x0c1040a8      0x4a8 c:/eclipsearm/sourcery-g++-lite-arm-2011.03/bin/../lib/gcc/arm-none-eabi/4.5.2\libgcc.a(_divdi3.o)
                0x0c1040a8                __divdi3
 .text          0x0c104550      0x434 c:/eclipsearm/sourcery-g++-lite-arm-2011.03/bin/../lib/gcc/arm-none-eabi/4.5.2\libgcc.a(_udivdi3.o)
                0x0c104550                __udivdi3
 .text          0x0c104984       0x48 c:/eclipsearm/sourcery-g++-lite-arm-2011.03/bin/../lib/gcc/arm-none-eabi/4.5.2\libgcc.a(_clzsi2.o)
                0x0c104984                __clzsi2

.glue_7         0x0c1049cc        0x0
 .glue_7        0x00000000        0x0 linker stubs

.glue_7t        0x0c1049cc        0x0
 .glue_7t       0x00000000        0x0 linker stubs

.vfp11_veneer   0x0c1049cc        0x0
 .vfp11_veneer  0x00000000        0x0 linker stubs

.v4_bx          0x0c1049cc        0x0
 .v4_bx         0x00000000        0x0 linker stubs

.rodata         0x0c1049cc      0x924
 *(.rodata)
 .rodata        0x0c1049cc      0x320 ./lab9-efectos.o
 .rodata        0x0c104cec       0x10 ../../BSP/Debug\libBSP.a(segs.o)
 .rodata        0x0c104cfc      0x5f4 ../../BSP/Debug\libBSP.a(system.o)

.ARM.extab      0x0c1052f0        0x0
 .ARM.extab     0x0c1052f0        0x0 c:/eclipsearm/sourcery-g++-lite-arm-2011.03/bin/../lib/gcc/arm-none-eabi/4.5.2\libgcc.a(_divdi3.o)
 .ARM.extab     0x0c1052f0        0x0 c:/eclipsearm/sourcery-g++-lite-arm-2011.03/bin/../lib/gcc/arm-none-eabi/4.5.2\libgcc.a(_udivdi3.o)

.ARM.exidx      0x0c1052f0        0x8
 .ARM.exidx     0x0c1052f0        0x8 c:/eclipsearm/sourcery-g++-lite-arm-2011.03/bin/../lib/gcc/arm-none-eabi/4.5.2\libgcc.a(_divdi3.o)
 .ARM.exidx     0x0c1052f8        0x0 c:/eclipsearm/sourcery-g++-lite-arm-2011.03/bin/../lib/gcc/arm-none-eabi/4.5.2\libgcc.a(_udivdi3.o)
                                  0x8 (size before relaxing)

.data           0x0c1052f8       0xd8
 *(.data)
 .data          0x0c1052f8       0xd8 ./lab9-efectos.o
                0x0c1052f8                triangle
                0x0c105340                square
                0x0c105388                sine
 .data          0x0c1053d0        0x0 ../../BSP/Debug\libBSP.a(iis.o)
 .data          0x0c1053d0        0x0 ../../BSP/Debug\libBSP.a(pbs.o)
 .data          0x0c1053d0        0x0 ../../BSP/Debug\libBSP.a(segs.o)
 .data          0x0c1053d0        0x0 ../../BSP/Debug\libBSP.a(system.o)
 .data          0x0c1053d0        0x0 ../../BSP/Debug\libBSP.a(timers.o)
 .data          0x0c1053d0        0x0 ../../BSP/Debug\libBSP.a(uart.o)
 .data          0x0c1053d0        0x0 ../../BSP/Debug\libBSP.a(uda1341ts.o)
 .data          0x0c1053d0        0x0 ../../BSP/Debug\libBSP.a(dma.o)
 .data          0x0c1053d0        0x0 ../../BSP/Debug\libBSP.a(l3.o)
 .data          0x0c1053d0        0x0 ../../BSP/Debug\libBSP.a(leds.o)
 .data          0x0c1053d0        0x0 c:/eclipsearm/sourcery-g++-lite-arm-2011.03/bin/../lib/gcc/arm-none-eabi/4.5.2\libgcc.a(_udivsi3.o)
 .data          0x0c1053d0        0x0 c:/eclipsearm/sourcery-g++-lite-arm-2011.03/bin/../lib/gcc/arm-none-eabi/4.5.2\libgcc.a(_dvmd_tls.o)
 .data          0x0c1053d0        0x0 c:/eclipsearm/sourcery-g++-lite-arm-2011.03/bin/../lib/gcc/arm-none-eabi/4.5.2\libgcc.a(_aeabi_uldivmod.o)
 .data          0x0c1053d0        0x0 c:/eclipsearm/sourcery-g++-lite-arm-2011.03/bin/../lib/gcc/arm-none-eabi/4.5.2\libgcc.a(bpabi.o)
 .data          0x0c1053d0        0x0 c:/eclipsearm/sourcery-g++-lite-arm-2011.03/bin/../lib/gcc/arm-none-eabi/4.5.2\libgcc.a(_divdi3.o)
 .data          0x0c1053d0        0x0 c:/eclipsearm/sourcery-g++-lite-arm-2011.03/bin/../lib/gcc/arm-none-eabi/4.5.2\libgcc.a(_udivdi3.o)
 .data          0x0c1053d0        0x0 c:/eclipsearm/sourcery-g++-lite-arm-2011.03/bin/../lib/gcc/arm-none-eabi/4.5.2\libgcc.a(_clzsi2.o)

.bss            0x0c1053d0    0xbb816
 *(.bss)
 .bss           0x0c1053d0        0x0 ./lab9-efectos.o
 .bss           0x0c1053d0        0x2 ../../BSP/Debug\libBSP.a(iis.o)
 .bss           0x0c1053d2        0x0 ../../BSP/Debug\libBSP.a(pbs.o)
 .bss           0x0c1053d2        0x1 ../../BSP/Debug\libBSP.a(segs.o)
 .bss           0x0c1053d3        0x0 ../../BSP/Debug\libBSP.a(system.o)
 *fill*         0x0c1053d3        0x1 00
 .bss           0x0c1053d4        0x8 ../../BSP/Debug\libBSP.a(timers.o)
 .bss           0x0c1053dc        0x0 ../../BSP/Debug\libBSP.a(uart.o)
 .bss           0x0c1053dc        0x2 ../../BSP/Debug\libBSP.a(uda1341ts.o)
 .bss           0x0c1053de        0x0 ../../BSP/Debug\libBSP.a(dma.o)
 .bss           0x0c1053de        0x0 ../../BSP/Debug\libBSP.a(l3.o)
 .bss           0x0c1053de        0x0 ../../BSP/Debug\libBSP.a(leds.o)
 .bss           0x0c1053de        0x0 c:/eclipsearm/sourcery-g++-lite-arm-2011.03/bin/../lib/gcc/arm-none-eabi/4.5.2\libgcc.a(_udivsi3.o)
 .bss           0x0c1053de        0x0 c:/eclipsearm/sourcery-g++-lite-arm-2011.03/bin/../lib/gcc/arm-none-eabi/4.5.2\libgcc.a(_dvmd_tls.o)
 .bss           0x0c1053de        0x0 c:/eclipsearm/sourcery-g++-lite-arm-2011.03/bin/../lib/gcc/arm-none-eabi/4.5.2\libgcc.a(_aeabi_uldivmod.o)
 .bss           0x0c1053de        0x0 c:/eclipsearm/sourcery-g++-lite-arm-2011.03/bin/../lib/gcc/arm-none-eabi/4.5.2\libgcc.a(bpabi.o)
 .bss           0x0c1053de        0x0 c:/eclipsearm/sourcery-g++-lite-arm-2011.03/bin/../lib/gcc/arm-none-eabi/4.5.2\libgcc.a(_divdi3.o)
 .bss           0x0c1053de        0x0 c:/eclipsearm/sourcery-g++-lite-arm-2011.03/bin/../lib/gcc/arm-none-eabi/4.5.2\libgcc.a(_udivdi3.o)
 .bss           0x0c1053de        0x0 c:/eclipsearm/sourcery-g++-lite-arm-2011.03/bin/../lib/gcc/arm-none-eabi/4.5.2\libgcc.a(_clzsi2.o)
 *fill*         0x0c1053de        0x2 00
 COMMON         0x0c1053e0    0xbb806 ./lab9-efectos.o
                0x0c1053e0                buffer
                0x0c1a17e0                delay_buffer
                0x0c1c0be6                end = .
OUTPUT(lab9-efectos.elf elf32-littlearm)

.debug_abbrev   0x00000000      0x856
 .debug_abbrev  0x00000000      0x12c ./lab9-efectos.o
 .debug_abbrev  0x0000012c       0xd6 ../../BSP/Debug\libBSP.a(iis.o)
 .debug_abbrev  0x00000202       0xd2 ../../BSP/Debug\libBSP.a(pbs.o)
 .debug_abbrev  0x000002d4       0xb3 ../../BSP/Debug\libBSP.a(segs.o)
 .debug_abbrev  0x00000387       0x89 ../../BSP/Debug\libBSP.a(system.o)
 .debug_abbrev  0x00000410       0xdd ../../BSP/Debug\libBSP.a(timers.o)
 .debug_abbrev  0x000004ed       0xf4 ../../BSP/Debug\libBSP.a(uart.o)
 .debug_abbrev  0x000005e1       0xc2 ../../BSP/Debug\libBSP.a(uda1341ts.o)
 .debug_abbrev  0x000006a3       0x84 ../../BSP/Debug\libBSP.a(dma.o)
 .debug_abbrev  0x00000727       0xa4 ../../BSP/Debug\libBSP.a(l3.o)
 .debug_abbrev  0x000007cb       0x8b ../../BSP/Debug\libBSP.a(leds.o)

.debug_info     0x00000000     0x16bf
 .debug_info    0x00000000      0x32c ./lab9-efectos.o
 .debug_info    0x0000032c      0x2af ../../BSP/Debug\libBSP.a(iis.o)
 .debug_info    0x000005db      0x240 ../../BSP/Debug\libBSP.a(pbs.o)
 .debug_info    0x0000081b      0x10d ../../BSP/Debug\libBSP.a(segs.o)
 .debug_info    0x00000928      0x390 ../../BSP/Debug\libBSP.a(system.o)
 .debug_info    0x00000cb8      0x29d ../../BSP/Debug\libBSP.a(timers.o)
 .debug_info    0x00000f55      0x2b2 ../../BSP/Debug\libBSP.a(uart.o)
 .debug_info    0x00001207      0x188 ../../BSP/Debug\libBSP.a(uda1341ts.o)
 .debug_info    0x0000138f       0xc7 ../../BSP/Debug\libBSP.a(dma.o)
 .debug_info    0x00001456      0x13c ../../BSP/Debug\libBSP.a(l3.o)
 .debug_info    0x00001592      0x12d ../../BSP/Debug\libBSP.a(leds.o)

.debug_line     0x00000000      0xc49
 .debug_line    0x00000000      0x240 ./lab9-efectos.o
 .debug_line    0x00000240      0x12c ../../BSP/Debug\libBSP.a(iis.o)
 .debug_line    0x0000036c      0x144 ../../BSP/Debug\libBSP.a(pbs.o)
 .debug_line    0x000004b0       0x93 ../../BSP/Debug\libBSP.a(segs.o)
 .debug_line    0x00000543      0x1f0 ../../BSP/Debug\libBSP.a(system.o)
 .debug_line    0x00000733      0x173 ../../BSP/Debug\libBSP.a(timers.o)
 .debug_line    0x000008a6      0x109 ../../BSP/Debug\libBSP.a(uart.o)
 .debug_line    0x000009af       0xa5 ../../BSP/Debug\libBSP.a(uda1341ts.o)
 .debug_line    0x00000a54       0x90 ../../BSP/Debug\libBSP.a(dma.o)
 .debug_line    0x00000ae4       0xbd ../../BSP/Debug\libBSP.a(l3.o)
 .debug_line    0x00000ba1       0xa8 ../../BSP/Debug\libBSP.a(leds.o)

.debug_macinfo  0x00000000    0x30b85
 .debug_macinfo
                0x00000000     0x4b56 ./lab9-efectos.o
 .debug_macinfo
                0x00004b56     0x4c95 ../../BSP/Debug\libBSP.a(iis.o)
 .debug_macinfo
                0x000097eb     0x4d0b ../../BSP/Debug\libBSP.a(pbs.o)
 .debug_macinfo
                0x0000e4f6     0x4c77 ../../BSP/Debug\libBSP.a(segs.o)
 .debug_macinfo
                0x0001316d     0x530a ../../BSP/Debug\libBSP.a(system.o)
 .debug_macinfo
                0x00018477     0x4c91 ../../BSP/Debug\libBSP.a(timers.o)
 .debug_macinfo
                0x0001d108     0x430d ../../BSP/Debug\libBSP.a(uart.o)
 .debug_macinfo
                0x00021415     0x244e ../../BSP/Debug\libBSP.a(uda1341ts.o)
 .debug_macinfo
                0x00023863     0x4c64 ../../BSP/Debug\libBSP.a(dma.o)
 .debug_macinfo
                0x000284c7     0x4392 ../../BSP/Debug\libBSP.a(l3.o)
 .debug_macinfo
                0x0002c859     0x432c ../../BSP/Debug\libBSP.a(leds.o)

.debug_loc      0x00000000     0x1238
 .debug_loc     0x00000000       0xb0 ./lab9-efectos.o
 .debug_loc     0x000000b0      0x1b8 ../../BSP/Debug\libBSP.a(iis.o)
 .debug_loc     0x00000268      0x210 ../../BSP/Debug\libBSP.a(pbs.o)
 .debug_loc     0x00000478       0xb0 ../../BSP/Debug\libBSP.a(segs.o)
 .debug_loc     0x00000528      0x65c ../../BSP/Debug\libBSP.a(system.o)
 .debug_loc     0x00000b84      0x23c ../../BSP/Debug\libBSP.a(timers.o)
 .debug_loc     0x00000dc0      0x18c ../../BSP/Debug\libBSP.a(uart.o)
 .debug_loc     0x00000f4c      0x134 ../../BSP/Debug\libBSP.a(uda1341ts.o)
 .debug_loc     0x00001080       0x84 ../../BSP/Debug\libBSP.a(dma.o)
 .debug_loc     0x00001104       0x58 ../../BSP/Debug\libBSP.a(l3.o)
 .debug_loc     0x0000115c       0xdc ../../BSP/Debug\libBSP.a(leds.o)

.debug_pubnames
                0x00000000      0x7ed
 .debug_pubnames
                0x00000000       0x92 ./lab9-efectos.o
 .debug_pubnames
                0x00000092       0x9e ../../BSP/Debug\libBSP.a(iis.o)
 .debug_pubnames
                0x00000130       0xe1 ../../BSP/Debug\libBSP.a(pbs.o)
 .debug_pubnames
                0x00000211       0x4e ../../BSP/Debug\libBSP.a(segs.o)
 .debug_pubnames
                0x0000025f      0x29d ../../BSP/Debug\libBSP.a(system.o)
 .debug_pubnames
                0x000004fc       0xee ../../BSP/Debug\libBSP.a(timers.o)
 .debug_pubnames
                0x000005ea       0xa7 ../../BSP/Debug\libBSP.a(uart.o)
 .debug_pubnames
                0x00000691       0x9a ../../BSP/Debug\libBSP.a(uda1341ts.o)
 .debug_pubnames
                0x0000072b       0x40 ../../BSP/Debug\libBSP.a(dma.o)
 .debug_pubnames
                0x0000076b       0x2d ../../BSP/Debug\libBSP.a(l3.o)
 .debug_pubnames
                0x00000798       0x55 ../../BSP/Debug\libBSP.a(leds.o)

.debug_pubtypes
                0x00000000      0x202
 .debug_pubtypes
                0x00000000       0x55 ./lab9-efectos.o
 .debug_pubtypes
                0x00000055       0x31 ../../BSP/Debug\libBSP.a(iis.o)
 .debug_pubtypes
                0x00000086       0x32 ../../BSP/Debug\libBSP.a(pbs.o)
 .debug_pubtypes
                0x000000b8       0x1c ../../BSP/Debug\libBSP.a(segs.o)
 .debug_pubtypes
                0x000000d4       0x27 ../../BSP/Debug\libBSP.a(system.o)
 .debug_pubtypes
                0x000000fb       0x3d ../../BSP/Debug\libBSP.a(timers.o)
 .debug_pubtypes
                0x00000138       0x3a ../../BSP/Debug\libBSP.a(uart.o)
 .debug_pubtypes
                0x00000172       0x1c ../../BSP/Debug\libBSP.a(uda1341ts.o)
 .debug_pubtypes
                0x0000018e       0x1d ../../BSP/Debug\libBSP.a(dma.o)
 .debug_pubtypes
                0x000001ab       0x30 ../../BSP/Debug\libBSP.a(l3.o)
 .debug_pubtypes
                0x000001db       0x27 ../../BSP/Debug\libBSP.a(leds.o)

.debug_aranges  0x00000000      0x160
 .debug_aranges
                0x00000000       0x20 ./lab9-efectos.o
 .debug_aranges
                0x00000020       0x20 ../../BSP/Debug\libBSP.a(iis.o)
 .debug_aranges
                0x00000040       0x20 ../../BSP/Debug\libBSP.a(pbs.o)
 .debug_aranges
                0x00000060       0x20 ../../BSP/Debug\libBSP.a(segs.o)
 .debug_aranges
                0x00000080       0x20 ../../BSP/Debug\libBSP.a(system.o)
 .debug_aranges
                0x000000a0       0x20 ../../BSP/Debug\libBSP.a(timers.o)
 .debug_aranges
                0x000000c0       0x20 ../../BSP/Debug\libBSP.a(uart.o)
 .debug_aranges
                0x000000e0       0x20 ../../BSP/Debug\libBSP.a(uda1341ts.o)
 .debug_aranges
                0x00000100       0x20 ../../BSP/Debug\libBSP.a(dma.o)
 .debug_aranges
                0x00000120       0x20 ../../BSP/Debug\libBSP.a(l3.o)
 .debug_aranges
                0x00000140       0x20 ../../BSP/Debug\libBSP.a(leds.o)

.debug_str      0x00000000      0x810
 .debug_str     0x00000000      0x154 ./lab9-efectos.o
                                0x17a (size before relaxing)
 .debug_str     0x00000154       0xe6 ../../BSP/Debug\libBSP.a(iis.o)
                                0x180 (size before relaxing)
 .debug_str     0x0000023a       0xb5 ../../BSP/Debug\libBSP.a(pbs.o)
                                0x17e (size before relaxing)
 .debug_str     0x000002ef       0x49 ../../BSP/Debug\libBSP.a(segs.o)
                                0x104 (size before relaxing)
 .debug_str     0x00000338      0x23d ../../BSP/Debug\libBSP.a(system.o)
                                0x2ff (size before relaxing)
 .debug_str     0x00000575       0xe0 ../../BSP/Debug\libBSP.a(timers.o)
                                0x1ae (size before relaxing)
 .debug_str     0x00000655       0x91 ../../BSP/Debug\libBSP.a(uart.o)
                                0x163 (size before relaxing)
 .debug_str     0x000006e6       0x90 ../../BSP/Debug\libBSP.a(uda1341ts.o)
                                0x151 (size before relaxing)
 .debug_str     0x00000776       0x2f ../../BSP/Debug\libBSP.a(dma.o)
                                 0xeb (size before relaxing)
 .debug_str     0x000007a5       0x2e ../../BSP/Debug\libBSP.a(l3.o)
                                 0xfa (size before relaxing)
 .debug_str     0x000007d3       0x3d ../../BSP/Debug\libBSP.a(leds.o)
                                 0xff (size before relaxing)

.comment        0x00000000       0x2a
 .comment       0x00000000       0x2a ./lab9-efectos.o
                                 0x2b (size before relaxing)
 .comment       0x00000000       0x2b ../../BSP/Debug\libBSP.a(iis.o)
 .comment       0x00000000       0x2b ../../BSP/Debug\libBSP.a(pbs.o)
 .comment       0x00000000       0x2b ../../BSP/Debug\libBSP.a(segs.o)
 .comment       0x00000000       0x2b ../../BSP/Debug\libBSP.a(system.o)
 .comment       0x00000000       0x2b ../../BSP/Debug\libBSP.a(timers.o)
 .comment       0x00000000       0x2b ../../BSP/Debug\libBSP.a(uart.o)
 .comment       0x00000000       0x2b ../../BSP/Debug\libBSP.a(uda1341ts.o)
 .comment       0x00000000       0x2b ../../BSP/Debug\libBSP.a(dma.o)
 .comment       0x00000000       0x2b ../../BSP/Debug\libBSP.a(l3.o)
 .comment       0x00000000       0x2b ../../BSP/Debug\libBSP.a(leds.o)

.ARM.attributes
                0x00000000       0x32
 .ARM.attributes
                0x00000000       0x32 ./lab9-efectos.o
 .ARM.attributes
                0x00000032       0x32 ../../BSP/Debug\libBSP.a(iis.o)
 .ARM.attributes
                0x00000064       0x32 ../../BSP/Debug\libBSP.a(pbs.o)
 .ARM.attributes
                0x00000096       0x32 ../../BSP/Debug\libBSP.a(segs.o)
 .ARM.attributes
                0x000000c8       0x32 ../../BSP/Debug\libBSP.a(system.o)
 .ARM.attributes
                0x000000fa       0x32 ../../BSP/Debug\libBSP.a(timers.o)
 .ARM.attributes
                0x0000012c       0x32 ../../BSP/Debug\libBSP.a(uart.o)
 .ARM.attributes
                0x0000015e       0x32 ../../BSP/Debug\libBSP.a(uda1341ts.o)
 .ARM.attributes
                0x00000190       0x32 ../../BSP/Debug\libBSP.a(dma.o)
 .ARM.attributes
                0x000001c2       0x32 ../../BSP/Debug\libBSP.a(l3.o)
 .ARM.attributes
                0x000001f4       0x32 ../../BSP/Debug\libBSP.a(leds.o)
 .ARM.attributes
                0x00000226       0x1a c:/eclipsearm/sourcery-g++-lite-arm-2011.03/bin/../lib/gcc/arm-none-eabi/4.5.2\libgcc.a(_udivsi3.o)
 .ARM.attributes
                0x00000240       0x18 c:/eclipsearm/sourcery-g++-lite-arm-2011.03/bin/../lib/gcc/arm-none-eabi/4.5.2\libgcc.a(_dvmd_tls.o)
 .ARM.attributes
                0x00000258       0x1a c:/eclipsearm/sourcery-g++-lite-arm-2011.03/bin/../lib/gcc/arm-none-eabi/4.5.2\libgcc.a(_aeabi_uldivmod.o)
 .ARM.attributes
                0x00000272       0x34 c:/eclipsearm/sourcery-g++-lite-arm-2011.03/bin/../lib/gcc/arm-none-eabi/4.5.2\libgcc.a(bpabi.o)
 .ARM.attributes
                0x000002a6       0x34 c:/eclipsearm/sourcery-g++-lite-arm-2011.03/bin/../lib/gcc/arm-none-eabi/4.5.2\libgcc.a(_divdi3.o)
 .ARM.attributes
                0x000002da       0x34 c:/eclipsearm/sourcery-g++-lite-arm-2011.03/bin/../lib/gcc/arm-none-eabi/4.5.2\libgcc.a(_udivdi3.o)
 .ARM.attributes
                0x0000030e       0x1a c:/eclipsearm/sourcery-g++-lite-arm-2011.03/bin/../lib/gcc/arm-none-eabi/4.5.2\libgcc.a(_clzsi2.o)

.debug_frame    0x00000000     0x1068
 .debug_frame   0x00000000       0x90 ./lab9-efectos.o
 .debug_frame   0x00000090      0x158 ../../BSP/Debug\libBSP.a(iis.o)
 .debug_frame   0x000001e8      0x190 ../../BSP/Debug\libBSP.a(pbs.o)
 .debug_frame   0x00000378       0x90 ../../BSP/Debug\libBSP.a(segs.o)
 .debug_frame   0x00000408      0x630 ../../BSP/Debug\libBSP.a(system.o)
 .debug_frame   0x00000a38      0x1b8 ../../BSP/Debug\libBSP.a(timers.o)
 .debug_frame   0x00000bf0      0x130 ../../BSP/Debug\libBSP.a(uart.o)
 .debug_frame   0x00000d20       0xf0 ../../BSP/Debug\libBSP.a(uda1341ts.o)
 .debug_frame   0x00000e10       0x70 ../../BSP/Debug\libBSP.a(dma.o)
 .debug_frame   0x00000e80       0x50 ../../BSP/Debug\libBSP.a(l3.o)
 .debug_frame   0x00000ed0       0xb0 ../../BSP/Debug\libBSP.a(leds.o)
 .debug_frame   0x00000f80       0x20 c:/eclipsearm/sourcery-g++-lite-arm-2011.03/bin/../lib/gcc/arm-none-eabi/4.5.2\libgcc.a(_udivsi3.o)
 .debug_frame   0x00000fa0       0x50 c:/eclipsearm/sourcery-g++-lite-arm-2011.03/bin/../lib/gcc/arm-none-eabi/4.5.2\libgcc.a(bpabi.o)
 .debug_frame   0x00000ff0       0x3c c:/eclipsearm/sourcery-g++-lite-arm-2011.03/bin/../lib/gcc/arm-none-eabi/4.5.2\libgcc.a(_divdi3.o)
 .debug_frame   0x0000102c       0x3c c:/eclipsearm/sourcery-g++-lite-arm-2011.03/bin/../lib/gcc/arm-none-eabi/4.5.2\libgcc.a(_udivdi3.o)
