Archive member included because of file (symbol)

../../BSP/Debug\libBSP.a(rtc.o)
                              ./lab11.o (rtc_init)
../../BSP/Debug\libBSP.a(system.o)
                              ./lab11.o (sys_init)
../../BSP/Debug\libBSP.a(uart.o)
                              ./lab11.o (uart0_init)

Memory Configuration

Name             Origin             Length             Attributes
*default*        0x00000000         0xffffffff

Linker script and memory map

LOAD ./bootloader.o
LOAD ./lab11.o
LOAD ../../BSP/Debug\libBSP.a
START GROUP
LOAD c:/eclipsearm/sourcery-g++-lite-arm-2011.03/bin/../lib/gcc/arm-none-eabi/4.5.2\libgcc.a
LOAD c:/eclipsearm/sourcery-g++-lite-arm-2011.03/bin/../lib/gcc/arm-none-eabi/4.5.2/../../../../arm-none-eabi/lib\libc.a
END GROUP
                0x0c000000                . = 0xc000000
                0x0c000000                _image_start = .

.text           0x0c000000     0x28ec
 bootloader.o()
 .text          0x0c000000      0x584 bootloader.o
 .data          0x0c000584        0x0 bootloader.o
 .bss           0x0c000584        0x0 bootloader.o
 .ARM.attributes
                0x0c000584       0x22 bootloader.o
 .debug_line    0x0c0005a6       0xc6 bootloader.o
 .debug_info    0x0c00066c       0x7d bootloader.o
 .debug_abbrev  0x0c0006e9       0x14 bootloader.o
 *fill*         0x0c0006fd        0x3 00
 .debug_aranges
                0x0c000700       0x20 bootloader.o
 *(.text)
 .text          0x0c000720      0x584 ./bootloader.o
 .text          0x0c000ca4      0x240 ./lab11.o
                0x0c000ca4                main
                0x0c000e28                isr_tick
 .text          0x0c000ee4      0x934 ../../BSP/Debug\libBSP.a(rtc.o)
                0x0c000ee4                rtc_init
                0x0c001020                rtc_puttime
                0x0c0012d8                rtc_gettime
                0x0c001740                rtc_open
                0x0c0017bc                rtc_close
 .text          0x0c001818      0xb34 ../../BSP/Debug\libBSP.a(system.o)
                0x0c001818                sys_init
                0x0c001d78                isr_SWI_dummy
                0x0c001da4                isr_UNDEF_dummy
                0x0c001dd0                isr_IRQ_dummy
                0x0c001dfc                isr_FIQ_dummy
                0x0c001e28                isr_PABORT_dummy
                0x0c001e54                isr_DABORT_dummy
                0x0c001e80                isr_ADC_dummy
                0x0c001eac                isr_RTC_dummy
                0x0c001ed8                isr_UTXD1_dummy
                0x0c001f04                isr_UTXD0_dummy
                0x0c001f30                isr_SIO_dummy
                0x0c001f5c                isr_IIC_dummy
                0x0c001f88                isr_URXD1_dummy
                0x0c001fb4                isr_URXD0_dummy
                0x0c001fe0                isr_TIMER5_dummy
                0x0c00200c                isr_TIMER4_dummy
                0x0c002038                isr_TIMER3_dummy
                0x0c002064                isr_TIMER2_dummy
                0x0c002090                isr_TIMER1_dummy
                0x0c0020bc                isr_TIMER0_dummy
                0x0c0020e8                isr_UERR01_dummy
                0x0c002114                isr_WDT_dummy
                0x0c002140                isr_BDMA1_dummy
                0x0c00216c                isr_BDMA0_dummy
                0x0c002198                isr_ZDMA1_dummy
                0x0c0021c4                isr_ZDMA0_dummy
                0x0c0021f0                isr_TICK_dummy
                0x0c00221c                isr_PB_dummy
                0x0c002248                isr_ETHERNET_dummy
                0x0c002274                isr_TS_dummy
                0x0c0022a0                isr_KEYPAD_dummy
                0x0c0022cc                isr_USB_dummy
                0x0c00231c                sleep
 .text          0x0c00234c      0x5a0 ../../BSP/Debug\libBSP.a(uart.o)
                0x0c00234c                uart0_init
                0x0c0023b0                uart0_putchar
                0x0c002400                uart0_getchar
                0x0c002448                uart0_puts
                0x0c002498                uart0_putint
                0x0c0025ac                uart0_puthex
                0x0c002664                uart0_gets
                0x0c0026d0                uart0_getint
                0x0c0027c0                uart0_gethex

.glue_7         0x0c0028ec        0x0
 .glue_7        0x00000000        0x0 linker stubs

.glue_7t        0x0c0028ec        0x0
 .glue_7t       0x00000000        0x0 linker stubs

.vfp11_veneer   0x0c0028ec        0x0
 .vfp11_veneer  0x00000000        0x0 linker stubs

.v4_bx          0x0c0028ec        0x0
 .v4_bx         0x00000000        0x0 linker stubs

.rodata         0x0c0028ec      0x6b0
 *(.rodata)
 .rodata        0x0c0028ec       0xbc ./lab11.o
 .rodata        0x0c0029a8      0x5f4 ../../BSP/Debug\libBSP.a(system.o)

.data           0x0c002f9c        0x0
 *(.data)
 .data          0x0c002f9c        0x0 ./bootloader.o
 .data          0x0c002f9c        0x0 ./lab11.o
 .data          0x0c002f9c        0x0 ../../BSP/Debug\libBSP.a(rtc.o)
 .data          0x0c002f9c        0x0 ../../BSP/Debug\libBSP.a(system.o)
 .data          0x0c002f9c        0x0 ../../BSP/Debug\libBSP.a(uart.o)

.bss            0x0c002f9c        0x0
 *(.bss)
 .bss           0x0c002f9c        0x0 ./bootloader.o
 .bss           0x0c002f9c        0x0 ./lab11.o
 .bss           0x0c002f9c        0x0 ../../BSP/Debug\libBSP.a(rtc.o)
 .bss           0x0c002f9c        0x0 ../../BSP/Debug\libBSP.a(system.o)
 .bss           0x0c002f9c        0x0 ../../BSP/Debug\libBSP.a(uart.o)
                0x0c002f9c                _image_end = .
                0x0c002f9c                end = .
OUTPUT(lab11.elf elf32-littlearm)

.ARM.attributes
                0x00000000       0x2e
 .ARM.attributes
                0x00000000       0x22 ./bootloader.o
 .ARM.attributes
                0x00000022       0x32 ./lab11.o
 .ARM.attributes
                0x00000054       0x32 ../../BSP/Debug\libBSP.a(rtc.o)
 .ARM.attributes
                0x00000086       0x32 ../../BSP/Debug\libBSP.a(system.o)
 .ARM.attributes
                0x000000b8       0x32 ../../BSP/Debug\libBSP.a(uart.o)

.comment        0x00000000       0x2a
 .comment       0x00000000       0x2a ./lab11.o
                                 0x2b (size before relaxing)
 .comment       0x00000000       0x2b ../../BSP/Debug\libBSP.a(rtc.o)
 .comment       0x00000000       0x2b ../../BSP/Debug\libBSP.a(system.o)
 .comment       0x00000000       0x2b ../../BSP/Debug\libBSP.a(uart.o)

.debug_line     0x00000000      0x56c
 .debug_line    0x00000000       0xc6 ./bootloader.o
 .debug_line    0x000000c6       0xc1 ./lab11.o
 .debug_line    0x00000187       0xec ../../BSP/Debug\libBSP.a(rtc.o)
 .debug_line    0x00000273      0x1f0 ../../BSP/Debug\libBSP.a(system.o)
 .debug_line    0x00000463      0x109 ../../BSP/Debug\libBSP.a(uart.o)

.debug_info     0x00000000      0x9a5
 .debug_info    0x00000000       0x7d ./bootloader.o
 .debug_info    0x0000007d      0x13a ./lab11.o
 .debug_info    0x000001b7      0x1ac ../../BSP/Debug\libBSP.a(rtc.o)
 .debug_info    0x00000363      0x390 ../../BSP/Debug\libBSP.a(system.o)
 .debug_info    0x000006f3      0x2b2 ../../BSP/Debug\libBSP.a(uart.o)

.debug_abbrev   0x00000000      0x2ee
 .debug_abbrev  0x00000000       0x14 ./bootloader.o
 .debug_abbrev  0x00000014       0x9f ./lab11.o
 .debug_abbrev  0x000000b3       0xbe ../../BSP/Debug\libBSP.a(rtc.o)
 .debug_abbrev  0x00000171       0x89 ../../BSP/Debug\libBSP.a(system.o)
 .debug_abbrev  0x000001fa       0xf4 ../../BSP/Debug\libBSP.a(uart.o)

.debug_aranges  0x00000000       0xa0
 .debug_aranges
                0x00000000       0x20 ./bootloader.o
 .debug_aranges
                0x00000020       0x20 ./lab11.o
 .debug_aranges
                0x00000040       0x20 ../../BSP/Debug\libBSP.a(rtc.o)
 .debug_aranges
                0x00000060       0x20 ../../BSP/Debug\libBSP.a(system.o)
 .debug_aranges
                0x00000080       0x20 ../../BSP/Debug\libBSP.a(uart.o)

.debug_macinfo  0x00000000    0x12c3e
 .debug_macinfo
                0x00000000     0x49c3 ./lab11.o
 .debug_macinfo
                0x000049c3     0x4c64 ../../BSP/Debug\libBSP.a(rtc.o)
 .debug_macinfo
                0x00009627     0x530a ../../BSP/Debug\libBSP.a(system.o)
 .debug_macinfo
                0x0000e931     0x430d ../../BSP/Debug\libBSP.a(uart.o)

.debug_loc      0x00000000      0x91c
 .debug_loc     0x00000000       0x58 ./lab11.o
 .debug_loc     0x00000058       0xdc ../../BSP/Debug\libBSP.a(rtc.o)
 .debug_loc     0x00000134      0x65c ../../BSP/Debug\libBSP.a(system.o)
 .debug_loc     0x00000790      0x18c ../../BSP/Debug\libBSP.a(uart.o)

.debug_pubnames
                0x00000000      0x3c6
 .debug_pubnames
                0x00000000       0x28 ./lab11.o
 .debug_pubnames
                0x00000028       0x5a ../../BSP/Debug\libBSP.a(rtc.o)
 .debug_pubnames
                0x00000082      0x29d ../../BSP/Debug\libBSP.a(system.o)
 .debug_pubnames
                0x0000031f       0xa7 ../../BSP/Debug\libBSP.a(uart.o)

.debug_pubtypes
                0x00000000       0xcd
 .debug_pubtypes
                0x00000000       0x36 ./lab11.o
 .debug_pubtypes
                0x00000036       0x36 ../../BSP/Debug\libBSP.a(rtc.o)
 .debug_pubtypes
                0x0000006c       0x27 ../../BSP/Debug\libBSP.a(system.o)
 .debug_pubtypes
                0x00000093       0x3a ../../BSP/Debug\libBSP.a(uart.o)

.debug_str      0x00000000      0x446
 .debug_str     0x00000000       0xec ./lab11.o
                                0x105 (size before relaxing)
 .debug_str     0x000000ec       0x8c ../../BSP/Debug\libBSP.a(rtc.o)
                                0x136 (size before relaxing)
 .debug_str     0x00000178      0x23d ../../BSP/Debug\libBSP.a(system.o)
                                0x2ff (size before relaxing)
 .debug_str     0x000003b5       0x91 ../../BSP/Debug\libBSP.a(uart.o)
                                0x163 (size before relaxing)

.debug_frame    0x00000000      0x86c
 .debug_frame   0x00000000       0x5c ./lab11.o
 .debug_frame   0x0000005c       0xb0 ../../BSP/Debug\libBSP.a(rtc.o)
 .debug_frame   0x0000010c      0x630 ../../BSP/Debug\libBSP.a(system.o)
 .debug_frame   0x0000073c      0x130 ../../BSP/Debug\libBSP.a(uart.o)
