Archive member included because of file (symbol)

../../BSP/Debug\libBSP.a(keypad.o)
                              ./lab12.o (keypad_scan)
../../BSP/Debug\libBSP.a(lcd.o)
                              ./lab12.o (lcd_init)
../../BSP/Debug\libBSP.a(leds.o)
                              ./lab12.o (leds_init)
../../BSP/Debug\libBSP.a(pbs.o)
                              ./lab12.o (pbs_init)
../../BSP/Debug\libBSP.a(rtc.o)
                              ./lab12.o (rtc_init)
../../BSP/Debug\libBSP.a(segs.o)
                              ./lab12.o (segs_init)
../../BSP/Debug\libBSP.a(system.o)
                              ./lab12.o (sys_init)
../../BSP/Debug\libBSP.a(timers.o)
                              ./lab12.o (timers_init)
../../BSP/Debug\libBSP.a(uart.o)
                              ./lab12.o (uart0_init)
../../BSP/Debug\libBSP.a(font8x16.o)
                              ../../BSP/Debug\libBSP.a(lcd.o) (font)
c:/eclipsearm/sourcery-g++-lite-arm-2011.03/bin/../lib/gcc/arm-none-eabi/4.5.2\libgcc.a(_udivsi3.o)
                              ./os_core/os_core.o (__aeabi_uidiv)
c:/eclipsearm/sourcery-g++-lite-arm-2011.03/bin/../lib/gcc/arm-none-eabi/4.5.2\libgcc.a(_dvmd_tls.o)
                              c:/eclipsearm/sourcery-g++-lite-arm-2011.03/bin/../lib/gcc/arm-none-eabi/4.5.2\libgcc.a(_udivsi3.o) (__aeabi_idiv0)
c:/eclipsearm/sourcery-g++-lite-arm-2011.03/bin/../lib/gcc/arm-none-eabi/4.5.2\libgcc.a(_aeabi_uldivmod.o)
                              ../../BSP/Debug\libBSP.a(timers.o) (__aeabi_uldivmod)
c:/eclipsearm/sourcery-g++-lite-arm-2011.03/bin/../lib/gcc/arm-none-eabi/4.5.2\libgcc.a(bpabi.o)
                              c:/eclipsearm/sourcery-g++-lite-arm-2011.03/bin/../lib/gcc/arm-none-eabi/4.5.2\libgcc.a(_aeabi_uldivmod.o) (__gnu_uldivmod_helper)
c:/eclipsearm/sourcery-g++-lite-arm-2011.03/bin/../lib/gcc/arm-none-eabi/4.5.2\libgcc.a(_divdi3.o)
                              c:/eclipsearm/sourcery-g++-lite-arm-2011.03/bin/../lib/gcc/arm-none-eabi/4.5.2\libgcc.a(bpabi.o) (__divdi3)
c:/eclipsearm/sourcery-g++-lite-arm-2011.03/bin/../lib/gcc/arm-none-eabi/4.5.2\libgcc.a(_udivdi3.o)
                              c:/eclipsearm/sourcery-g++-lite-arm-2011.03/bin/../lib/gcc/arm-none-eabi/4.5.2\libgcc.a(bpabi.o) (__udivdi3)
c:/eclipsearm/sourcery-g++-lite-arm-2011.03/bin/../lib/gcc/arm-none-eabi/4.5.2\libgcc.a(_clzsi2.o)
                              c:/eclipsearm/sourcery-g++-lite-arm-2011.03/bin/../lib/gcc/arm-none-eabi/4.5.2\libgcc.a(_divdi3.o) (__clzsi2)

Allocating common symbols
Common symbol       size              file

Task3Stk            0xa000            ./lab12.o
Task7Stk            0xa000            ./lab12.o
OSLockNesting       0x1               ./os_core/os_core.o
Task4Stk            0xa000            ./lab12.o
OSRunning           0x1               ./os_core/os_core.o
OSIdleCtr           0x4               ./os_core/os_core.o
OSPrioHighRdy       0x1               ./os_core/os_core.o
OSFlagTbl           0xdc              ./os_core/os_core.o
OSPrioCur           0x1               ./os_core/os_core.o
OSTCBList           0x4               ./os_core/os_core.o
OSMemTbl            0x104             ./os_core/os_core.o
OSTickStepState     0x1               ./os_core/os_core.o
OSTaskStatStk       0x800             ./os_core/os_core.o
OSCtxSwCtr          0x4               ./os_core/os_core.o
lcdSem              0x4               ./lab12.o
OSIdleCtrMax        0x4               ./os_core/os_core.o
OSTCBFreeList       0x4               ./os_core/os_core.o
OSCPUUsage          0x1               ./os_core/os_core.o
Task2Stk            0xa000            ./lab12.o
keypadQueue         0x4               ./lab12.o
OSTaskCtr           0x1               ./os_core/os_core.o
uart0Sem            0x4               ./lab12.o
OSMemFreeList       0x4               ./os_core/os_core.o
Task6Stk            0xa000            ./lab12.o
OSQTbl              0x60              ./os_core/os_core.o
OSTCBHighRdy        0x4               ./os_core/os_core.o
OSQFreeList         0x4               ./os_core/os_core.o
keypadQueueTable    0x100             ./lab12.o
OSRdyGrp            0x1               ./os_core/os_core.o
Task1Stk            0xa000            ./lab12.o
OSRdyTbl            0x8               ./os_core/os_core.o
OSEventFreeList     0x4               ./os_core/os_core.o
Task8Stk            0xa000            ./lab12.o
OSIntNesting        0x1               ./os_core/os_core.o
TaskStartStk        0xa000            ./lab12.o
OSTCBCur            0x4               ./os_core/os_core.o
Task5Stk            0xa000            ./lab12.o
OSTime              0x4               ./os_core/os_core.o
OSTaskIdleStk       0x800             ./os_core/os_core.o
OSEventTbl          0x1e0             ./os_core/os_core.o
OSTCBTbl            0x8f0             ./os_core/os_core.o
OSFlagFreeList      0x4               ./os_core/os_core.o
OSStatRdy           0x1               ./os_core/os_core.o
OSTCBPrioTbl        0x100             ./os_core/os_core.o
OSIdleCtrRun        0x4               ./os_core/os_core.o

Memory Configuration

Name             Origin             Length             Attributes
*default*        0x00000000         0xffffffff

Linker script and memory map

LOAD ./os_port/os_cpu_a.o
LOAD ./os_port/os_cpu_c.o
LOAD ./os_port/os_cpu_isr_wrapper.o
LOAD ./os_core/os_core.o
LOAD ./os_core/os_dbg_r.o
LOAD ./os_core/os_flag.o
LOAD ./os_core/os_mbox.o
LOAD ./os_core/os_mem.o
LOAD ./os_core/os_mutex.o
LOAD ./os_core/os_q.o
LOAD ./os_core/os_sem.o
LOAD ./os_core/os_task.o
LOAD ./os_core/os_time.o
LOAD ./os_core/ucos_ii.o
LOAD ./lab12-isr-wrappers.o
LOAD ./lab12.o
LOAD ../../BSP/Debug\libBSP.a
START GROUP
LOAD c:/eclipsearm/sourcery-g++-lite-arm-2011.03/bin/../lib/gcc/arm-none-eabi/4.5.2\libgcc.a
LOAD c:/eclipsearm/sourcery-g++-lite-arm-2011.03/bin/../lib/gcc/arm-none-eabi/4.5.2/../../../../arm-none-eabi/lib\libc.a
END GROUP
                0x0c100000                . = 0xc100000

.text           0x0c100000     0xe3d4
 *(.text)
 .text          0x0c100000      0x110 ./os_port/os_cpu_a.o
                0x0c100000                OSStartHighRdy
                0x0c100028                OSCtxSw
                0x0c100044                OSIntCtxSw
                0x0c100078                OSTickISR
 .text          0x0c100110      0x29c ./os_port/os_cpu_c.o
                0x0c100110                OSInitHookBegin
                0x0c100128                OSInitHookEnd
                0x0c100140                OSTaskCreateHook
                0x0c100160                OSTaskDelHook
                0x0c100180                OSTaskIdleHook
                0x0c10019c                OSTaskStatHook
                0x0c1001b4                OSTaskStkInit
                0x0c10035c                OSTaskSwHook
                0x0c100374                OSTCBInitHook
                0x0c100394                OSTimeTickHook
 .text          0x0c1003ac        0x0 ./os_port/os_cpu_isr_wrapper.o
 .text          0x0c1003ac     0x1a58 ./os_core/os_core.o
                0x0c1003ac                OSEventNameGet
                0x0c10049c                OSEventNameSet
                0x0c1005a8                OSInit
                0x0c1005f0                OSIntEnter
                0x0c100648                OSIntExit
                0x0c1007a4                OSSchedLock
                0x0c100814                OSSchedUnlock
                0x0c1008d0                OSStart
                0x0c1009ac                OSStatInit
                0x0c100a38                OSTimeTick
                0x0c100c54                OSVersion
                0x0c100c74                OS_Dummy
                0x0c100c8c                OS_EventTaskRdy
                0x0c100e98                OS_EventTaskWait
                0x0c100ff0                OS_EventTO
                0x0c101104                OS_EventWaitListInit
                0x0c101618                OS_MemClr
                0x0c101674                OS_MemCopy
                0x0c1016e4                OS_Sched
                0x0c101804                OS_StrCopy
                0x0c10188c                OS_StrLen
                0x0c1018e8                OS_TaskIdle
                0x0c101934                OS_TaskStat
                0x0c101a64                OS_TaskStatStkChk
                0x0c101b24                OS_TCBInit
 .text          0x0c101e04      0x238 ./os_core/os_dbg_r.o
                0x0c101e04                OSDebugInit
 .text          0x0c10203c     0x16cc ./os_core/os_flag.o
                0x0c10203c                OSFlagAccept
                0x0c102360                OSFlagCreate
                0x0c102464                OSFlagDel
                0x0c1026a4                OSFlagNameGet
                0x0c102790                OSFlagNameSet
                0x0c102898                OSFlagPend
                0x0c102e04                OSFlagPendGetFlagsRdy
                0x0c102e54                OSFlagPost
                0x0c103214                OSFlagQuery
                0x0c103468                OS_FlagInit
                0x0c103654                OS_FlagUnlink
 .text          0x0c103708      0x95c ./os_core/os_mbox.o
                0x0c103708                OSMboxAccept
                0x0c10378c                OSMboxCreate
                0x0c103870                OSMboxDel
                0x0c103aa4                OSMboxPend
                0x0c103c88                OSMboxPost
                0x0c103d6c                OSMboxPostOpt
                0x0c103e94                OSMboxQuery
 .text          0x0c104064      0x6ac ./os_core/os_mem.o
                0x0c104064                OSMemCreate
                0x0c104224                OSMemGet
                0x0c1042f0                OSMemNameGet
                0x0c1043b0                OSMemNameSet
                0x0c10448c                OSMemPut
                0x0c104550                OSMemQuery
                0x0c104628                OS_MemInit
 .text          0x0c104710     0x1044 ./os_core/os_mutex.o
                0x0c104710                OSMutexAccept
                0x0c104854                OSMutexCreate
                0x0c1049f8                OSMutexDel
                0x0c104c80                OSMutexPend
                0x0c1051bc                OSMutexPost
                0x0c10551c                OSMutexQuery
 .text          0x0c105754      0xf64 ./os_core/os_q.o
                0x0c105754                OSQAccept
                0x0c10587c                OSQCreate
                0x0c105a34                OSQDel
                0x0c105cbc                OSQFlush
                0x0c105d60                OSQPend
                0x0c105f9c                OSQPost
                0x0c1060d4                OSQPostFront
                0x0c106214                OSQPostOpt
                0x0c1063f0                OSQQuery
                0x0c106610                OS_QInit
 .text          0x0c1066b8      0x8d8 ./os_core/os_sem.o
                0x0c1066b8                OSSemAccept
                0x0c106758                OSSemCreate
                0x0c106840                OSSemDel
                0x0c106a74                OSSemPend
                0x0c106c14                OSSemPost
                0x0c106cf8                OSSemQuery
                0x0c106ec8                OSSemSet
 .text          0x0c106f90     0x146c ./os_core/os_task.o
                0x0c106f90                OSTaskChangePrio
                0x0c107354                OSTaskCreate
                0x0c1074b0                OSTaskCreateExt
                0x0c107620                OSTaskDel
                0x0c1079fc                OSTaskDelReq
                0x0c107b0c                OSTaskNameGet
                0x0c107c50                OSTaskNameSet
                0x0c107da8                OSTaskResume
                0x0c107f1c                OSTaskStkChk
                0x0c1080b0                OSTaskSuspend
                0x0c10828c                OSTaskQuery
                0x0c108378                OS_TaskStkClr
 .text          0x0c1083fc      0x4d0 ./os_core/os_time.o
                0x0c1083fc                OSTimeDly
                0x0c108500                OSTimeDlyHMSM
                0x0c1086a4                OSTimeDlyResume
                0x0c108838                OSTimeGet
                0x0c108884                OSTimeSet
 .text          0x0c1088cc        0x0 ./os_core/ucos_ii.o
 .text          0x0c1088cc       0x78 ./lab12-isr-wrappers.o
                0x0c1088cc                OS_CPU_isr_pb
 .text          0x0c108944      0xa78 ./lab12.o
                0x0c108944                main
                0x0c108a30                TaskStart
                0x0c108bcc                Task1
                0x0c108c64                Task2
                0x0c108d50                Task3
                0x0c108e68                Task4
                0x0c108f54                Task5
                0x0c10905c                Task6
                0x0c109104                Task7
                0x0c10922c                Task8
                0x0c10933c                isr_pb
 .text          0x0c1093bc      0x6d0 ../../BSP/Debug\libBSP.a(keypad.o)
                0x0c1093bc                keypad_scan
                0x0c1095e0                keypad_status
                0x0c109628                keypad_open
                0x0c109680                keypad_close
                0x0c1096c4                keypad_init
                0x0c1096f8                keypad_wait_keydown
                0x0c10977c                keypad_wait_keyup
                0x0c109800                keypad_wait_any_keydown
                0x0c10985c                keypad_wait_any_keyup
                0x0c1098b0                keypad_getchar
                0x0c109924                keypad_getchartime
                0x0c1099cc                keypad_timeout_getchar
 .text          0x0c109a8c     0x1298 ../../BSP/Debug\libBSP.a(lcd.o)
                0x0c109a8c                lcd_init
                0x0c109c10                lcd_on
                0x0c109c3c                lcd_off
                0x0c109c68                lcd_status
                0x0c109ca8                lcd_clear
                0x0c109d34                lcd_putpixel
                0x0c109e20                lcd_getpixel
                0x0c109efc                lcd_draw_hline
                0x0c109fac                lcd_draw_vline
                0x0c10a05c                lcd_draw_box
                0x0c10a114                lcd_putchar
                0x0c10a268                lcd_puts
                0x0c10a32c                lcd_putint
                0x0c10a478                lcd_puthex
                0x0c10a558                lcd_putchar_x2
                0x0c10a8d8                lcd_puts_x2
                0x0c10a99c                lcd_putint_x2
                0x0c10aae8                lcd_puthex_x2
                0x0c10abc8                lcd_putWallpaper
 .text          0x0c10ad24      0x208 ../../BSP/Debug\libBSP.a(leds.o)
                0x0c10ad24                leds_init
                0x0c10ad64                led_on
                0x0c10adc4                led_off
                0x0c10ae24                led_toggle
                0x0c10ae84                led_status
 .text          0x0c10af2c      0x4e4 ../../BSP/Debug\libBSP.a(pbs.o)
                0x0c10af2c                pbs_init
                0x0c10af48                pb_scan
                0x0c10afa0                pb_status
                0x0c10aff0                pb_wait_keydown
                0x0c10b03c                pb_wait_keyup
                0x0c10b0ac                pb_wait_any_keydown
                0x0c10b0fc                pb_wait_any_keyup
                0x0c10b180                pb_getchar
                0x0c10b1dc                pb_getchartime
                0x0c10b29c                pb_timeout_getchar
                0x0c10b364                pbs_open
                0x0c10b3cc                pbs_close
 .text          0x0c10b410      0x934 ../../BSP/Debug\libBSP.a(rtc.o)
                0x0c10b410                rtc_init
                0x0c10b54c                rtc_puttime
                0x0c10b804                rtc_gettime
                0x0c10bc6c                rtc_open
                0x0c10bce8                rtc_close
 .text          0x0c10bd44       0xd4 ../../BSP/Debug\libBSP.a(segs.o)
                0x0c10bd44                segs_init
                0x0c10bd60                segs_off
                0x0c10bd98                segs_putchar
                0x0c10bdf0                segs_status
 .text          0x0c10be18      0xb34 ../../BSP/Debug\libBSP.a(system.o)
                0x0c10be18                sys_init
                0x0c10c378                isr_SWI_dummy
                0x0c10c3a4                isr_UNDEF_dummy
                0x0c10c3d0                isr_IRQ_dummy
                0x0c10c3fc                isr_FIQ_dummy
                0x0c10c428                isr_PABORT_dummy
                0x0c10c454                isr_DABORT_dummy
                0x0c10c480                isr_ADC_dummy
                0x0c10c4ac                isr_RTC_dummy
                0x0c10c4d8                isr_UTXD1_dummy
                0x0c10c504                isr_UTXD0_dummy
                0x0c10c530                isr_SIO_dummy
                0x0c10c55c                isr_IIC_dummy
                0x0c10c588                isr_URXD1_dummy
                0x0c10c5b4                isr_URXD0_dummy
                0x0c10c5e0                isr_TIMER5_dummy
                0x0c10c60c                isr_TIMER4_dummy
                0x0c10c638                isr_TIMER3_dummy
                0x0c10c664                isr_TIMER2_dummy
                0x0c10c690                isr_TIMER1_dummy
                0x0c10c6bc                isr_TIMER0_dummy
                0x0c10c6e8                isr_UERR01_dummy
                0x0c10c714                isr_WDT_dummy
                0x0c10c740                isr_BDMA1_dummy
                0x0c10c76c                isr_BDMA0_dummy
                0x0c10c798                isr_ZDMA1_dummy
                0x0c10c7c4                isr_ZDMA0_dummy
                0x0c10c7f0                isr_TICK_dummy
                0x0c10c81c                isr_PB_dummy
                0x0c10c848                isr_ETHERNET_dummy
                0x0c10c874                isr_TS_dummy
                0x0c10c8a0                isr_KEYPAD_dummy
                0x0c10c8cc                isr_USB_dummy
                0x0c10c91c                sleep
 .text          0x0c10c94c      0x9f0 ../../BSP/Debug\libBSP.a(timers.o)
                0x0c10c94c                timers_init
                0x0c10cb04                timer3_delay_ms
                0x0c10cbe4                sw_delay_ms
                0x0c10cc3c                timer3_delay_s
                0x0c10cd0c                sw_delay_s
                0x0c10cd64                timer3_start
                0x0c10ce14                timer3_stop
                0x0c10ce68                timer3_start_timeout
                0x0c10cf20                timer3_timeout
                0x0c10cf5c                timer0_open_tick
                0x0c10d19c                timer0_open_ms
                0x0c10d2a8                timer0_close
 .text          0x0c10d33c      0x5a0 ../../BSP/Debug\libBSP.a(uart.o)
                0x0c10d33c                uart0_init
                0x0c10d3a0                uart0_putchar
                0x0c10d3f0                uart0_getchar
                0x0c10d438                uart0_puts
                0x0c10d488                uart0_putint
                0x0c10d59c                uart0_puthex
                0x0c10d654                uart0_gets
                0x0c10d6c0                uart0_getint
                0x0c10d7b0                uart0_gethex
 .text          0x0c10d8dc        0x0 ../../BSP/Debug\libBSP.a(font8x16.o)
 .text          0x0c10d8dc      0x114 c:/eclipsearm/sourcery-g++-lite-arm-2011.03/bin/../lib/gcc/arm-none-eabi/4.5.2\libgcc.a(_udivsi3.o)
                0x0c10d8dc                __aeabi_uidiv
                0x0c10d8dc                __udivsi3
                0x0c10d9d0                __aeabi_uidivmod
 .text          0x0c10d9f0        0x4 c:/eclipsearm/sourcery-g++-lite-arm-2011.03/bin/../lib/gcc/arm-none-eabi/4.5.2\libgcc.a(_dvmd_tls.o)
                0x0c10d9f0                __aeabi_idiv0
                0x0c10d9f0                __aeabi_ldiv0
 .text          0x0c10d9f4       0x3c c:/eclipsearm/sourcery-g++-lite-arm-2011.03/bin/../lib/gcc/arm-none-eabi/4.5.2\libgcc.a(_aeabi_uldivmod.o)
                0x0c10d9f4                __aeabi_uldivmod
 .text          0x0c10da30       0x80 c:/eclipsearm/sourcery-g++-lite-arm-2011.03/bin/../lib/gcc/arm-none-eabi/4.5.2\libgcc.a(bpabi.o)
                0x0c10da30                __gnu_ldivmod_helper
                0x0c10da70                __gnu_uldivmod_helper
 .text          0x0c10dab0      0x4a8 c:/eclipsearm/sourcery-g++-lite-arm-2011.03/bin/../lib/gcc/arm-none-eabi/4.5.2\libgcc.a(_divdi3.o)
                0x0c10dab0                __divdi3
 .text          0x0c10df58      0x434 c:/eclipsearm/sourcery-g++-lite-arm-2011.03/bin/../lib/gcc/arm-none-eabi/4.5.2\libgcc.a(_udivdi3.o)
                0x0c10df58                __udivdi3
 .text          0x0c10e38c       0x48 c:/eclipsearm/sourcery-g++-lite-arm-2011.03/bin/../lib/gcc/arm-none-eabi/4.5.2\libgcc.a(_clzsi2.o)
                0x0c10e38c                __clzsi2

.glue_7         0x0c10e3d4        0x0
 .glue_7        0x00000000        0x0 linker stubs

.glue_7t        0x0c10e3d4        0x0
 .glue_7t       0x00000000        0x0 linker stubs

.vfp11_veneer   0x0c10e3d4        0x0
 .vfp11_veneer  0x00000000        0x0 linker stubs

.v4_bx          0x0c10e3d4        0x0
 .v4_bx         0x00000000        0x0 linker stubs

.rodata         0x0c10e3d4     0x183c
 *(.rodata)
 .rodata        0x0c10e3d4      0x108 ./os_core/os_core.o
                0x0c10e3d4                OSMapTbl
                0x0c10e3dc                OSUnMapTbl
 .rodata        0x0c10e4dc       0x60 ./os_core/os_dbg_r.o
                0x0c10e4dc                OSDebugEn
                0x0c10e4e0                OSEndiannessTest
                0x0c10e4e4                OSEventEn
                0x0c10e4e6                OSEventMax
                0x0c10e4e8                OSEventNameSize
                0x0c10e4ea                OSEventSize
                0x0c10e4ec                OSEventTblSize
                0x0c10e4ee                OSFlagEn
                0x0c10e4f0                OSFlagGrpSize
                0x0c10e4f2                OSFlagNodeSize
                0x0c10e4f4                OSFlagWidth
                0x0c10e4f6                OSFlagMax
                0x0c10e4f8                OSFlagNameSize
                0x0c10e4fa                OSLowestPrio
                0x0c10e4fc                OSMboxEn
                0x0c10e4fe                OSMemEn
                0x0c10e500                OSMemMax
                0x0c10e502                OSMemNameSize
                0x0c10e504                OSMemSize
                0x0c10e506                OSMemTblSize
                0x0c10e508                OSMutexEn
                0x0c10e50a                OSPtrSize
                0x0c10e50c                OSQEn
                0x0c10e50e                OSQMax
                0x0c10e510                OSQSize
                0x0c10e512                OSRdyTblSize
                0x0c10e514                OSSemEn
                0x0c10e516                OSStkWidth
                0x0c10e518                OSTaskCreateEn
                0x0c10e51a                OSTaskCreateExtEn
                0x0c10e51c                OSTaskDelEn
                0x0c10e51e                OSTaskIdleStkSize
                0x0c10e520                OSTaskProfileEn
                0x0c10e522                OSTaskMax
                0x0c10e524                OSTaskNameSize
                0x0c10e526                OSTaskStatEn
                0x0c10e528                OSTaskStatStkSize
                0x0c10e52a                OSTaskStatStkChkEn
                0x0c10e52c                OSTaskSwHookEn
                0x0c10e52e                OSTCBPrioTblMax
                0x0c10e530                OSTCBSize
                0x0c10e532                OSTicksPerSec
                0x0c10e534                OSTimeTickHookEn
                0x0c10e536                OSVersionNbr
                0x0c10e538                OSDataSize
 .rodata        0x0c10e53c       0xd0 ./lab12.o
 .rodata        0x0c10e60c       0x10 ../../BSP/Debug\libBSP.a(segs.o)
 .rodata        0x0c10e61c      0x5f4 ../../BSP/Debug\libBSP.a(system.o)
 .rodata        0x0c10ec10     0x1000 ../../BSP/Debug\libBSP.a(font8x16.o)
                0x0c10ec10                font

.ARM.extab      0x0c10fc10        0x0
 .ARM.extab     0x0c10fc10        0x0 c:/eclipsearm/sourcery-g++-lite-arm-2011.03/bin/../lib/gcc/arm-none-eabi/4.5.2\libgcc.a(_divdi3.o)
 .ARM.extab     0x0c10fc10        0x0 c:/eclipsearm/sourcery-g++-lite-arm-2011.03/bin/../lib/gcc/arm-none-eabi/4.5.2\libgcc.a(_udivdi3.o)

.ARM.exidx      0x0c10fc10        0x8
 .ARM.exidx     0x0c10fc10        0x8 c:/eclipsearm/sourcery-g++-lite-arm-2011.03/bin/../lib/gcc/arm-none-eabi/4.5.2\libgcc.a(_divdi3.o)
 .ARM.exidx     0x0c10fc18        0x0 c:/eclipsearm/sourcery-g++-lite-arm-2011.03/bin/../lib/gcc/arm-none-eabi/4.5.2\libgcc.a(_udivdi3.o)
                                  0x8 (size before relaxing)

.data           0x0c10fc18        0x0
 *(.data)
 .data          0x0c10fc18        0x0 ./os_port/os_cpu_a.o
 .data          0x0c10fc18        0x0 ./os_port/os_cpu_c.o
 .data          0x0c10fc18        0x0 ./os_port/os_cpu_isr_wrapper.o
 .data          0x0c10fc18        0x0 ./os_core/os_core.o
 .data          0x0c10fc18        0x0 ./os_core/os_dbg_r.o
 .data          0x0c10fc18        0x0 ./os_core/os_flag.o
 .data          0x0c10fc18        0x0 ./os_core/os_mbox.o
 .data          0x0c10fc18        0x0 ./os_core/os_mem.o
 .data          0x0c10fc18        0x0 ./os_core/os_mutex.o
 .data          0x0c10fc18        0x0 ./os_core/os_q.o
 .data          0x0c10fc18        0x0 ./os_core/os_sem.o
 .data          0x0c10fc18        0x0 ./os_core/os_task.o
 .data          0x0c10fc18        0x0 ./os_core/os_time.o
 .data          0x0c10fc18        0x0 ./os_core/ucos_ii.o
 .data          0x0c10fc18        0x0 ./lab12-isr-wrappers.o
 .data          0x0c10fc18        0x0 ./lab12.o
 .data          0x0c10fc18        0x0 ../../BSP/Debug\libBSP.a(keypad.o)
 .data          0x0c10fc18        0x0 ../../BSP/Debug\libBSP.a(lcd.o)
 .data          0x0c10fc18        0x0 ../../BSP/Debug\libBSP.a(leds.o)
 .data          0x0c10fc18        0x0 ../../BSP/Debug\libBSP.a(pbs.o)
 .data          0x0c10fc18        0x0 ../../BSP/Debug\libBSP.a(rtc.o)
 .data          0x0c10fc18        0x0 ../../BSP/Debug\libBSP.a(segs.o)
 .data          0x0c10fc18        0x0 ../../BSP/Debug\libBSP.a(system.o)
 .data          0x0c10fc18        0x0 ../../BSP/Debug\libBSP.a(timers.o)
 .data          0x0c10fc18        0x0 ../../BSP/Debug\libBSP.a(uart.o)
 .data          0x0c10fc18        0x0 ../../BSP/Debug\libBSP.a(font8x16.o)
 .data          0x0c10fc18        0x0 c:/eclipsearm/sourcery-g++-lite-arm-2011.03/bin/../lib/gcc/arm-none-eabi/4.5.2\libgcc.a(_udivsi3.o)
 .data          0x0c10fc18        0x0 c:/eclipsearm/sourcery-g++-lite-arm-2011.03/bin/../lib/gcc/arm-none-eabi/4.5.2\libgcc.a(_dvmd_tls.o)
 .data          0x0c10fc18        0x0 c:/eclipsearm/sourcery-g++-lite-arm-2011.03/bin/../lib/gcc/arm-none-eabi/4.5.2\libgcc.a(_aeabi_uldivmod.o)
 .data          0x0c10fc18        0x0 c:/eclipsearm/sourcery-g++-lite-arm-2011.03/bin/../lib/gcc/arm-none-eabi/4.5.2\libgcc.a(bpabi.o)
 .data          0x0c10fc18        0x0 c:/eclipsearm/sourcery-g++-lite-arm-2011.03/bin/../lib/gcc/arm-none-eabi/4.5.2\libgcc.a(_divdi3.o)
 .data          0x0c10fc18        0x0 c:/eclipsearm/sourcery-g++-lite-arm-2011.03/bin/../lib/gcc/arm-none-eabi/4.5.2\libgcc.a(_udivdi3.o)
 .data          0x0c10fc18        0x0 c:/eclipsearm/sourcery-g++-lite-arm-2011.03/bin/../lib/gcc/arm-none-eabi/4.5.2\libgcc.a(_clzsi2.o)

.bss            0x0c10fc18    0x65584
 *(.bss)
 .bss           0x0c10fc18        0x0 ./os_port/os_cpu_a.o
 .bss           0x0c10fc18        0x0 ./os_port/os_cpu_c.o
 .bss           0x0c10fc18        0x0 ./os_port/os_cpu_isr_wrapper.o
 .bss           0x0c10fc18        0x0 ./os_core/os_core.o
 .bss           0x0c10fc18        0x0 ./os_core/os_dbg_r.o
 .bss           0x0c10fc18        0x0 ./os_core/os_flag.o
 .bss           0x0c10fc18        0x0 ./os_core/os_mbox.o
 .bss           0x0c10fc18        0x0 ./os_core/os_mem.o
 .bss           0x0c10fc18        0x0 ./os_core/os_mutex.o
 .bss           0x0c10fc18        0x0 ./os_core/os_q.o
 .bss           0x0c10fc18        0x0 ./os_core/os_sem.o
 .bss           0x0c10fc18        0x0 ./os_core/os_task.o
 .bss           0x0c10fc18        0x0 ./os_core/os_time.o
 .bss           0x0c10fc18        0x0 ./os_core/ucos_ii.o
 .bss           0x0c10fc18        0x0 ./lab12-isr-wrappers.o
 .bss           0x0c10fc18        0x0 ./lab12.o
 .bss           0x0c10fc18        0x0 ../../BSP/Debug\libBSP.a(keypad.o)
 .bss           0x0c10fc18     0x9600 ../../BSP/Debug\libBSP.a(lcd.o)
 .bss           0x0c119218        0x0 ../../BSP/Debug\libBSP.a(leds.o)
 .bss           0x0c119218        0x0 ../../BSP/Debug\libBSP.a(pbs.o)
 .bss           0x0c119218        0x0 ../../BSP/Debug\libBSP.a(rtc.o)
 .bss           0x0c119218        0x1 ../../BSP/Debug\libBSP.a(segs.o)
 .bss           0x0c119219        0x0 ../../BSP/Debug\libBSP.a(system.o)
 *fill*         0x0c119219        0x3 00
 .bss           0x0c11921c        0x8 ../../BSP/Debug\libBSP.a(timers.o)
 .bss           0x0c119224        0x0 ../../BSP/Debug\libBSP.a(uart.o)
 .bss           0x0c119224        0x0 ../../BSP/Debug\libBSP.a(font8x16.o)
 .bss           0x0c119224        0x0 c:/eclipsearm/sourcery-g++-lite-arm-2011.03/bin/../lib/gcc/arm-none-eabi/4.5.2\libgcc.a(_udivsi3.o)
 .bss           0x0c119224        0x0 c:/eclipsearm/sourcery-g++-lite-arm-2011.03/bin/../lib/gcc/arm-none-eabi/4.5.2\libgcc.a(_dvmd_tls.o)
 .bss           0x0c119224        0x0 c:/eclipsearm/sourcery-g++-lite-arm-2011.03/bin/../lib/gcc/arm-none-eabi/4.5.2\libgcc.a(_aeabi_uldivmod.o)
 .bss           0x0c119224        0x0 c:/eclipsearm/sourcery-g++-lite-arm-2011.03/bin/../lib/gcc/arm-none-eabi/4.5.2\libgcc.a(bpabi.o)
 .bss           0x0c119224        0x0 c:/eclipsearm/sourcery-g++-lite-arm-2011.03/bin/../lib/gcc/arm-none-eabi/4.5.2\libgcc.a(_divdi3.o)
 .bss           0x0c119224        0x0 c:/eclipsearm/sourcery-g++-lite-arm-2011.03/bin/../lib/gcc/arm-none-eabi/4.5.2\libgcc.a(_udivdi3.o)
 .bss           0x0c119224        0x0 c:/eclipsearm/sourcery-g++-lite-arm-2011.03/bin/../lib/gcc/arm-none-eabi/4.5.2\libgcc.a(_clzsi2.o)
 COMMON         0x0c119224     0x1e6c ./os_core/os_core.o
                0x0c119224                OSLockNesting
                0x0c119225                OSRunning
                0x0c119228                OSIdleCtr
                0x0c11922c                OSPrioHighRdy
                0x0c119230                OSFlagTbl
                0x0c11930c                OSPrioCur
                0x0c119310                OSTCBList
                0x0c119314                OSMemTbl
                0x0c119418                OSTickStepState
                0x0c11941c                OSTaskStatStk
                0x0c119c1c                OSCtxSwCtr
                0x0c119c20                OSIdleCtrMax
                0x0c119c24                OSTCBFreeList
                0x0c119c28                OSCPUUsage
                0x0c119c29                OSTaskCtr
                0x0c119c2c                OSMemFreeList
                0x0c119c30                OSQTbl
                0x0c119c90                OSTCBHighRdy
                0x0c119c94                OSQFreeList
                0x0c119c98                OSRdyGrp
                0x0c119c9c                OSRdyTbl
                0x0c119ca4                OSEventFreeList
                0x0c119ca8                OSIntNesting
                0x0c119cac                OSTCBCur
                0x0c119cb0                OSTime
                0x0c119cb4                OSTaskIdleStk
                0x0c11a4b4                OSEventTbl
                0x0c11a694                OSTCBTbl
                0x0c11af84                OSFlagFreeList
                0x0c11af88                OSStatRdy
                0x0c11af8c                OSTCBPrioTbl
                0x0c11b08c                OSIdleCtrRun
 COMMON         0x0c11b090    0x5a10c ./lab12.o
                0x0c11b090                Task3Stk
                0x0c125090                Task7Stk
                0x0c12f090                Task4Stk
                0x0c139090                lcdSem
                0x0c139094                Task2Stk
                0x0c143094                keypadQueue
                0x0c143098                uart0Sem
                0x0c14309c                Task6Stk
                0x0c14d09c                keypadQueueTable
                0x0c14d19c                Task1Stk
                0x0c15719c                Task8Stk
                0x0c16119c                TaskStartStk
                0x0c16b19c                Task5Stk
                0x0c17519c                end = .
OUTPUT(lab12.elf elf32-littlearm)

.ARM.attributes
                0x00000000       0x2e
 .ARM.attributes
                0x00000000       0x22 ./os_port/os_cpu_a.o
 .ARM.attributes
                0x00000022       0x32 ./os_port/os_cpu_c.o
 .ARM.attributes
                0x00000054       0x22 ./os_port/os_cpu_isr_wrapper.o
 .ARM.attributes
                0x00000076       0x32 ./os_core/os_core.o
 .ARM.attributes
                0x000000a8       0x32 ./os_core/os_dbg_r.o
 .ARM.attributes
                0x000000da       0x32 ./os_core/os_flag.o
 .ARM.attributes
                0x0000010c       0x32 ./os_core/os_mbox.o
 .ARM.attributes
                0x0000013e       0x32 ./os_core/os_mem.o
 .ARM.attributes
                0x00000170       0x32 ./os_core/os_mutex.o
 .ARM.attributes
                0x000001a2       0x32 ./os_core/os_q.o
 .ARM.attributes
                0x000001d4       0x32 ./os_core/os_sem.o
 .ARM.attributes
                0x00000206       0x32 ./os_core/os_task.o
 .ARM.attributes
                0x00000238       0x32 ./os_core/os_time.o
 .ARM.attributes
                0x0000026a       0x32 ./os_core/ucos_ii.o
 .ARM.attributes
                0x0000029c       0x22 ./lab12-isr-wrappers.o
 .ARM.attributes
                0x000002be       0x32 ./lab12.o
 .ARM.attributes
                0x000002f0       0x32 ../../BSP/Debug\libBSP.a(keypad.o)
 .ARM.attributes
                0x00000322       0x32 ../../BSP/Debug\libBSP.a(lcd.o)
 .ARM.attributes
                0x00000354       0x32 ../../BSP/Debug\libBSP.a(leds.o)
 .ARM.attributes
                0x00000386       0x32 ../../BSP/Debug\libBSP.a(pbs.o)
 .ARM.attributes
                0x000003b8       0x32 ../../BSP/Debug\libBSP.a(rtc.o)
 .ARM.attributes
                0x000003ea       0x32 ../../BSP/Debug\libBSP.a(segs.o)
 .ARM.attributes
                0x0000041c       0x32 ../../BSP/Debug\libBSP.a(system.o)
 .ARM.attributes
                0x0000044e       0x32 ../../BSP/Debug\libBSP.a(timers.o)
 .ARM.attributes
                0x00000480       0x32 ../../BSP/Debug\libBSP.a(uart.o)
 .ARM.attributes
                0x000004b2       0x32 ../../BSP/Debug\libBSP.a(font8x16.o)
 .ARM.attributes
                0x000004e4       0x1a c:/eclipsearm/sourcery-g++-lite-arm-2011.03/bin/../lib/gcc/arm-none-eabi/4.5.2\libgcc.a(_udivsi3.o)
 .ARM.attributes
                0x000004fe       0x18 c:/eclipsearm/sourcery-g++-lite-arm-2011.03/bin/../lib/gcc/arm-none-eabi/4.5.2\libgcc.a(_dvmd_tls.o)
 .ARM.attributes
                0x00000516       0x1a c:/eclipsearm/sourcery-g++-lite-arm-2011.03/bin/../lib/gcc/arm-none-eabi/4.5.2\libgcc.a(_aeabi_uldivmod.o)
 .ARM.attributes
                0x00000530       0x34 c:/eclipsearm/sourcery-g++-lite-arm-2011.03/bin/../lib/gcc/arm-none-eabi/4.5.2\libgcc.a(bpabi.o)
 .ARM.attributes
                0x00000564       0x34 c:/eclipsearm/sourcery-g++-lite-arm-2011.03/bin/../lib/gcc/arm-none-eabi/4.5.2\libgcc.a(_divdi3.o)
 .ARM.attributes
                0x00000598       0x34 c:/eclipsearm/sourcery-g++-lite-arm-2011.03/bin/../lib/gcc/arm-none-eabi/4.5.2\libgcc.a(_udivdi3.o)
 .ARM.attributes
                0x000005cc       0x1a c:/eclipsearm/sourcery-g++-lite-arm-2011.03/bin/../lib/gcc/arm-none-eabi/4.5.2\libgcc.a(_clzsi2.o)

.comment        0x00000000       0x2a
 .comment       0x00000000       0x2a ./os_port/os_cpu_c.o
                                 0x2b (size before relaxing)
 .comment       0x00000000       0x2b ./os_core/os_core.o
 .comment       0x00000000       0x2b ./os_core/os_dbg_r.o
 .comment       0x00000000       0x2b ./os_core/os_flag.o
 .comment       0x00000000       0x2b ./os_core/os_mbox.o
 .comment       0x00000000       0x2b ./os_core/os_mem.o
 .comment       0x00000000       0x2b ./os_core/os_mutex.o
 .comment       0x00000000       0x2b ./os_core/os_q.o
 .comment       0x00000000       0x2b ./os_core/os_sem.o
 .comment       0x00000000       0x2b ./os_core/os_task.o
 .comment       0x00000000       0x2b ./os_core/os_time.o
 .comment       0x00000000       0x2b ./os_core/ucos_ii.o
 .comment       0x00000000       0x2b ./lab12.o
 .comment       0x00000000       0x2b ../../BSP/Debug\libBSP.a(keypad.o)
 .comment       0x00000000       0x2b ../../BSP/Debug\libBSP.a(lcd.o)
 .comment       0x00000000       0x2b ../../BSP/Debug\libBSP.a(leds.o)
 .comment       0x00000000       0x2b ../../BSP/Debug\libBSP.a(pbs.o)
 .comment       0x00000000       0x2b ../../BSP/Debug\libBSP.a(rtc.o)
 .comment       0x00000000       0x2b ../../BSP/Debug\libBSP.a(segs.o)
 .comment       0x00000000       0x2b ../../BSP/Debug\libBSP.a(system.o)
 .comment       0x00000000       0x2b ../../BSP/Debug\libBSP.a(timers.o)
 .comment       0x00000000       0x2b ../../BSP/Debug\libBSP.a(uart.o)
 .comment       0x00000000       0x2b ../../BSP/Debug\libBSP.a(font8x16.o)

.debug_line     0x00000000     0x2356
 .debug_line    0x00000000       0x88 ./os_port/os_cpu_a.o
 .debug_line    0x00000088       0xdf ./os_port/os_cpu_c.o
 .debug_line    0x00000167      0x347 ./os_core/os_core.o
 .debug_line    0x000004ae       0xd7 ./os_core/os_dbg_r.o
 .debug_line    0x00000585      0x2ae ./os_core/os_flag.o
 .debug_line    0x00000833      0x184 ./os_core/os_mbox.o
 .debug_line    0x000009b7      0x174 ./os_core/os_mem.o
 .debug_line    0x00000b2b      0x1c3 ./os_core/os_mutex.o
 .debug_line    0x00000cee      0x203 ./os_core/os_q.o
 .debug_line    0x00000ef1      0x16b ./os_core/os_sem.o
 .debug_line    0x0000105c      0x243 ./os_core/os_task.o
 .debug_line    0x0000129f      0x108 ./os_core/os_time.o
 .debug_line    0x000013a7       0x98 ./os_core/ucos_ii.o
 .debug_line    0x0000143f       0x49 ./lab12-isr-wrappers.o
 .debug_line    0x00001488      0x2b2 ./lab12.o
 .debug_line    0x0000173a      0x17e ../../BSP/Debug\libBSP.a(keypad.o)
 .debug_line    0x000018b8      0x271 ../../BSP/Debug\libBSP.a(lcd.o)
 .debug_line    0x00001b29       0xa8 ../../BSP/Debug\libBSP.a(leds.o)
 .debug_line    0x00001bd1      0x144 ../../BSP/Debug\libBSP.a(pbs.o)
 .debug_line    0x00001d15       0xec ../../BSP/Debug\libBSP.a(rtc.o)
 .debug_line    0x00001e01       0x93 ../../BSP/Debug\libBSP.a(segs.o)
 .debug_line    0x00001e94      0x1f0 ../../BSP/Debug\libBSP.a(system.o)
 .debug_line    0x00002084      0x173 ../../BSP/Debug\libBSP.a(timers.o)
 .debug_line    0x000021f7      0x109 ../../BSP/Debug\libBSP.a(uart.o)
 .debug_line    0x00002300       0x56 ../../BSP/Debug\libBSP.a(font8x16.o)

.debug_info     0x00000000     0x88c1
 .debug_info    0x00000000       0x83 ./os_port/os_cpu_a.o
 .debug_info    0x00000083      0x513 ./os_port/os_cpu_c.o
 .debug_info    0x00000596     0x10e3 ./os_core/os_core.o
 .debug_info    0x00001679      0xed1 ./os_core/os_dbg_r.o
 .debug_info    0x0000254a      0x9e9 ./os_core/os_flag.o
 .debug_info    0x00002f33      0x665 ./os_core/os_mbox.o
 .debug_info    0x00003598      0x446 ./os_core/os_mem.o
 .debug_info    0x000039de      0x73e ./os_core/os_mutex.o
 .debug_info    0x0000411c      0x8a8 ./os_core/os_q.o
 .debug_info    0x000049c4      0x63f ./os_core/os_sem.o
 .debug_info    0x00005003      0xa53 ./os_core/os_task.o
 .debug_info    0x00005a56      0x58a ./os_core/os_time.o
 .debug_info    0x00005fe0      0x80c ./os_core/ucos_ii.o
 .debug_info    0x000067ec       0x85 ./lab12-isr-wrappers.o
 .debug_info    0x00006871      0x661 ./lab12.o
 .debug_info    0x00006ed2      0x24f ../../BSP/Debug\libBSP.a(keypad.o)
 .debug_info    0x00007121      0x806 ../../BSP/Debug\libBSP.a(lcd.o)
 .debug_info    0x00007927      0x12d ../../BSP/Debug\libBSP.a(leds.o)
 .debug_info    0x00007a54      0x240 ../../BSP/Debug\libBSP.a(pbs.o)
 .debug_info    0x00007c94      0x1ac ../../BSP/Debug\libBSP.a(rtc.o)
 .debug_info    0x00007e40      0x10d ../../BSP/Debug\libBSP.a(segs.o)
 .debug_info    0x00007f4d      0x390 ../../BSP/Debug\libBSP.a(system.o)
 .debug_info    0x000082dd      0x29d ../../BSP/Debug\libBSP.a(timers.o)
 .debug_info    0x0000857a      0x2b2 ../../BSP/Debug\libBSP.a(uart.o)
 .debug_info    0x0000882c       0x95 ../../BSP/Debug\libBSP.a(font8x16.o)

.debug_abbrev   0x00000000     0x19da
 .debug_abbrev  0x00000000       0x14 ./os_port/os_cpu_a.o
 .debug_abbrev  0x00000014      0x117 ./os_port/os_cpu_c.o
 .debug_abbrev  0x0000012b      0x220 ./os_core/os_core.o
 .debug_abbrev  0x0000034b      0x114 ./os_core/os_dbg_r.o
 .debug_abbrev  0x0000045f      0x193 ./os_core/os_flag.o
 .debug_abbrev  0x000005f2      0x15f ./os_core/os_mbox.o
 .debug_abbrev  0x00000751      0x160 ./os_core/os_mem.o
 .debug_abbrev  0x000008b1      0x17d ./os_core/os_mutex.o
 .debug_abbrev  0x00000a2e      0x176 ./os_core/os_q.o
 .debug_abbrev  0x00000ba4      0x167 ./os_core/os_sem.o
 .debug_abbrev  0x00000d0b      0x17e ./os_core/os_task.o
 .debug_abbrev  0x00000e89      0x119 ./os_core/os_time.o
 .debug_abbrev  0x00000fa2       0xc5 ./os_core/ucos_ii.o
 .debug_abbrev  0x00001067       0x14 ./lab12-isr-wrappers.o
 .debug_abbrev  0x0000107b      0x195 ./lab12.o
 .debug_abbrev  0x00001210       0xe1 ../../BSP/Debug\libBSP.a(keypad.o)
 .debug_abbrev  0x000012f1      0x15e ../../BSP/Debug\libBSP.a(lcd.o)
 .debug_abbrev  0x0000144f       0x8b ../../BSP/Debug\libBSP.a(leds.o)
 .debug_abbrev  0x000014da       0xd2 ../../BSP/Debug\libBSP.a(pbs.o)
 .debug_abbrev  0x000015ac       0xbe ../../BSP/Debug\libBSP.a(rtc.o)
 .debug_abbrev  0x0000166a       0xb3 ../../BSP/Debug\libBSP.a(segs.o)
 .debug_abbrev  0x0000171d       0x89 ../../BSP/Debug\libBSP.a(system.o)
 .debug_abbrev  0x000017a6       0xdd ../../BSP/Debug\libBSP.a(timers.o)
 .debug_abbrev  0x00001883       0xf4 ../../BSP/Debug\libBSP.a(uart.o)
 .debug_abbrev  0x00001977       0x63 ../../BSP/Debug\libBSP.a(font8x16.o)

.debug_aranges  0x00000000      0x2e0
 .debug_aranges
                0x00000000       0x20 ./os_port/os_cpu_a.o
 .debug_aranges
                0x00000020       0x20 ./os_port/os_cpu_c.o
 .debug_aranges
                0x00000040       0x20 ./os_core/os_core.o
 .debug_aranges
                0x00000060       0x20 ./os_core/os_dbg_r.o
 .debug_aranges
                0x00000080       0x20 ./os_core/os_flag.o
 .debug_aranges
                0x000000a0       0x20 ./os_core/os_mbox.o
 .debug_aranges
                0x000000c0       0x20 ./os_core/os_mem.o
 .debug_aranges
                0x000000e0       0x20 ./os_core/os_mutex.o
 .debug_aranges
                0x00000100       0x20 ./os_core/os_q.o
 .debug_aranges
                0x00000120       0x20 ./os_core/os_sem.o
 .debug_aranges
                0x00000140       0x20 ./os_core/os_task.o
 .debug_aranges
                0x00000160       0x20 ./os_core/os_time.o
 .debug_aranges
                0x00000180       0x20 ./lab12-isr-wrappers.o
 .debug_aranges
                0x000001a0       0x20 ./lab12.o
 .debug_aranges
                0x000001c0       0x20 ../../BSP/Debug\libBSP.a(keypad.o)
 .debug_aranges
                0x000001e0       0x20 ../../BSP/Debug\libBSP.a(lcd.o)
 .debug_aranges
                0x00000200       0x20 ../../BSP/Debug\libBSP.a(leds.o)
 .debug_aranges
                0x00000220       0x20 ../../BSP/Debug\libBSP.a(pbs.o)
 .debug_aranges
                0x00000240       0x20 ../../BSP/Debug\libBSP.a(rtc.o)
 .debug_aranges
                0x00000260       0x20 ../../BSP/Debug\libBSP.a(segs.o)
 .debug_aranges
                0x00000280       0x20 ../../BSP/Debug\libBSP.a(system.o)
 .debug_aranges
                0x000002a0       0x20 ../../BSP/Debug\libBSP.a(timers.o)
 .debug_aranges
                0x000002c0       0x20 ../../BSP/Debug\libBSP.a(uart.o)

.debug_macinfo  0x00000000    0x5e461
 .debug_macinfo
                0x00000000     0x3a67 ./os_port/os_cpu_c.o
 .debug_macinfo
                0x00003a67     0x3a59 ./os_core/os_core.o
 .debug_macinfo
                0x000074c0     0x3a51 ./os_core/os_dbg_r.o
 .debug_macinfo
                0x0000af11     0x3a51 ./os_core/os_flag.o
 .debug_macinfo
                0x0000e962     0x3a51 ./os_core/os_mbox.o
 .debug_macinfo
                0x000123b3     0x3a51 ./os_core/os_mem.o
 .debug_macinfo
                0x00015e04     0x3aab ./os_core/os_mutex.o
 .debug_macinfo
                0x000198af     0x3a51 ./os_core/os_q.o
 .debug_macinfo
                0x0001d300     0x3a51 ./os_core/os_sem.o
 .debug_macinfo
                0x00020d51     0x3a51 ./os_core/os_task.o
 .debug_macinfo
                0x000247a2     0x3a51 ./os_core/os_time.o
 .debug_macinfo
                0x000281f3     0x3a6b ./os_core/ucos_ii.o
 .debug_macinfo
                0x0002bc5e     0x6729 ./lab12.o
 .debug_macinfo
                0x00032387     0x4e4c ../../BSP/Debug\libBSP.a(keypad.o)
 .debug_macinfo
                0x000371d3     0x439b ../../BSP/Debug\libBSP.a(lcd.o)
 .debug_macinfo
                0x0003b56e     0x432c ../../BSP/Debug\libBSP.a(leds.o)
 .debug_macinfo
                0x0003f89a     0x4d0b ../../BSP/Debug\libBSP.a(pbs.o)
 .debug_macinfo
                0x000445a5     0x4c64 ../../BSP/Debug\libBSP.a(rtc.o)
 .debug_macinfo
                0x00049209     0x4c77 ../../BSP/Debug\libBSP.a(segs.o)
 .debug_macinfo
                0x0004de80     0x530a ../../BSP/Debug\libBSP.a(system.o)
 .debug_macinfo
                0x0005318a     0x4c91 ../../BSP/Debug\libBSP.a(timers.o)
 .debug_macinfo
                0x00057e1b     0x430d ../../BSP/Debug\libBSP.a(uart.o)
 .debug_macinfo
                0x0005c128     0x2339 ../../BSP/Debug\libBSP.a(font8x16.o)

.debug_loc      0x00000000     0x2890
 .debug_loc     0x00000000      0x1b8 ./os_port/os_cpu_c.o
 .debug_loc     0x000001b8      0x554 ./os_core/os_core.o
 .debug_loc     0x0000070c       0x2c ./os_core/os_dbg_r.o
 .debug_loc     0x00000738      0x23c ./os_core/os_flag.o
 .debug_loc     0x00000974      0x134 ./os_core/os_mbox.o
 .debug_loc     0x00000aa8      0x134 ./os_core/os_mem.o
 .debug_loc     0x00000bdc      0x108 ./os_core/os_mutex.o
 .debug_loc     0x00000ce4      0x1b8 ./os_core/os_q.o
 .debug_loc     0x00000e9c      0x134 ./os_core/os_sem.o
 .debug_loc     0x00000fd0      0x210 ./os_core/os_task.o
 .debug_loc     0x000011e0       0xdc ./os_core/os_time.o
 .debug_loc     0x000012bc      0x1e4 ./lab12.o
 .debug_loc     0x000014a0      0x210 ../../BSP/Debug\libBSP.a(keypad.o)
 .debug_loc     0x000016b0      0x344 ../../BSP/Debug\libBSP.a(lcd.o)
 .debug_loc     0x000019f4       0xdc ../../BSP/Debug\libBSP.a(leds.o)
 .debug_loc     0x00001ad0      0x210 ../../BSP/Debug\libBSP.a(pbs.o)
 .debug_loc     0x00001ce0       0xdc ../../BSP/Debug\libBSP.a(rtc.o)
 .debug_loc     0x00001dbc       0xb0 ../../BSP/Debug\libBSP.a(segs.o)
 .debug_loc     0x00001e6c      0x65c ../../BSP/Debug\libBSP.a(system.o)
 .debug_loc     0x000024c8      0x23c ../../BSP/Debug\libBSP.a(timers.o)
 .debug_loc     0x00002704      0x18c ../../BSP/Debug\libBSP.a(uart.o)

.debug_pubnames
                0x00000000     0x17de
 .debug_pubnames
                0x00000000       0xcd ./os_port/os_cpu_c.o
 .debug_pubnames
                0x000000cd      0x3b2 ./os_core/os_core.o
 .debug_pubnames
                0x0000047f      0x30b ./os_core/os_dbg_r.o
 .debug_pubnames
                0x0000078a       0xd0 ./os_core/os_flag.o
 .debug_pubnames
                0x0000085a       0x82 ./os_core/os_mbox.o
 .debug_pubnames
                0x000008dc       0x7c ./os_core/os_mem.o
 .debug_pubnames
                0x00000958       0x76 ./os_core/os_mutex.o
 .debug_pubnames
                0x000009ce       0x98 ./os_core/os_q.o
 .debug_pubnames
                0x00000a66       0x77 ./os_core/os_sem.o
 .debug_pubnames
                0x00000add       0xe5 ./os_core/os_task.o
 .debug_pubnames
                0x00000bc2       0x62 ./os_core/os_time.o
 .debug_pubnames
                0x00000c24      0x204 ./os_core/ucos_ii.o
 .debug_pubnames
                0x00000e28      0x13a ./lab12.o
 .debug_pubnames
                0x00000f62      0x10e ../../BSP/Debug\libBSP.a(keypad.o)
 .debug_pubnames
                0x00001070      0x143 ../../BSP/Debug\libBSP.a(lcd.o)
 .debug_pubnames
                0x000011b3       0x55 ../../BSP/Debug\libBSP.a(leds.o)
 .debug_pubnames
                0x00001208       0xe1 ../../BSP/Debug\libBSP.a(pbs.o)
 .debug_pubnames
                0x000012e9       0x5a ../../BSP/Debug\libBSP.a(rtc.o)
 .debug_pubnames
                0x00001343       0x4e ../../BSP/Debug\libBSP.a(segs.o)
 .debug_pubnames
                0x00001391      0x29d ../../BSP/Debug\libBSP.a(system.o)
 .debug_pubnames
                0x0000162e       0xee ../../BSP/Debug\libBSP.a(timers.o)
 .debug_pubnames
                0x0000171c       0xa7 ../../BSP/Debug\libBSP.a(uart.o)
 .debug_pubnames
                0x000017c3       0x1b ../../BSP/Debug\libBSP.a(font8x16.o)

.debug_pubtypes
                0x00000000      0xe02
 .debug_pubtypes
                0x00000000       0xd4 ./os_port/os_cpu_c.o
 .debug_pubtypes
                0x000000d4      0x14f ./os_core/os_core.o
 .debug_pubtypes
                0x00000223      0x12f ./os_core/os_dbg_r.o
 .debug_pubtypes
                0x00000352       0xf4 ./os_core/os_flag.o
 .debug_pubtypes
                0x00000446       0xf6 ./os_core/os_mbox.o
 .debug_pubtypes
                0x0000053c       0x88 ./os_core/os_mem.o
 .debug_pubtypes
                0x000005c4       0xf8 ./os_core/os_mutex.o
 .debug_pubtypes
                0x000006bc      0x102 ./os_core/os_q.o
 .debug_pubtypes
                0x000007be       0xf4 ./os_core/os_sem.o
 .debug_pubtypes
                0x000008b2       0xf4 ./os_core/os_task.o
 .debug_pubtypes
                0x000009a6       0xd4 ./os_core/os_time.o
 .debug_pubtypes
                0x00000a7a      0x12f ./os_core/ucos_ii.o
 .debug_pubtypes
                0x00000ba9       0x86 ./lab12.o
 .debug_pubtypes
                0x00000c2f       0x32 ../../BSP/Debug\libBSP.a(keypad.o)
 .debug_pubtypes
                0x00000c61       0x3c ../../BSP/Debug\libBSP.a(lcd.o)
 .debug_pubtypes
                0x00000c9d       0x27 ../../BSP/Debug\libBSP.a(leds.o)
 .debug_pubtypes
                0x00000cc4       0x32 ../../BSP/Debug\libBSP.a(pbs.o)
 .debug_pubtypes
                0x00000cf6       0x36 ../../BSP/Debug\libBSP.a(rtc.o)
 .debug_pubtypes
                0x00000d2c       0x1c ../../BSP/Debug\libBSP.a(segs.o)
 .debug_pubtypes
                0x00000d48       0x27 ../../BSP/Debug\libBSP.a(system.o)
 .debug_pubtypes
                0x00000d6f       0x3d ../../BSP/Debug\libBSP.a(timers.o)
 .debug_pubtypes
                0x00000dac       0x3a ../../BSP/Debug\libBSP.a(uart.o)
 .debug_pubtypes
                0x00000de6       0x1c ../../BSP/Debug\libBSP.a(font8x16.o)

.debug_str      0x00000000     0x194c
 .debug_str     0x00000000      0x3c9 ./os_port/os_cpu_c.o
                                0x3e7 (size before relaxing)
 .debug_str     0x000003c9      0x482 ./os_core/os_core.o
                                0x7cd (size before relaxing)
 .debug_str     0x0000084b      0x255 ./os_core/os_dbg_r.o
                                0x7bf (size before relaxing)
 .debug_str     0x00000aa0      0x130 ./os_core/os_flag.o
                                0x4fb (size before relaxing)
 .debug_str     0x00000bd0       0x95 ./os_core/os_mbox.o
                                0x40c (size before relaxing)
 .debug_str     0x00000c65       0xdc ./os_core/os_mem.o
                                0x22f (size before relaxing)
 .debug_str     0x00000d41       0xb0 ./os_core/os_mutex.o
                                0x461 (size before relaxing)
 .debug_str     0x00000df1       0x95 ./os_core/os_q.o
                                0x471 (size before relaxing)
 .debug_str     0x00000e86       0x86 ./os_core/os_sem.o
                                0x3fd (size before relaxing)
 .debug_str     0x00000f0c       0xff ./os_core/os_task.o
                                0x50f (size before relaxing)
 .debug_str     0x0000100b       0x79 ./os_core/os_time.o
                                0x3db (size before relaxing)
 .debug_str     0x00001084       0x15 ./os_core/ucos_ii.o
                                0x57f (size before relaxing)
 .debug_str     0x00001099      0x104 ./lab12.o
                                0x25e (size before relaxing)
 .debug_str     0x0000119d      0x11c ../../BSP/Debug\libBSP.a(keypad.o)
                                0x1ae (size before relaxing)
 .debug_str     0x000012b9      0x150 ../../BSP/Debug\libBSP.a(lcd.o)
                                0x22f (size before relaxing)
 .debug_str     0x00001409       0x3d ../../BSP/Debug\libBSP.a(leds.o)
                                 0xff (size before relaxing)
 .debug_str     0x00001446       0xac ../../BSP/Debug\libBSP.a(pbs.o)
                                0x17e (size before relaxing)
 .debug_str     0x000014f2       0x4c ../../BSP/Debug\libBSP.a(rtc.o)
                                0x136 (size before relaxing)
 .debug_str     0x0000153e       0x49 ../../BSP/Debug\libBSP.a(segs.o)
                                0x104 (size before relaxing)
 .debug_str     0x00001587      0x23d ../../BSP/Debug\libBSP.a(system.o)
                                0x2ff (size before relaxing)
 .debug_str     0x000017c4       0xe5 ../../BSP/Debug\libBSP.a(timers.o)
                                0x1ae (size before relaxing)
 .debug_str     0x000018a9       0x91 ../../BSP/Debug\libBSP.a(uart.o)
                                0x163 (size before relaxing)
 .debug_str     0x0000193a       0x12 ../../BSP/Debug\libBSP.a(font8x16.o)
                                 0xd2 (size before relaxing)

.debug_frame    0x00000000     0x2140
 .debug_frame   0x00000000      0x150 ./os_port/os_cpu_c.o
 .debug_frame   0x00000150      0x3f0 ./os_core/os_core.o
 .debug_frame   0x00000540       0x30 ./os_core/os_dbg_r.o
 .debug_frame   0x00000570      0x1b0 ./os_core/os_flag.o
 .debug_frame   0x00000720       0xf0 ./os_core/os_mbox.o
 .debug_frame   0x00000810       0xf0 ./os_core/os_mem.o
 .debug_frame   0x00000900       0xd0 ./os_core/os_mutex.o
 .debug_frame   0x000009d0      0x150 ./os_core/os_q.o
 .debug_frame   0x00000b20       0xf0 ./os_core/os_sem.o
 .debug_frame   0x00000c10      0x190 ./os_core/os_task.o
 .debug_frame   0x00000da0       0xb0 ./os_core/os_time.o
 .debug_frame   0x00000e50      0x170 ./lab12.o
 .debug_frame   0x00000fc0      0x190 ../../BSP/Debug\libBSP.a(keypad.o)
 .debug_frame   0x00001150      0x270 ../../BSP/Debug\libBSP.a(lcd.o)
 .debug_frame   0x000013c0       0xb0 ../../BSP/Debug\libBSP.a(leds.o)
 .debug_frame   0x00001470      0x190 ../../BSP/Debug\libBSP.a(pbs.o)
 .debug_frame   0x00001600       0xb0 ../../BSP/Debug\libBSP.a(rtc.o)
 .debug_frame   0x000016b0       0x90 ../../BSP/Debug\libBSP.a(segs.o)
 .debug_frame   0x00001740      0x630 ../../BSP/Debug\libBSP.a(system.o)
 .debug_frame   0x00001d70      0x1b8 ../../BSP/Debug\libBSP.a(timers.o)
 .debug_frame   0x00001f28      0x130 ../../BSP/Debug\libBSP.a(uart.o)
 .debug_frame   0x00002058       0x20 c:/eclipsearm/sourcery-g++-lite-arm-2011.03/bin/../lib/gcc/arm-none-eabi/4.5.2\libgcc.a(_udivsi3.o)
 .debug_frame   0x00002078       0x50 c:/eclipsearm/sourcery-g++-lite-arm-2011.03/bin/../lib/gcc/arm-none-eabi/4.5.2\libgcc.a(bpabi.o)
 .debug_frame   0x000020c8       0x3c c:/eclipsearm/sourcery-g++-lite-arm-2011.03/bin/../lib/gcc/arm-none-eabi/4.5.2\libgcc.a(_divdi3.o)
 .debug_frame   0x00002104       0x3c c:/eclipsearm/sourcery-g++-lite-arm-2011.03/bin/../lib/gcc/arm-none-eabi/4.5.2\libgcc.a(_udivdi3.o)
