
Memory Configuration

Name             Origin             Length             Attributes
*default*        0x00000000         0xffffffff

Linker script and memory map

LOAD ./lab3.o
LOAD ./leds.o
LOAD ./segs.o
LOAD ./systemLab3.o
LOAD ../../BSP/Debug\libBSP.a
START GROUP
LOAD c:/eclipsearm/sourcery-g++-lite-arm-2011.03/bin/../lib/gcc/arm-none-eabi/4.5.2\libgcc.a
LOAD c:/eclipsearm/sourcery-g++-lite-arm-2011.03/bin/../lib/gcc/arm-none-eabi/4.5.2/../../../../arm-none-eabi/lib\libc.a
END GROUP
                0x0c100000                . = 0xc100000

.text           0x0c100000      0x5ac
 *(.text)
 .text          0x0c100000      0x128 ./lab3.o
                0x0c100000                main
                0x0c1000f4                delay
 .text          0x0c100128      0x208 ./leds.o
                0x0c100128                leds_init
                0x0c100168                led_on
                0x0c1001c8                led_off
                0x0c100228                led_toggle
                0x0c100288                led_status
 .text          0x0c100330       0xd4 ./segs.o
                0x0c100330                segs_init
                0x0c10034c                segs_off
                0x0c100384                segs_putchar
                0x0c1003dc                segs_status
 .text          0x0c100404      0x1a8 ./systemLab3.o
                0x0c100590                sys_init

.glue_7         0x0c1005ac        0x0
 .glue_7        0x00000000        0x0 linker stubs

.glue_7t        0x0c1005ac        0x0
 .glue_7t       0x00000000        0x0 linker stubs

.vfp11_veneer   0x0c1005ac        0x0
 .vfp11_veneer  0x00000000        0x0 linker stubs

.v4_bx          0x0c1005ac        0x0
 .v4_bx         0x00000000        0x0 linker stubs

.rodata         0x0c1005ac       0x10
 *(.rodata)
 .rodata        0x0c1005ac       0x10 ./segs.o

.data           0x0c1005bc        0x0
 *(.data)
 .data          0x0c1005bc        0x0 ./lab3.o
 .data          0x0c1005bc        0x0 ./leds.o
 .data          0x0c1005bc        0x0 ./segs.o
 .data          0x0c1005bc        0x0 ./systemLab3.o

.bss            0x0c1005bc        0x1
 *(.bss)
 .bss           0x0c1005bc        0x0 ./lab3.o
 .bss           0x0c1005bc        0x0 ./leds.o
 .bss           0x0c1005bc        0x1 ./segs.o
 .bss           0x0c1005bd        0x0 ./systemLab3.o
                0x0c1005bd                end = .
OUTPUT(lab3.elf elf32-littlearm)

.debug_abbrev   0x00000000      0x213
 .debug_abbrev  0x00000000       0x74 ./lab3.o
 .debug_abbrev  0x00000074       0x8b ./leds.o
 .debug_abbrev  0x000000ff       0xb3 ./segs.o
 .debug_abbrev  0x000001b2       0x61 ./systemLab3.o

.debug_info     0x00000000      0x38f
 .debug_info    0x00000000       0xbf ./lab3.o
 .debug_info    0x000000bf      0x12d ./leds.o
 .debug_info    0x000001ec      0x10d ./segs.o
 .debug_info    0x000002f9       0x96 ./systemLab3.o

.debug_line     0x00000000      0x296
 .debug_line    0x00000000       0xc6 ./lab3.o
 .debug_line    0x000000c6       0xa4 ./leds.o
 .debug_line    0x0000016a       0x8f ./segs.o
 .debug_line    0x000001f9       0x9d ./systemLab3.o

.debug_macinfo  0x00000000     0xf654
 .debug_macinfo
                0x00000000     0x23a2 ./lab3.o
 .debug_macinfo
                0x000023a2     0x432c ./leds.o
 .debug_macinfo
                0x000066ce     0x4c77 ./segs.o
 .debug_macinfo
                0x0000b345     0x430f ./systemLab3.o

.debug_loc      0x00000000      0x23c
 .debug_loc     0x00000000       0x58 ./lab3.o
 .debug_loc     0x00000058       0xdc ./leds.o
 .debug_loc     0x00000134       0xb0 ./segs.o
 .debug_loc     0x000001e4       0x58 ./systemLab3.o

.debug_pubnames
                0x00000000       0xe7
 .debug_pubnames
                0x00000000       0x25 ./lab3.o
 .debug_pubnames
                0x00000025       0x55 ./leds.o
 .debug_pubnames
                0x0000007a       0x4e ./segs.o
 .debug_pubnames
                0x000000c8       0x1f ./systemLab3.o

.debug_pubtypes
                0x00000000       0x87
 .debug_pubtypes
                0x00000000       0x27 ./lab3.o
 .debug_pubtypes
                0x00000027       0x27 ./leds.o
 .debug_pubtypes
                0x0000004e       0x1c ./segs.o
 .debug_pubtypes
                0x0000006a       0x1d ./systemLab3.o

.debug_aranges  0x00000000       0x80
 .debug_aranges
                0x00000000       0x20 ./lab3.o
 .debug_aranges
                0x00000020       0x20 ./leds.o
 .debug_aranges
                0x00000040       0x20 ./segs.o
 .debug_aranges
                0x00000060       0x20 ./systemLab3.o

.debug_str      0x00000000      0x160
 .debug_str     0x00000000       0xbf ./lab3.o
                                 0xd8 (size before relaxing)
 .debug_str     0x000000bf       0x39 ./leds.o
                                 0xfc (size before relaxing)
 .debug_str     0x000000f8       0x45 ./segs.o
                                0x101 (size before relaxing)
 .debug_str     0x0000013d       0x23 ./systemLab3.o
                                 0xe0 (size before relaxing)

.comment        0x00000000       0x2a
 .comment       0x00000000       0x2a ./lab3.o
                                 0x2b (size before relaxing)
 .comment       0x00000000       0x2b ./leds.o
 .comment       0x00000000       0x2b ./segs.o
 .comment       0x00000000       0x2b ./systemLab3.o

.ARM.attributes
                0x00000000       0x32
 .ARM.attributes
                0x00000000       0x32 ./lab3.o
 .ARM.attributes
                0x00000032       0x32 ./leds.o
 .ARM.attributes
                0x00000064       0x32 ./segs.o
 .ARM.attributes
                0x00000096       0x32 ./systemLab3.o

.debug_frame    0x00000000      0x1e4
 .debug_frame   0x00000000       0x54 ./lab3.o
 .debug_frame   0x00000054       0xb0 ./leds.o
 .debug_frame   0x00000104       0x90 ./segs.o
 .debug_frame   0x00000194       0x50 ./systemLab3.o
