Archive member included because of file (symbol)

../../BSP/Debug\libBSP.a(lcd.o)
                              ./lab10.o (lcd_init)
../../BSP/Debug\libBSP.a(system.o)
                              ./lab10.o (sys_init)
../../BSP/Debug\libBSP.a(timers.o)
                              ./lab10.o (timers_init)
../../BSP/Debug\libBSP.a(ts.o)
                              ./lab10.o (ts_init)
../../BSP/Debug\libBSP.a(uart.o)
                              ./lab10.o (uart0_init)
../../BSP/Debug\libBSP.a(adc.o)
                              ../../BSP/Debug\libBSP.a(ts.o) (adc_init)
../../BSP/Debug\libBSP.a(font8x16.o)
                              ../../BSP/Debug\libBSP.a(lcd.o) (font)
c:/eclipsearm/sourcery-g++-lite-arm-2011.03/bin/../lib/gcc/arm-none-eabi/4.5.2\libgcc.a(_udivsi3.o)
                              ../../BSP/Debug\libBSP.a(timers.o) (__aeabi_uidiv)
c:/eclipsearm/sourcery-g++-lite-arm-2011.03/bin/../lib/gcc/arm-none-eabi/4.5.2\libgcc.a(_divsi3.o)
                              ../../BSP/Debug\libBSP.a(ts.o) (__aeabi_idiv)
c:/eclipsearm/sourcery-g++-lite-arm-2011.03/bin/../lib/gcc/arm-none-eabi/4.5.2\libgcc.a(_dvmd_tls.o)
                              c:/eclipsearm/sourcery-g++-lite-arm-2011.03/bin/../lib/gcc/arm-none-eabi/4.5.2\libgcc.a(_udivsi3.o) (__aeabi_idiv0)
c:/eclipsearm/sourcery-g++-lite-arm-2011.03/bin/../lib/gcc/arm-none-eabi/4.5.2\libgcc.a(_aeabi_uldivmod.o)
                              ../../BSP/Debug\libBSP.a(timers.o) (__aeabi_uldivmod)
c:/eclipsearm/sourcery-g++-lite-arm-2011.03/bin/../lib/gcc/arm-none-eabi/4.5.2\libgcc.a(bpabi.o)
                              c:/eclipsearm/sourcery-g++-lite-arm-2011.03/bin/../lib/gcc/arm-none-eabi/4.5.2\libgcc.a(_aeabi_uldivmod.o) (__gnu_uldivmod_helper)
c:/eclipsearm/sourcery-g++-lite-arm-2011.03/bin/../lib/gcc/arm-none-eabi/4.5.2\libgcc.a(_divdi3.o)
                              c:/eclipsearm/sourcery-g++-lite-arm-2011.03/bin/../lib/gcc/arm-none-eabi/4.5.2\libgcc.a(bpabi.o) (__divdi3)
c:/eclipsearm/sourcery-g++-lite-arm-2011.03/bin/../lib/gcc/arm-none-eabi/4.5.2\libgcc.a(_udivdi3.o)
                              c:/eclipsearm/sourcery-g++-lite-arm-2011.03/bin/../lib/gcc/arm-none-eabi/4.5.2\libgcc.a(bpabi.o) (__udivdi3)
c:/eclipsearm/sourcery-g++-lite-arm-2011.03/bin/../lib/gcc/arm-none-eabi/4.5.2\libgcc.a(_clzsi2.o)
                              c:/eclipsearm/sourcery-g++-lite-arm-2011.03/bin/../lib/gcc/arm-none-eabi/4.5.2\libgcc.a(_divdi3.o) (__clzsi2)

Memory Configuration

Name             Origin             Length             Attributes
*default*        0x00000000         0xffffffff

Linker script and memory map

LOAD ./lab10.o
LOAD ../../BSP/Debug\libBSP.a
START GROUP
LOAD c:/eclipsearm/sourcery-g++-lite-arm-2011.03/bin/../lib/gcc/arm-none-eabi/4.5.2\libgcc.a
LOAD c:/eclipsearm/sourcery-g++-lite-arm-2011.03/bin/../lib/gcc/arm-none-eabi/4.5.2/../../../../arm-none-eabi/lib\libc.a
END GROUP
                0x0c100000                . = 0xc100000

.text           0x0c100000     0x4ff4
 *(.text)
 .text          0x0c100000      0xac8 ./lab10.o
                0x0c100000                main
                0x0c100728                lcd_draw_grid
 .text          0x0c100ac8     0x12a0 ../../BSP/Debug\libBSP.a(lcd.o)
                0x0c100ac8                lcd_init
                0x0c100c4c                lcd_on
                0x0c100c78                lcd_off
                0x0c100ca4                lcd_status
                0x0c100ce4                lcd_clear
                0x0c100d78                lcd_putpixel
                0x0c100e64                lcd_getpixel
                0x0c100f40                lcd_draw_hline
                0x0c100ff0                lcd_draw_vline
                0x0c1010a0                lcd_draw_box
                0x0c101158                lcd_putchar
                0x0c1012ac                lcd_puts
                0x0c101370                lcd_putint
                0x0c1014bc                lcd_puthex
                0x0c10159c                lcd_putchar_x2
                0x0c10191c                lcd_puts_x2
                0x0c1019e0                lcd_putint_x2
                0x0c101b2c                lcd_puthex_x2
                0x0c101c0c                lcd_putWallpaper
 .text          0x0c101d68      0xb34 ../../BSP/Debug\libBSP.a(system.o)
                0x0c101d68                sys_init
                0x0c1022c8                isr_SWI_dummy
                0x0c1022f4                isr_UNDEF_dummy
                0x0c102320                isr_IRQ_dummy
                0x0c10234c                isr_FIQ_dummy
                0x0c102378                isr_PABORT_dummy
                0x0c1023a4                isr_DABORT_dummy
                0x0c1023d0                isr_ADC_dummy
                0x0c1023fc                isr_RTC_dummy
                0x0c102428                isr_UTXD1_dummy
                0x0c102454                isr_UTXD0_dummy
                0x0c102480                isr_SIO_dummy
                0x0c1024ac                isr_IIC_dummy
                0x0c1024d8                isr_URXD1_dummy
                0x0c102504                isr_URXD0_dummy
                0x0c102530                isr_TIMER5_dummy
                0x0c10255c                isr_TIMER4_dummy
                0x0c102588                isr_TIMER3_dummy
                0x0c1025b4                isr_TIMER2_dummy
                0x0c1025e0                isr_TIMER1_dummy
                0x0c10260c                isr_TIMER0_dummy
                0x0c102638                isr_UERR01_dummy
                0x0c102664                isr_WDT_dummy
                0x0c102690                isr_BDMA1_dummy
                0x0c1026bc                isr_BDMA0_dummy
                0x0c1026e8                isr_ZDMA1_dummy
                0x0c102714                isr_ZDMA0_dummy
                0x0c102740                isr_TICK_dummy
                0x0c10276c                isr_PB_dummy
                0x0c102798                isr_ETHERNET_dummy
                0x0c1027c4                isr_TS_dummy
                0x0c1027f0                isr_KEYPAD_dummy
                0x0c10281c                isr_USB_dummy
                0x0c10286c                sleep
 .text          0x0c10289c      0x9f0 ../../BSP/Debug\libBSP.a(timers.o)
                0x0c10289c                timers_init
                0x0c102a54                timer3_delay_ms
                0x0c102b34                sw_delay_ms
                0x0c102b8c                timer3_delay_s
                0x0c102c5c                sw_delay_s
                0x0c102cb4                timer3_start
                0x0c102d64                timer3_stop
                0x0c102db8                timer3_start_timeout
                0x0c102e70                timer3_timeout
                0x0c102eac                timer0_open_tick
                0x0c1030ec                timer0_open_ms
                0x0c1031f8                timer0_close
 .text          0x0c10328c      0x914 ../../BSP/Debug\libBSP.a(ts.o)
                0x0c10328c                ts_init
                0x0c1032e4                ts_on
                0x0c103310                ts_off
                0x0c10333c                ts_status
                0x0c103608                ts_wait_down
                0x0c103644                ts_wait_up
                0x0c1036a0                ts_getpos
                0x0c103714                ts_getpostime
                0x0c1037e0                ts_timeout_getpos
                0x0c103b04                ts_open
                0x0c103b5c                ts_close
 .text          0x0c103ba0      0x5a0 ../../BSP/Debug\libBSP.a(uart.o)
                0x0c103ba0                uart0_init
                0x0c103c04                uart0_putchar
                0x0c103c54                uart0_getchar
                0x0c103c9c                uart0_puts
                0x0c103cec                uart0_putint
                0x0c103e00                uart0_puthex
                0x0c103eb8                uart0_gets
                0x0c103f24                uart0_getint
                0x0c104014                uart0_gethex
 .text          0x0c104140      0x274 ../../BSP/Debug\libBSP.a(adc.o)
                0x0c104140                adc_init
                0x0c10416c                adc_on
                0x0c1041bc                adc_off
                0x0c104200                adc_status
                0x0c104228                adc_getSample
                0x0c104318                adc_open
                0x0c104370                adc_close
 .text          0x0c1043b4        0x0 ../../BSP/Debug\libBSP.a(font8x16.o)
 .text          0x0c1043b4      0x114 c:/eclipsearm/sourcery-g++-lite-arm-2011.03/bin/../lib/gcc/arm-none-eabi/4.5.2\libgcc.a(_udivsi3.o)
                0x0c1043b4                __aeabi_uidiv
                0x0c1043b4                __udivsi3
                0x0c1044a8                __aeabi_uidivmod
 .text          0x0c1044c8      0x148 c:/eclipsearm/sourcery-g++-lite-arm-2011.03/bin/../lib/gcc/arm-none-eabi/4.5.2\libgcc.a(_divsi3.o)
                0x0c1044c8                __divsi3
                0x0c1044c8                __aeabi_idiv
                0x0c1045f0                __aeabi_idivmod
 .text          0x0c104610        0x4 c:/eclipsearm/sourcery-g++-lite-arm-2011.03/bin/../lib/gcc/arm-none-eabi/4.5.2\libgcc.a(_dvmd_tls.o)
                0x0c104610                __aeabi_idiv0
                0x0c104610                __aeabi_ldiv0
 .text          0x0c104614       0x3c c:/eclipsearm/sourcery-g++-lite-arm-2011.03/bin/../lib/gcc/arm-none-eabi/4.5.2\libgcc.a(_aeabi_uldivmod.o)
                0x0c104614                __aeabi_uldivmod
 .text          0x0c104650       0x80 c:/eclipsearm/sourcery-g++-lite-arm-2011.03/bin/../lib/gcc/arm-none-eabi/4.5.2\libgcc.a(bpabi.o)
                0x0c104650                __gnu_ldivmod_helper
                0x0c104690                __gnu_uldivmod_helper
 .text          0x0c1046d0      0x4a8 c:/eclipsearm/sourcery-g++-lite-arm-2011.03/bin/../lib/gcc/arm-none-eabi/4.5.2\libgcc.a(_divdi3.o)
                0x0c1046d0                __divdi3
 .text          0x0c104b78      0x434 c:/eclipsearm/sourcery-g++-lite-arm-2011.03/bin/../lib/gcc/arm-none-eabi/4.5.2\libgcc.a(_udivdi3.o)
                0x0c104b78                __udivdi3
 .text          0x0c104fac       0x48 c:/eclipsearm/sourcery-g++-lite-arm-2011.03/bin/../lib/gcc/arm-none-eabi/4.5.2\libgcc.a(_clzsi2.o)
                0x0c104fac                __clzsi2

.glue_7         0x0c104ff4        0x0
 .glue_7        0x00000000        0x0 linker stubs

.glue_7t        0x0c104ff4        0x0
 .glue_7t       0x00000000        0x0 linker stubs

.vfp11_veneer   0x0c104ff4        0x0
 .vfp11_veneer  0x00000000        0x0 linker stubs

.v4_bx          0x0c104ff4        0x0
 .v4_bx         0x00000000        0x0 linker stubs

.rodata         0x0c104ff4     0x1648
 *(.rodata)
 .rodata        0x0c104ff4       0x54 ./lab10.o
 .rodata        0x0c105048      0x5f4 ../../BSP/Debug\libBSP.a(system.o)
 .rodata        0x0c10563c     0x1000 ../../BSP/Debug\libBSP.a(font8x16.o)
                0x0c10563c                font

.ARM.extab      0x0c10663c        0x0
 .ARM.extab     0x0c10663c        0x0 c:/eclipsearm/sourcery-g++-lite-arm-2011.03/bin/../lib/gcc/arm-none-eabi/4.5.2\libgcc.a(_divdi3.o)
 .ARM.extab     0x0c10663c        0x0 c:/eclipsearm/sourcery-g++-lite-arm-2011.03/bin/../lib/gcc/arm-none-eabi/4.5.2\libgcc.a(_udivdi3.o)

.ARM.exidx      0x0c10663c        0x8
 .ARM.exidx     0x0c10663c        0x8 c:/eclipsearm/sourcery-g++-lite-arm-2011.03/bin/../lib/gcc/arm-none-eabi/4.5.2\libgcc.a(_divdi3.o)
 .ARM.exidx     0x0c106644        0x0 c:/eclipsearm/sourcery-g++-lite-arm-2011.03/bin/../lib/gcc/arm-none-eabi/4.5.2\libgcc.a(_udivdi3.o)
                                  0x8 (size before relaxing)

.data           0x0c106644        0x0
 *(.data)
 .data          0x0c106644        0x0 ./lab10.o
 .data          0x0c106644        0x0 ../../BSP/Debug\libBSP.a(lcd.o)
 .data          0x0c106644        0x0 ../../BSP/Debug\libBSP.a(system.o)
 .data          0x0c106644        0x0 ../../BSP/Debug\libBSP.a(timers.o)
 .data          0x0c106644        0x0 ../../BSP/Debug\libBSP.a(ts.o)
 .data          0x0c106644        0x0 ../../BSP/Debug\libBSP.a(uart.o)
 .data          0x0c106644        0x0 ../../BSP/Debug\libBSP.a(adc.o)
 .data          0x0c106644        0x0 ../../BSP/Debug\libBSP.a(font8x16.o)
 .data          0x0c106644        0x0 c:/eclipsearm/sourcery-g++-lite-arm-2011.03/bin/../lib/gcc/arm-none-eabi/4.5.2\libgcc.a(_udivsi3.o)
 .data          0x0c106644        0x0 c:/eclipsearm/sourcery-g++-lite-arm-2011.03/bin/../lib/gcc/arm-none-eabi/4.5.2\libgcc.a(_divsi3.o)
 .data          0x0c106644        0x0 c:/eclipsearm/sourcery-g++-lite-arm-2011.03/bin/../lib/gcc/arm-none-eabi/4.5.2\libgcc.a(_dvmd_tls.o)
 .data          0x0c106644        0x0 c:/eclipsearm/sourcery-g++-lite-arm-2011.03/bin/../lib/gcc/arm-none-eabi/4.5.2\libgcc.a(_aeabi_uldivmod.o)
 .data          0x0c106644        0x0 c:/eclipsearm/sourcery-g++-lite-arm-2011.03/bin/../lib/gcc/arm-none-eabi/4.5.2\libgcc.a(bpabi.o)
 .data          0x0c106644        0x0 c:/eclipsearm/sourcery-g++-lite-arm-2011.03/bin/../lib/gcc/arm-none-eabi/4.5.2\libgcc.a(_divdi3.o)
 .data          0x0c106644        0x0 c:/eclipsearm/sourcery-g++-lite-arm-2011.03/bin/../lib/gcc/arm-none-eabi/4.5.2\libgcc.a(_udivdi3.o)
 .data          0x0c106644        0x0 c:/eclipsearm/sourcery-g++-lite-arm-2011.03/bin/../lib/gcc/arm-none-eabi/4.5.2\libgcc.a(_clzsi2.o)

.bss            0x0c106644     0x9613
 *(.bss)
 .bss           0x0c106644        0x0 ./lab10.o
 .bss           0x0c106644     0x9600 ../../BSP/Debug\libBSP.a(lcd.o)
 .bss           0x0c10fc44        0x0 ../../BSP/Debug\libBSP.a(system.o)
 .bss           0x0c10fc44        0x8 ../../BSP/Debug\libBSP.a(timers.o)
 .bss           0x0c10fc4c        0xa ../../BSP/Debug\libBSP.a(ts.o)
 .bss           0x0c10fc56        0x0 ../../BSP/Debug\libBSP.a(uart.o)
 .bss           0x0c10fc56        0x1 ../../BSP/Debug\libBSP.a(adc.o)
 .bss           0x0c10fc57        0x0 ../../BSP/Debug\libBSP.a(font8x16.o)
 .bss           0x0c10fc57        0x0 c:/eclipsearm/sourcery-g++-lite-arm-2011.03/bin/../lib/gcc/arm-none-eabi/4.5.2\libgcc.a(_udivsi3.o)
 .bss           0x0c10fc57        0x0 c:/eclipsearm/sourcery-g++-lite-arm-2011.03/bin/../lib/gcc/arm-none-eabi/4.5.2\libgcc.a(_divsi3.o)
 .bss           0x0c10fc57        0x0 c:/eclipsearm/sourcery-g++-lite-arm-2011.03/bin/../lib/gcc/arm-none-eabi/4.5.2\libgcc.a(_dvmd_tls.o)
 .bss           0x0c10fc57        0x0 c:/eclipsearm/sourcery-g++-lite-arm-2011.03/bin/../lib/gcc/arm-none-eabi/4.5.2\libgcc.a(_aeabi_uldivmod.o)
 .bss           0x0c10fc57        0x0 c:/eclipsearm/sourcery-g++-lite-arm-2011.03/bin/../lib/gcc/arm-none-eabi/4.5.2\libgcc.a(bpabi.o)
 .bss           0x0c10fc57        0x0 c:/eclipsearm/sourcery-g++-lite-arm-2011.03/bin/../lib/gcc/arm-none-eabi/4.5.2\libgcc.a(_divdi3.o)
 .bss           0x0c10fc57        0x0 c:/eclipsearm/sourcery-g++-lite-arm-2011.03/bin/../lib/gcc/arm-none-eabi/4.5.2\libgcc.a(_udivdi3.o)
 .bss           0x0c10fc57        0x0 c:/eclipsearm/sourcery-g++-lite-arm-2011.03/bin/../lib/gcc/arm-none-eabi/4.5.2\libgcc.a(_clzsi2.o)
                0x0c10fc57                end = .
OUTPUT(lab10.elf elf32-littlearm)

.debug_abbrev   0x00000000      0x655
 .debug_abbrev  0x00000000       0x74 ./lab10.o
 .debug_abbrev  0x00000074      0x15e ../../BSP/Debug\libBSP.a(lcd.o)
 .debug_abbrev  0x000001d2       0x89 ../../BSP/Debug\libBSP.a(system.o)
 .debug_abbrev  0x0000025b       0xdd ../../BSP/Debug\libBSP.a(timers.o)
 .debug_abbrev  0x00000338       0xf4 ../../BSP/Debug\libBSP.a(ts.o)
 .debug_abbrev  0x0000042c       0xf4 ../../BSP/Debug\libBSP.a(uart.o)
 .debug_abbrev  0x00000520       0xd2 ../../BSP/Debug\libBSP.a(adc.o)
 .debug_abbrev  0x000005f2       0x63 ../../BSP/Debug\libBSP.a(font8x16.o)

.debug_info     0x00000000     0x16e7
 .debug_info    0x00000000       0xc1 ./lab10.o
 .debug_info    0x000000c1      0x806 ../../BSP/Debug\libBSP.a(lcd.o)
 .debug_info    0x000008c7      0x390 ../../BSP/Debug\libBSP.a(system.o)
 .debug_info    0x00000c57      0x29d ../../BSP/Debug\libBSP.a(timers.o)
 .debug_info    0x00000ef4      0x336 ../../BSP/Debug\libBSP.a(ts.o)
 .debug_info    0x0000122a      0x2b2 ../../BSP/Debug\libBSP.a(uart.o)
 .debug_info    0x000014dc      0x176 ../../BSP/Debug\libBSP.a(adc.o)
 .debug_info    0x00001652       0x95 ../../BSP/Debug\libBSP.a(font8x16.o)

.debug_line     0x00000000      0xb45
 .debug_line    0x00000000      0x1ab ./lab10.o
 .debug_line    0x000001ab      0x271 ../../BSP/Debug\libBSP.a(lcd.o)
 .debug_line    0x0000041c      0x1f0 ../../BSP/Debug\libBSP.a(system.o)
 .debug_line    0x0000060c      0x173 ../../BSP/Debug\libBSP.a(timers.o)
 .debug_line    0x0000077f      0x19e ../../BSP/Debug\libBSP.a(ts.o)
 .debug_line    0x0000091d      0x109 ../../BSP/Debug\libBSP.a(uart.o)
 .debug_line    0x00000a26       0xc9 ../../BSP/Debug\libBSP.a(adc.o)
 .debug_line    0x00000aef       0x56 ../../BSP/Debug\libBSP.a(font8x16.o)

.debug_macinfo  0x00000000    0x22fa9
 .debug_macinfo
                0x00000000     0x4aed ./lab10.o
 .debug_macinfo
                0x00004aed     0x439b ../../BSP/Debug\libBSP.a(lcd.o)
 .debug_macinfo
                0x00008e88     0x530a ../../BSP/Debug\libBSP.a(system.o)
 .debug_macinfo
                0x0000e192     0x4c91 ../../BSP/Debug\libBSP.a(timers.o)
 .debug_macinfo
                0x00012e23     0x4e26 ../../BSP/Debug\libBSP.a(ts.o)
 .debug_macinfo
                0x00017c49     0x430d ../../BSP/Debug\libBSP.a(uart.o)
 .debug_macinfo
                0x0001bf56     0x4d1a ../../BSP/Debug\libBSP.a(adc.o)
 .debug_macinfo
                0x00020c70     0x2339 ../../BSP/Debug\libBSP.a(font8x16.o)

.debug_loc      0x00000000     0x115c
 .debug_loc     0x00000000       0x58 ./lab10.o
 .debug_loc     0x00000058      0x344 ../../BSP/Debug\libBSP.a(lcd.o)
 .debug_loc     0x0000039c      0x65c ../../BSP/Debug\libBSP.a(system.o)
 .debug_loc     0x000009f8      0x23c ../../BSP/Debug\libBSP.a(timers.o)
 .debug_loc     0x00000c34      0x268 ../../BSP/Debug\libBSP.a(ts.o)
 .debug_loc     0x00000e9c      0x18c ../../BSP/Debug\libBSP.a(uart.o)
 .debug_loc     0x00001028      0x134 ../../BSP/Debug\libBSP.a(adc.o)

.debug_pubnames
                0x00000000      0x6df
 .debug_pubnames
                0x00000000       0x2d ./lab10.o
 .debug_pubnames
                0x0000002d      0x143 ../../BSP/Debug\libBSP.a(lcd.o)
 .debug_pubnames
                0x00000170      0x29d ../../BSP/Debug\libBSP.a(system.o)
 .debug_pubnames
                0x0000040d       0xee ../../BSP/Debug\libBSP.a(timers.o)
 .debug_pubnames
                0x000004fb       0xb0 ../../BSP/Debug\libBSP.a(ts.o)
 .debug_pubnames
                0x000005ab       0xa7 ../../BSP/Debug\libBSP.a(uart.o)
 .debug_pubnames
                0x00000652       0x72 ../../BSP/Debug\libBSP.a(adc.o)
 .debug_pubnames
                0x000006c4       0x1b ../../BSP/Debug\libBSP.a(font8x16.o)

.debug_pubtypes
                0x00000000      0x177
 .debug_pubtypes
                0x00000000       0x1d ./lab10.o
 .debug_pubtypes
                0x0000001d       0x3c ../../BSP/Debug\libBSP.a(lcd.o)
 .debug_pubtypes
                0x00000059       0x27 ../../BSP/Debug\libBSP.a(system.o)
 .debug_pubtypes
                0x00000080       0x3d ../../BSP/Debug\libBSP.a(timers.o)
 .debug_pubtypes
                0x000000bd       0x32 ../../BSP/Debug\libBSP.a(ts.o)
 .debug_pubtypes
                0x000000ef       0x3a ../../BSP/Debug\libBSP.a(uart.o)
 .debug_pubtypes
                0x00000129       0x32 ../../BSP/Debug\libBSP.a(adc.o)
 .debug_pubtypes
                0x0000015b       0x1c ../../BSP/Debug\libBSP.a(font8x16.o)

.debug_aranges  0x00000000       0xe0
 .debug_aranges
                0x00000000       0x20 ./lab10.o
 .debug_aranges
                0x00000020       0x20 ../../BSP/Debug\libBSP.a(lcd.o)
 .debug_aranges
                0x00000040       0x20 ../../BSP/Debug\libBSP.a(system.o)
 .debug_aranges
                0x00000060       0x20 ../../BSP/Debug\libBSP.a(timers.o)
 .debug_aranges
                0x00000080       0x20 ../../BSP/Debug\libBSP.a(ts.o)
 .debug_aranges
                0x000000a0       0x20 ../../BSP/Debug\libBSP.a(uart.o)
 .debug_aranges
                0x000000c0       0x20 ../../BSP/Debug\libBSP.a(adc.o)

.debug_str      0x00000000      0x744
 .debug_str     0x00000000       0xc3 ./lab10.o
                                 0xdc (size before relaxing)
 .debug_str     0x000000c3      0x1a3 ../../BSP/Debug\libBSP.a(lcd.o)
                                0x22f (size before relaxing)
 .debug_str     0x00000266      0x23d ../../BSP/Debug\libBSP.a(system.o)
                                0x2ff (size before relaxing)
 .debug_str     0x000004a3       0xe5 ../../BSP/Debug\libBSP.a(timers.o)
                                0x1ae (size before relaxing)
 .debug_str     0x00000588       0xc1 ../../BSP/Debug\libBSP.a(ts.o)
                                0x18a (size before relaxing)
 .debug_str     0x00000649       0x91 ../../BSP/Debug\libBSP.a(uart.o)
                                0x163 (size before relaxing)
 .debug_str     0x000006da       0x58 ../../BSP/Debug\libBSP.a(adc.o)
                                0x127 (size before relaxing)
 .debug_str     0x00000732       0x12 ../../BSP/Debug\libBSP.a(font8x16.o)
                                 0xd2 (size before relaxing)

.comment        0x00000000       0x2a
 .comment       0x00000000       0x2a ./lab10.o
                                 0x2b (size before relaxing)
 .comment       0x00000000       0x2b ../../BSP/Debug\libBSP.a(lcd.o)
 .comment       0x00000000       0x2b ../../BSP/Debug\libBSP.a(system.o)
 .comment       0x00000000       0x2b ../../BSP/Debug\libBSP.a(timers.o)
 .comment       0x00000000       0x2b ../../BSP/Debug\libBSP.a(ts.o)
 .comment       0x00000000       0x2b ../../BSP/Debug\libBSP.a(uart.o)
 .comment       0x00000000       0x2b ../../BSP/Debug\libBSP.a(adc.o)
 .comment       0x00000000       0x2b ../../BSP/Debug\libBSP.a(font8x16.o)

.ARM.attributes
                0x00000000       0x32
 .ARM.attributes
                0x00000000       0x32 ./lab10.o
 .ARM.attributes
                0x00000032       0x32 ../../BSP/Debug\libBSP.a(lcd.o)
 .ARM.attributes
                0x00000064       0x32 ../../BSP/Debug\libBSP.a(system.o)
 .ARM.attributes
                0x00000096       0x32 ../../BSP/Debug\libBSP.a(timers.o)
 .ARM.attributes
                0x000000c8       0x32 ../../BSP/Debug\libBSP.a(ts.o)
 .ARM.attributes
                0x000000fa       0x32 ../../BSP/Debug\libBSP.a(uart.o)
 .ARM.attributes
                0x0000012c       0x32 ../../BSP/Debug\libBSP.a(adc.o)
 .ARM.attributes
                0x0000015e       0x32 ../../BSP/Debug\libBSP.a(font8x16.o)
 .ARM.attributes
                0x00000190       0x1a c:/eclipsearm/sourcery-g++-lite-arm-2011.03/bin/../lib/gcc/arm-none-eabi/4.5.2\libgcc.a(_udivsi3.o)
 .ARM.attributes
                0x000001aa       0x1a c:/eclipsearm/sourcery-g++-lite-arm-2011.03/bin/../lib/gcc/arm-none-eabi/4.5.2\libgcc.a(_divsi3.o)
 .ARM.attributes
                0x000001c4       0x18 c:/eclipsearm/sourcery-g++-lite-arm-2011.03/bin/../lib/gcc/arm-none-eabi/4.5.2\libgcc.a(_dvmd_tls.o)
 .ARM.attributes
                0x000001dc       0x1a c:/eclipsearm/sourcery-g++-lite-arm-2011.03/bin/../lib/gcc/arm-none-eabi/4.5.2\libgcc.a(_aeabi_uldivmod.o)
 .ARM.attributes
                0x000001f6       0x34 c:/eclipsearm/sourcery-g++-lite-arm-2011.03/bin/../lib/gcc/arm-none-eabi/4.5.2\libgcc.a(bpabi.o)
 .ARM.attributes
                0x0000022a       0x34 c:/eclipsearm/sourcery-g++-lite-arm-2011.03/bin/../lib/gcc/arm-none-eabi/4.5.2\libgcc.a(_divdi3.o)
 .ARM.attributes
                0x0000025e       0x34 c:/eclipsearm/sourcery-g++-lite-arm-2011.03/bin/../lib/gcc/arm-none-eabi/4.5.2\libgcc.a(_udivdi3.o)
 .ARM.attributes
                0x00000292       0x1a c:/eclipsearm/sourcery-g++-lite-arm-2011.03/bin/../lib/gcc/arm-none-eabi/4.5.2\libgcc.a(_clzsi2.o)

.debug_frame    0x00000000      0xfa0
 .debug_frame   0x00000000       0x50 ./lab10.o
 .debug_frame   0x00000050      0x270 ../../BSP/Debug\libBSP.a(lcd.o)
 .debug_frame   0x000002c0      0x630 ../../BSP/Debug\libBSP.a(system.o)
 .debug_frame   0x000008f0      0x1b8 ../../BSP/Debug\libBSP.a(timers.o)
 .debug_frame   0x00000aa8      0x1d0 ../../BSP/Debug\libBSP.a(ts.o)
 .debug_frame   0x00000c78      0x130 ../../BSP/Debug\libBSP.a(uart.o)
 .debug_frame   0x00000da8       0xf0 ../../BSP/Debug\libBSP.a(adc.o)
 .debug_frame   0x00000e98       0x20 c:/eclipsearm/sourcery-g++-lite-arm-2011.03/bin/../lib/gcc/arm-none-eabi/4.5.2\libgcc.a(_udivsi3.o)
 .debug_frame   0x00000eb8       0x20 c:/eclipsearm/sourcery-g++-lite-arm-2011.03/bin/../lib/gcc/arm-none-eabi/4.5.2\libgcc.a(_divsi3.o)
 .debug_frame   0x00000ed8       0x50 c:/eclipsearm/sourcery-g++-lite-arm-2011.03/bin/../lib/gcc/arm-none-eabi/4.5.2\libgcc.a(bpabi.o)
 .debug_frame   0x00000f28       0x3c c:/eclipsearm/sourcery-g++-lite-arm-2011.03/bin/../lib/gcc/arm-none-eabi/4.5.2\libgcc.a(_divdi3.o)
 .debug_frame   0x00000f64       0x3c c:/eclipsearm/sourcery-g++-lite-arm-2011.03/bin/../lib/gcc/arm-none-eabi/4.5.2\libgcc.a(_udivdi3.o)
