
Memory Configuration

Name             Origin             Length             Attributes
*default*        0x00000000         0xffffffff

Linker script and memory map

LOAD ./lab4.o
LOAD ./systemLab4.o
LOAD ./uart.o
LOAD ../../BSP/Debug\libBSP.a
START GROUP
LOAD c:/eclipsearm/sourcery-g++-lite-arm-2011.03/bin/../lib/gcc/arm-none-eabi/4.5.2\libgcc.a
LOAD c:/eclipsearm/sourcery-g++-lite-arm-2011.03/bin/../lib/gcc/arm-none-eabi/4.5.2/../../../../arm-none-eabi/lib\libc.a
END GROUP
                0x0c100000                . = 0xc100000

.text           0x0c100000      0x918
 *(.text)
 .text          0x0c100000      0x150 ./lab4.o
                0x0c100000                main
 .text          0x0c100150      0x228 ./systemLab4.o
                0x0c1002dc                sys_init
 .text          0x0c100378      0x5a0 ./uart.o
                0x0c100378                uart0_init
                0x0c1003dc                uart0_putchar
                0x0c10042c                uart0_getchar
                0x0c100474                uart0_puts
                0x0c1004c4                uart0_putint
                0x0c1005d8                uart0_puthex
                0x0c100690                uart0_gets
                0x0c1006fc                uart0_getint
                0x0c1007ec                uart0_gethex

.glue_7         0x0c100918        0x0
 .glue_7        0x00000000        0x0 linker stubs

.glue_7t        0x0c100918        0x0
 .glue_7t       0x00000000        0x0 linker stubs

.vfp11_veneer   0x0c100918        0x0
 .vfp11_veneer  0x00000000        0x0 linker stubs

.v4_bx          0x0c100918        0x0
 .v4_bx         0x00000000        0x0 linker stubs

.rodata         0x0c100918      0x104
 *(.rodata)
 .rodata        0x0c100918      0x104 ./lab4.o

.data           0x0c100a1c        0x0
 *(.data)
 .data          0x0c100a1c        0x0 ./lab4.o
 .data          0x0c100a1c        0x0 ./systemLab4.o
 .data          0x0c100a1c        0x0 ./uart.o

.bss            0x0c100a1c        0x0
 *(.bss)
 .bss           0x0c100a1c        0x0 ./lab4.o
 .bss           0x0c100a1c        0x0 ./systemLab4.o
 .bss           0x0c100a1c        0x0 ./uart.o
                0x0c100a1c                end = .
OUTPUT(lab4.elf elf32-littlearm)

.debug_abbrev   0x00000000      0x1c6
 .debug_abbrev  0x00000000       0x71 ./lab4.o
 .debug_abbrev  0x00000071       0x61 ./systemLab4.o
 .debug_abbrev  0x000000d2       0xf4 ./uart.o

.debug_info     0x00000000      0x416
 .debug_info    0x00000000       0xce ./lab4.o
 .debug_info    0x000000ce       0x96 ./systemLab4.o
 .debug_info    0x00000164      0x2b2 ./uart.o

.debug_line     0x00000000      0x29b
 .debug_line    0x00000000       0xf1 ./lab4.o
 .debug_line    0x000000f1       0xa5 ./systemLab4.o
 .debug_line    0x00000196      0x105 ./uart.o

.debug_macinfo  0x00000000     0xa97b
 .debug_macinfo
                0x00000000     0x235f ./lab4.o
 .debug_macinfo
                0x0000235f     0x430f ./systemLab4.o
 .debug_macinfo
                0x0000666e     0x430d ./uart.o

.debug_loc      0x00000000      0x210
 .debug_loc     0x00000000       0x2c ./lab4.o
 .debug_loc     0x0000002c       0x58 ./systemLab4.o
 .debug_loc     0x00000084      0x18c ./uart.o

.debug_pubnames
                0x00000000       0xe1
 .debug_pubnames
                0x00000000       0x1b ./lab4.o
 .debug_pubnames
                0x0000001b       0x1f ./systemLab4.o
 .debug_pubnames
                0x0000003a       0xa7 ./uart.o

.debug_pubtypes
                0x00000000       0x7e
 .debug_pubtypes
                0x00000000       0x27 ./lab4.o
 .debug_pubtypes
                0x00000027       0x1d ./systemLab4.o
 .debug_pubtypes
                0x00000044       0x3a ./uart.o

.debug_aranges  0x00000000       0x60
 .debug_aranges
                0x00000000       0x20 ./lab4.o
 .debug_aranges
                0x00000020       0x20 ./systemLab4.o
 .debug_aranges
                0x00000040       0x20 ./uart.o

.debug_str      0x00000000      0x169
 .debug_str     0x00000000       0xb3 ./lab4.o
                                 0xd7 (size before relaxing)
 .debug_str     0x000000b3       0x23 ./systemLab4.o
                                 0xe0 (size before relaxing)
 .debug_str     0x000000d6       0x93 ./uart.o
                                0x160 (size before relaxing)

.comment        0x00000000       0x2a
 .comment       0x00000000       0x2a ./lab4.o
                                 0x2b (size before relaxing)
 .comment       0x00000000       0x2b ./systemLab4.o
 .comment       0x00000000       0x2b ./uart.o

.ARM.attributes
                0x00000000       0x32
 .ARM.attributes
                0x00000000       0x32 ./lab4.o
 .ARM.attributes
                0x00000032       0x32 ./systemLab4.o
 .ARM.attributes
                0x00000064       0x32 ./uart.o

.debug_frame    0x00000000      0x1b0
 .debug_frame   0x00000000       0x30 ./lab4.o
 .debug_frame   0x00000030       0x50 ./systemLab4.o
 .debug_frame   0x00000080      0x130 ./uart.o
