Archive member included because of file (symbol)

../../BSP/Debug\libBSP.a(lcd.o)
                              ./lab7.o (lcd_init)
../../BSP/Debug\libBSP.a(system.o)
                              ./lab7.o (sys_init)
../../BSP/Debug\libBSP.a(uart.o)
                              ../../BSP/Debug\libBSP.a(system.o) (uart0_init)
../../BSP/Debug\libBSP.a(font8x16.o)
                              ../../BSP/Debug\libBSP.a(lcd.o) (font)

Memory Configuration

Name             Origin             Length             Attributes
*default*        0x00000000         0xffffffff

Linker script and memory map

LOAD ./lab7.o
LOAD ../../BSP/Debug\libBSP.a
START GROUP
LOAD c:/eclipsearm/sourcery-g++-lite-arm-2011.03/bin/../lib/gcc/arm-none-eabi/4.5.2\libgcc.a
LOAD c:/eclipsearm/sourcery-g++-lite-arm-2011.03/bin/../lib/gcc/arm-none-eabi/4.5.2/../../../../arm-none-eabi/lib\libc.a
END GROUP
                0x0c100000                . = 0xc100000

.text           0x0c100000     0x254c
 *(.text)
 .text          0x0c100000      0x1e0 ./lab7.o
                0x0c100000                main
                0x0c1001ac                delay
 .text          0x0c1001e0     0x1298 ../../BSP/Debug\libBSP.a(lcd.o)
                0x0c1001e0                lcd_init
                0x0c100364                lcd_on
                0x0c100390                lcd_off
                0x0c1003bc                lcd_status
                0x0c1003fc                lcd_clear
                0x0c100488                lcd_putpixel
                0x0c100574                lcd_getpixel
                0x0c100650                lcd_draw_hline
                0x0c100700                lcd_draw_vline
                0x0c1007b0                lcd_draw_box
                0x0c100868                lcd_putchar
                0x0c1009bc                lcd_puts
                0x0c100a80                lcd_putint
                0x0c100bcc                lcd_puthex
                0x0c100cac                lcd_putchar_x2
                0x0c10102c                lcd_puts_x2
                0x0c1010f0                lcd_putint_x2
                0x0c10123c                lcd_puthex_x2
                0x0c10131c                lcd_putWallpaper
 .text          0x0c101478      0xb34 ../../BSP/Debug\libBSP.a(system.o)
                0x0c101478                sys_init
                0x0c1019d8                isr_SWI_dummy
                0x0c101a04                isr_UNDEF_dummy
                0x0c101a30                isr_IRQ_dummy
                0x0c101a5c                isr_FIQ_dummy
                0x0c101a88                isr_PABORT_dummy
                0x0c101ab4                isr_DABORT_dummy
                0x0c101ae0                isr_ADC_dummy
                0x0c101b0c                isr_RTC_dummy
                0x0c101b38                isr_UTXD1_dummy
                0x0c101b64                isr_UTXD0_dummy
                0x0c101b90                isr_SIO_dummy
                0x0c101bbc                isr_IIC_dummy
                0x0c101be8                isr_URXD1_dummy
                0x0c101c14                isr_URXD0_dummy
                0x0c101c40                isr_TIMER5_dummy
                0x0c101c6c                isr_TIMER4_dummy
                0x0c101c98                isr_TIMER3_dummy
                0x0c101cc4                isr_TIMER2_dummy
                0x0c101cf0                isr_TIMER1_dummy
                0x0c101d1c                isr_TIMER0_dummy
                0x0c101d48                isr_UERR01_dummy
                0x0c101d74                isr_WDT_dummy
                0x0c101da0                isr_BDMA1_dummy
                0x0c101dcc                isr_BDMA0_dummy
                0x0c101df8                isr_ZDMA1_dummy
                0x0c101e24                isr_ZDMA0_dummy
                0x0c101e50                isr_TICK_dummy
                0x0c101e7c                isr_PB_dummy
                0x0c101ea8                isr_ETHERNET_dummy
                0x0c101ed4                isr_TS_dummy
                0x0c101f00                isr_KEYPAD_dummy
                0x0c101f2c                isr_USB_dummy
                0x0c101f7c                sleep
 .text          0x0c101fac      0x5a0 ../../BSP/Debug\libBSP.a(uart.o)
                0x0c101fac                uart0_init
                0x0c102010                uart0_putchar
                0x0c102060                uart0_getchar
                0x0c1020a8                uart0_puts
                0x0c1020f8                uart0_putint
                0x0c10220c                uart0_puthex
                0x0c1022c4                uart0_gets
                0x0c102330                uart0_getint
                0x0c102420                uart0_gethex
 .text          0x0c10254c        0x0 ../../BSP/Debug\libBSP.a(font8x16.o)

.glue_7         0x0c10254c        0x0
 .glue_7        0x00000000        0x0 linker stubs

.glue_7t        0x0c10254c        0x0
 .glue_7t       0x00000000        0x0 linker stubs

.vfp11_veneer   0x0c10254c        0x0
 .vfp11_veneer  0x00000000        0x0 linker stubs

.v4_bx          0x0c10254c        0x0
 .v4_bx         0x00000000        0x0 linker stubs

.rodata         0x0c10254c     0x1688
 *(.rodata)
 .rodata        0x0c10254c       0x94 ./lab7.o
 .rodata        0x0c1025e0      0x5f4 ../../BSP/Debug\libBSP.a(system.o)
 .rodata        0x0c102bd4     0x1000 ../../BSP/Debug\libBSP.a(font8x16.o)
                0x0c102bd4                font

.data           0x0c103bd4        0x0
 *(.data)
 .data          0x0c103bd4        0x0 ./lab7.o
 .data          0x0c103bd4        0x0 ../../BSP/Debug\libBSP.a(lcd.o)
 .data          0x0c103bd4        0x0 ../../BSP/Debug\libBSP.a(system.o)
 .data          0x0c103bd4        0x0 ../../BSP/Debug\libBSP.a(uart.o)
 .data          0x0c103bd4        0x0 ../../BSP/Debug\libBSP.a(font8x16.o)

.bss            0x0c103bd4     0x9600
 *(.bss)
 .bss           0x0c103bd4        0x0 ./lab7.o
 .bss           0x0c103bd4     0x9600 ../../BSP/Debug\libBSP.a(lcd.o)
 .bss           0x0c10d1d4        0x0 ../../BSP/Debug\libBSP.a(system.o)
 .bss           0x0c10d1d4        0x0 ../../BSP/Debug\libBSP.a(uart.o)
 .bss           0x0c10d1d4        0x0 ../../BSP/Debug\libBSP.a(font8x16.o)
                0x0c10d1d4                end = .
OUTPUT(lab7.elf elf32-littlearm)

.debug_abbrev   0x00000000      0x3b0
 .debug_abbrev  0x00000000       0x72 ./lab7.o
 .debug_abbrev  0x00000072      0x15e ../../BSP/Debug\libBSP.a(lcd.o)
 .debug_abbrev  0x000001d0       0x89 ../../BSP/Debug\libBSP.a(system.o)
 .debug_abbrev  0x00000259       0xf4 ../../BSP/Debug\libBSP.a(uart.o)
 .debug_abbrev  0x0000034d       0x63 ../../BSP/Debug\libBSP.a(font8x16.o)

.debug_info     0x00000000      0xf8b
 .debug_info    0x00000000       0xae ./lab7.o
 .debug_info    0x000000ae      0x806 ../../BSP/Debug\libBSP.a(lcd.o)
 .debug_info    0x000008b4      0x390 ../../BSP/Debug\libBSP.a(system.o)
 .debug_info    0x00000c44      0x2b2 ../../BSP/Debug\libBSP.a(uart.o)
 .debug_info    0x00000ef6       0x95 ../../BSP/Debug\libBSP.a(font8x16.o)

.debug_line     0x00000000      0x6e2
 .debug_line    0x00000000      0x122 ./lab7.o
 .debug_line    0x00000122      0x271 ../../BSP/Debug\libBSP.a(lcd.o)
 .debug_line    0x00000393      0x1f0 ../../BSP/Debug\libBSP.a(system.o)
 .debug_line    0x00000583      0x109 ../../BSP/Debug\libBSP.a(uart.o)
 .debug_line    0x0000068c       0x56 ../../BSP/Debug\libBSP.a(font8x16.o)

.debug_macinfo  0x00000000    0x14801
 .debug_macinfo
                0x00000000     0x4b16 ./lab7.o
 .debug_macinfo
                0x00004b16     0x439b ../../BSP/Debug\libBSP.a(lcd.o)
 .debug_macinfo
                0x00008eb1     0x530a ../../BSP/Debug\libBSP.a(system.o)
 .debug_macinfo
                0x0000e1bb     0x430d ../../BSP/Debug\libBSP.a(uart.o)
 .debug_macinfo
                0x000124c8     0x2339 ../../BSP/Debug\libBSP.a(font8x16.o)

.debug_loc      0x00000000      0xb84
 .debug_loc     0x00000000       0x58 ./lab7.o
 .debug_loc     0x00000058      0x344 ../../BSP/Debug\libBSP.a(lcd.o)
 .debug_loc     0x0000039c      0x65c ../../BSP/Debug\libBSP.a(system.o)
 .debug_loc     0x000009f8      0x18c ../../BSP/Debug\libBSP.a(uart.o)

.debug_pubnames
                0x00000000      0x4c7
 .debug_pubnames
                0x00000000       0x25 ./lab7.o
 .debug_pubnames
                0x00000025      0x143 ../../BSP/Debug\libBSP.a(lcd.o)
 .debug_pubnames
                0x00000168      0x29d ../../BSP/Debug\libBSP.a(system.o)
 .debug_pubnames
                0x00000405       0xa7 ../../BSP/Debug\libBSP.a(uart.o)
 .debug_pubnames
                0x000004ac       0x1b ../../BSP/Debug\libBSP.a(font8x16.o)

.debug_pubtypes
                0x00000000       0xe0
 .debug_pubtypes
                0x00000000       0x27 ./lab7.o
 .debug_pubtypes
                0x00000027       0x3c ../../BSP/Debug\libBSP.a(lcd.o)
 .debug_pubtypes
                0x00000063       0x27 ../../BSP/Debug\libBSP.a(system.o)
 .debug_pubtypes
                0x0000008a       0x3a ../../BSP/Debug\libBSP.a(uart.o)
 .debug_pubtypes
                0x000000c4       0x1c ../../BSP/Debug\libBSP.a(font8x16.o)

.debug_aranges  0x00000000       0x80
 .debug_aranges
                0x00000000       0x20 ./lab7.o
 .debug_aranges
                0x00000020       0x20 ../../BSP/Debug\libBSP.a(lcd.o)
 .debug_aranges
                0x00000040       0x20 ../../BSP/Debug\libBSP.a(system.o)
 .debug_aranges
                0x00000060       0x20 ../../BSP/Debug\libBSP.a(uart.o)

.debug_str      0x00000000      0x53c
 .debug_str     0x00000000       0xbf ./lab7.o
                                 0xd8 (size before relaxing)
 .debug_str     0x000000bf      0x19d ../../BSP/Debug\libBSP.a(lcd.o)
                                0x22f (size before relaxing)
 .debug_str     0x0000025c      0x23d ../../BSP/Debug\libBSP.a(system.o)
                                0x2ff (size before relaxing)
 .debug_str     0x00000499       0x91 ../../BSP/Debug\libBSP.a(uart.o)
                                0x163 (size before relaxing)
 .debug_str     0x0000052a       0x12 ../../BSP/Debug\libBSP.a(font8x16.o)
                                 0xd2 (size before relaxing)

.comment        0x00000000       0x2a
 .comment       0x00000000       0x2a ./lab7.o
                                 0x2b (size before relaxing)
 .comment       0x00000000       0x2b ../../BSP/Debug\libBSP.a(lcd.o)
 .comment       0x00000000       0x2b ../../BSP/Debug\libBSP.a(system.o)
 .comment       0x00000000       0x2b ../../BSP/Debug\libBSP.a(uart.o)
 .comment       0x00000000       0x2b ../../BSP/Debug\libBSP.a(font8x16.o)

.ARM.attributes
                0x00000000       0x32
 .ARM.attributes
                0x00000000       0x32 ./lab7.o
 .ARM.attributes
                0x00000032       0x32 ../../BSP/Debug\libBSP.a(lcd.o)
 .ARM.attributes
                0x00000064       0x32 ../../BSP/Debug\libBSP.a(system.o)
 .ARM.attributes
                0x00000096       0x32 ../../BSP/Debug\libBSP.a(uart.o)
 .ARM.attributes
                0x000000c8       0x32 ../../BSP/Debug\libBSP.a(font8x16.o)

.debug_frame    0x00000000      0xa24
 .debug_frame   0x00000000       0x54 ./lab7.o
 .debug_frame   0x00000054      0x270 ../../BSP/Debug\libBSP.a(lcd.o)
 .debug_frame   0x000002c4      0x630 ../../BSP/Debug\libBSP.a(system.o)
 .debug_frame   0x000008f4      0x130 ../../BSP/Debug\libBSP.a(uart.o)
